Component: Arm Compiler for Embedded 6.21 Tool: armlink [5ec1fa00]

==============================================================================

Section Cross References

    startup_stm32h7a3xxq.o(RESET) refers to startup_stm32h7a3xxq.o(STACK) for __initial_sp
    startup_stm32h7a3xxq.o(RESET) refers to startup_stm32h7a3xxq.o(.text) for Reset_Handler
    startup_stm32h7a3xxq.o(RESET) refers to stm32h7xx_it.o(.text.NMI_Handler) for NMI_Handler
    startup_stm32h7a3xxq.o(RESET) refers to stm32h7xx_it.o(.text.HardFault_Handler) for HardFault_Handler
    startup_stm32h7a3xxq.o(RESET) refers to stm32h7xx_it.o(.text.MemManage_Handler) for MemManage_Handler
    startup_stm32h7a3xxq.o(RESET) refers to stm32h7xx_it.o(.text.BusFault_Handler) for BusFault_Handler
    startup_stm32h7a3xxq.o(RESET) refers to stm32h7xx_it.o(.text.UsageFault_Handler) for UsageFault_Handler
    startup_stm32h7a3xxq.o(RESET) refers to port.o(.text.SVC_Handler) for SVC_Handler
    startup_stm32h7a3xxq.o(RESET) refers to stm32h7xx_it.o(.text.DebugMon_Handler) for DebugMon_Handler
    startup_stm32h7a3xxq.o(RESET) refers to port.o(.text.PendSV_Handler) for PendSV_Handler
    startup_stm32h7a3xxq.o(RESET) refers to cmsis_os2.o(.text.SysTick_Handler) for SysTick_Handler
    startup_stm32h7a3xxq.o(RESET) refers to stm32h7xx_it.o(.text.EXTI15_10_IRQHandler) for EXTI15_10_IRQHandler
    startup_stm32h7a3xxq.o(RESET) refers to stm32h7xx_it.o(.text.TIM6_DAC_IRQHandler) for TIM6_DAC_IRQHandler
    startup_stm32h7a3xxq.o(.text) refers to system_stm32h7xx.o(.text.ExitRun0Mode) for ExitRun0Mode
    startup_stm32h7a3xxq.o(.text) refers to system_stm32h7xx.o(.text.SystemInit) for SystemInit
    startup_stm32h7a3xxq.o(.text) refers to entry.o(.ARM.Collect$$$$00000000) for __main
    main.o(.text.fputc) refers to usart.o(.bss.huart3) for huart3
    main.o(.text.fputc) refers to stm32h7xx_hal_uart.o(.text.HAL_UART_Transmit) for HAL_UART_Transmit
    main.o(.ARM.exidx.text.fputc) refers to main.o(.text.fputc) for [Anonymous Symbol]
    main.o(.text.main) refers to stm32h7xx_hal_cortex.o(.text.HAL_MPU_Disable) for HAL_MPU_Disable
    main.o(.text.main) refers to stm32h7xx_hal_cortex.o(.text.HAL_MPU_ConfigRegion) for HAL_MPU_ConfigRegion
    main.o(.text.main) refers to stm32h7xx_hal_cortex.o(.text.HAL_MPU_Enable) for HAL_MPU_Enable
    main.o(.text.main) refers to stm32h7xx_hal.o(.text.HAL_Init) for HAL_Init
    main.o(.text.main) refers to main.o(.text.SystemClock_Config) for SystemClock_Config
    main.o(.text.main) refers to gpio.o(.text.MX_GPIO_Init) for MX_GPIO_Init
    main.o(.text.main) refers to usart.o(.text.MX_USART3_UART_Init) for MX_USART3_UART_Init
    main.o(.text.main) refers to cmsis_os2.o(.text.osKernelInitialize) for osKernelInitialize
    main.o(.text.main) refers to freertos.o(.text.MX_FREERTOS_Init) for MX_FREERTOS_Init
    main.o(.text.main) refers to cmsis_os2.o(.text.osKernelStart) for osKernelStart
    main.o(.ARM.exidx.text.main) refers to main.o(.text.main) for [Anonymous Symbol]
    main.o(.text.SystemClock_Config) refers to stm32h7xx_hal_pwr_ex.o(.text.HAL_PWREx_ConfigSupply) for HAL_PWREx_ConfigSupply
    main.o(.text.SystemClock_Config) refers to stm32h7xx_hal_rcc.o(.text.HAL_RCC_OscConfig) for HAL_RCC_OscConfig
    main.o(.text.SystemClock_Config) refers to stm32h7xx_hal_rcc.o(.text.HAL_RCC_ClockConfig) for HAL_RCC_ClockConfig
    main.o(.ARM.exidx.text.SystemClock_Config) refers to main.o(.text.SystemClock_Config) for [Anonymous Symbol]
    main.o(.ARM.exidx.text.Error_Handler) refers to main.o(.text.Error_Handler) for [Anonymous Symbol]
    main.o(.text.HAL_GPIO_EXTI_Callback) refers to stm32h7xx_hal.o(.text.HAL_GetTick) for HAL_GetTick
    main.o(.text.HAL_GPIO_EXTI_Callback) refers to main.o(.bss.HAL_GPIO_EXTI_Callback.last_button_tick) for HAL_GPIO_EXTI_Callback.last_button_tick
    main.o(.text.HAL_GPIO_EXTI_Callback) refers to app.o(.text.App_SendActivationFromISR) for App_SendActivationFromISR
    main.o(.ARM.exidx.text.HAL_GPIO_EXTI_Callback) refers to main.o(.text.HAL_GPIO_EXTI_Callback) for [Anonymous Symbol]
    main.o(.text.HAL_TIM_PeriodElapsedCallback) refers to stm32h7xx_hal.o(.text.HAL_IncTick) for HAL_IncTick
    main.o(.ARM.exidx.text.HAL_TIM_PeriodElapsedCallback) refers to main.o(.text.HAL_TIM_PeriodElapsedCallback) for [Anonymous Symbol]
    gpio.o(.text.MX_GPIO_Init) refers to stm32h7xx_hal_gpio.o(.text.HAL_GPIO_WritePin) for HAL_GPIO_WritePin
    gpio.o(.text.MX_GPIO_Init) refers to stm32h7xx_hal_gpio.o(.text.HAL_GPIO_Init) for HAL_GPIO_Init
    gpio.o(.text.MX_GPIO_Init) refers to stm32h7xx_hal_cortex.o(.text.HAL_NVIC_SetPriority) for HAL_NVIC_SetPriority
    gpio.o(.text.MX_GPIO_Init) refers to stm32h7xx_hal_cortex.o(.text.HAL_NVIC_EnableIRQ) for HAL_NVIC_EnableIRQ
    gpio.o(.ARM.exidx.text.MX_GPIO_Init) refers to gpio.o(.text.MX_GPIO_Init) for [Anonymous Symbol]
    freertos.o(.text.MX_FREERTOS_Init) refers to freertos.o(.rodata.queue_activation_attributes) for queue_activation_attributes
[...]
    _printf_charcount                        0x00000000   Number         0  printfstubs.o ABSOLUTE
    _printf_d                                0x00000000   Number         0  printfstubs.o ABSOLUTE
    _printf_e                                0x00000000   Number         0  printfstubs.o ABSOLUTE
    _printf_f                                0x00000000   Number         0  printfstubs.o ABSOLUTE
    _printf_flags                            0x00000000   Number         0  printfstubs.o ABSOLUTE
    _printf_fp_dec                           0x00000000   Number         0  printfstubs.o ABSOLUTE
    _printf_fp_hex                           0x00000000   Number         0  printfstubs.o ABSOLUTE
    _printf_g                                0x00000000   Number         0  printfstubs.o ABSOLUTE
    _printf_i                                0x00000000   Number         0  printfstubs.o ABSOLUTE
    _printf_int_dec                          0x00000000   Number         0  printfstubs.o ABSOLUTE
    _printf_l                                0x00000000   Number         0  printfstubs.o ABSOLUTE
    _printf_lc                               0x00000000   Number         0  printfstubs.o ABSOLUTE
    _printf_ll                               0x00000000   Number         0  printfstubs.o ABSOLUTE
    _printf_lld                              0x00000000   Number         0  printfstubs.o ABSOLUTE
    _printf_lli                              0x00000000   Number         0  printfstubs.o ABSOLUTE
    _printf_llo                              0x00000000   Number         0  printfstubs.o ABSOLUTE
    _printf_llu                              0x00000000   Number         0  printfstubs.o ABSOLUTE
    _printf_llx                              0x00000000   Number         0  printfstubs.o ABSOLUTE
    _printf_longlong_dec                     0x00000000   Number         0  printfstubs.o ABSOLUTE
    _printf_longlong_hex                     0x00000000   Number         0  printfstubs.o ABSOLUTE
    _printf_longlong_oct                     0x00000000   Number         0  printfstubs.o ABSOLUTE
    _printf_ls                               0x00000000   Number         0  printfstubs.o ABSOLUTE
    _printf_mbtowc                           0x00000000   Number         0  printfstubs.o ABSOLUTE
    _printf_n                                0x00000000   Number         0  printfstubs.o ABSOLUTE
    _printf_o                                0x00000000   Number         0  printfstubs.o ABSOLUTE
    _printf_p                                0x00000000   Number         0  printfstubs.o ABSOLUTE
    _printf_percent                          0x00000000   Number         0  printfstubs.o ABSOLUTE
    _printf_pre_padding                      0x00000000   Number         0  printfstubs.o ABSOLUTE
    _printf_return_value                     0x00000000   Number         0  printfstubs.o ABSOLUTE
    _printf_s                                0x00000000   Number         0  printfstubs.o ABSOLUTE
    _printf_sizespec                         0x00000000   Number         0  printfstubs.o ABSOLUTE
    _printf_str                              0x00000000   Number         0  printfstubs.o ABSOLUTE
    _printf_truncate_signed                  0x00000000   Number         0  printfstubs.o ABSOLUTE
    _printf_truncate_unsigned                0x00000000   Number         0  printfstubs.o ABSOLUTE
    _printf_u                                0x00000000   Number         0  printfstubs.o ABSOLUTE
    _printf_wc                               0x00000000   Number         0  printfstubs.o ABSOLUTE
    _printf_wctomb                           0x00000000   Number         0  printfstubs.o ABSOLUTE
    _printf_widthprec                        0x00000000   Number         0  printfstubs.o ABSOLUTE
    _printf_x                                0x00000000   Number         0  printfstubs.o ABSOLUTE
    __cpp_initialize__aeabi_                  - Undefined Weak Reference
    __cxa_finalize                            - Undefined Weak Reference
    __decompress                              - Undefined Weak Reference
    _clock_init                               - Undefined Weak Reference
    _microlib_exit                            - Undefined Weak Reference
    _scanf_longlong                           - Undefined Weak Reference
    _scanf_string                             - Undefined Weak Reference
    __Vectors_Size                           0x000002ac   Number         0  startup_stm32h7a3xxq.o ABSOLUTE
    __Vectors                                0x08000000   Data           4  startup_stm32h7a3xxq.o(RESET)
    __Vectors_End                            0x080002ac   Data           0  startup_stm32h7a3xxq.o(RESET)
    __main                                   0x080002ad   Thumb Code     0  entry.o(.ARM.Collect$$$$00000000)
    _main_stk                                0x080002ad   Thumb Code     0  entry2.o(.ARM.Collect$$$$00000001)
    _main_scatterload                        0x080002b1   Thumb Code     0  entry5.o(.ARM.Collect$$$$00000004)
    __main_after_scatterload                 0x080002b5   Thumb Code     0  entry5.o(.ARM.Collect$$$$00000004)
    _main_clock                              0x080002b5   Thumb Code     0  entry7b.o(.ARM.Collect$$$$00000008)
    _main_cpp_init                           0x080002b5   Thumb Code     0  entry8b.o(.ARM.Collect$$$$0000000A)
    _main_init                               0x080002b5   Thumb Code     0  entry9a.o(.ARM.Collect$$$$0000000B)
    __rt_final_cpp                           0x080002bd   Thumb Code     0  entry10a.o(.ARM.Collect$$$$0000000D)
    __rt_final_exit                          0x080002bd   Thumb Code     0  entry11a.o(.ARM.Collect$$$$0000000F)
    Reset_Handler                            0x080002c1   Thumb Code    12  startup_stm32h7a3xxq.o(.text)
    ADC_IRQHandler                           0x080002df   Thumb Code     0  startup_stm32h7a3xxq.o(.text)
    BDMA1_IRQHandler                         0x080002df   Thumb Code     0  startup_stm32h7a3xxq.o(.text)
    BDMA2_Channel0_IRQHandler                0x080002df   Thumb Code     0  startup_stm32h7a3xxq.o(.text)
    BDMA2_Channel1_IRQHandler                0x080002df   Thumb Code     0  startup_stm32h7a3xxq.o(.text)
    BDMA2_Channel2_IRQHandler                0x080002df   Thumb Code     0  startup_stm32h7a3xxq.o(.text)
    BDMA2_Channel3_IRQHandler                0x080002df   Thumb Code     0  startup_stm32h7a3xxq.o(.text)
    BDMA2_Channel4_IRQHandler                0x080002df   Thumb Code     0  startup_stm32h7a3xxq.o(.text)
    BDMA2_Channel5_IRQHandler                0x080002df   Thumb Code     0  startup_stm32h7a3xxq.o(.text)
    BDMA2_Channel6_IRQHandler                0x080002df   Thumb Code     0  startup_stm32h7a3xxq.o(.text)
    BDMA2_Channel7_IRQHandler                0x080002df   Thumb Code     0  startup_stm32h7a3xxq.o(.text)
    CEC_IRQHandler                           0x080002df   Thumb Code     0  startup_stm32h7a3xxq.o(.text)
    COMP_IRQHandler                          0x080002df   Thumb Code     0  startup_stm32h7a3xxq.o(.text)
    CRS_IRQHandler                           0x080002df   Thumb Code     0  startup_stm32h7a3xxq.o(.text)
    DAC2_IRQHandler                          0x080002df   Thumb Code     0  startup_stm32h7a3xxq.o(.text)
    DCMI_PSSI_IRQHandler                     0x080002df   Thumb Code     0  startup_stm32h7a3xxq.o(.text)
    DFSDM1_FLT0_IRQHandler                   0x080002df   Thumb Code     0  startup_stm32h7a3xxq.o(.text)
    DFSDM1_FLT1_IRQHandler                   0x080002df   Thumb Code     0  startup_stm32h7a3xxq.o(.text)
    DFSDM1_FLT2_IRQHandler                   0x080002df   Thumb Code     0  startup_stm32h7a3xxq.o(.text)
    DFSDM1_FLT3_IRQHandler                   0x080002df   Thumb Code     0  startup_stm32h7a3xxq.o(.text)
    DFSDM1_FLT4_IRQHandler                   0x080002df   Thumb Code     0  startup_stm32h7a3xxq.o(.text)
    DFSDM1_FLT5_IRQHandler                   0x080002df   Thumb Code     0  startup_stm32h7a3xxq.o(.text)
    DFSDM1_FLT6_IRQHandler                   0x080002df   Thumb Code     0  startup_stm32h7a3xxq.o(.text)
    DFSDM1_FLT7_IRQHandler                   0x080002df   Thumb Code     0  startup_stm32h7a3xxq.o(.text)
    DFSDM2_IRQHandler                        0x080002df   Thumb Code     0  startup_stm32h7a3xxq.o(.text)
    DMA1_Stream0_IRQHandler                  0x080002df   Thumb Code     0  startup_stm32h7a3xxq.o(.text)
    DMA1_Stream1_IRQHandler                  0x080002df   Thumb Code     0  startup_stm32h7a3xxq.o(.text)
    DMA1_Stream2_IRQHandler                  0x080002df   Thumb Code     0  startup_stm32h7a3xxq.o(.text)
    DMA1_Stream3_IRQHandler                  0x080002df   Thumb Code     0  startup_stm32h7a3xxq.o(.text)
    DMA1_Stream4_IRQHandler                  0x080002df   Thumb Code     0  startup_stm32h7a3xxq.o(.text)
    DMA1_Stream5_IRQHandler                  0x080002df   Thumb Code     0  startup_stm32h7a3xxq.o(.text)
    DMA1_Stream6_IRQHandler                  0x080002df   Thumb Code     0  startup_stm32h7a3xxq.o(.text)
    DMA1_Stream7_IRQHandler                  0x080002df   Thumb Code     0  startup_stm32h7a3xxq.o(.text)
    DMA2D_IRQHandler                         0x080002df   Thumb Code     0  startup_stm32h7a3xxq.o(.text)
    DMA2_Stream0_IRQHandler                  0x080002df   Thumb Code     0  startup_stm32h7a3xxq.o(.text)
    DMA2_Stream1_IRQHandler                  0x080002df   Thumb Code     0  startup_stm32h7a3xxq.o(.text)
    DMA2_Stream2_IRQHandler                  0x080002df   Thumb Code     0  startup_stm32h7a3xxq.o(.text)
    DMA2_Stream3_IRQHandler                  0x080002df   Thumb Code     0  startup_stm32h7a3xxq.o(.text)
    DMA2_Stream4_IRQHandler                  0x080002df   Thumb Code     0  startup_stm32h7a3xxq.o(.text)
    DMA2_Stream5_IRQHandler                  0x080002df   Thumb Code     0  startup_stm32h7a3xxq.o(.text)
    DMA2_Stream6_IRQHandler                  0x080002df   Thumb Code     0  startup_stm32h7a3xxq.o(.text)
    DMA2_Stream7_IRQHandler                  0x080002df   Thumb Code     0  startup_stm32h7a3xxq.o(.text)
    DMAMUX1_OVR_IRQHandler                   0x080002df   Thumb Code     0  startup_stm32h7a3xxq.o(.text)
    DMAMUX2_OVR_IRQHandler                   0x080002df   Thumb Code     0  startup_stm32h7a3xxq.o(.text)
    DTS_IRQHandler                           0x080002df   Thumb Code     0  startup_stm32h7a3xxq.o(.text)
    ECC_IRQHandler                           0x080002df   Thumb Code     0  startup_stm32h7a3xxq.o(.text)
    EXTI0_IRQHandler                         0x080002df   Thumb Code     0  startup_stm32h7a3xxq.o(.text)
    EXTI1_IRQHandler                         0x080002df   Thumb Code     0  startup_stm32h7a3xxq.o(.text)
    EXTI2_IRQHandler                         0x080002df   Thumb Code     0  startup_stm32h7a3xxq.o(.text)
    EXTI3_IRQHandler                         0x080002df   Thumb Code     0  startup_stm32h7a3xxq.o(.text)
    EXTI4_IRQHandler                         0x080002df   Thumb Code     0  startup_stm32h7a3xxq.o(.text)
    EXTI9_5_IRQHandler                       0x080002df   Thumb Code     0  startup_stm32h7a3xxq.o(.text)
    FDCAN1_IT0_IRQHandler                    0x080002df   Thumb Code     0  startup_stm32h7a3xxq.o(.text)
    FDCAN1_IT1_IRQHandler                    0x080002df   Thumb Code     0  startup_stm32h7a3xxq.o(.text)
    FDCAN2_IT0_IRQHandler                    0x080002df   Thumb Code     0  startup_stm32h7a3xxq.o(.text)
    FDCAN2_IT1_IRQHandler                    0x080002df   Thumb Code     0  startup_stm32h7a3xxq.o(.text)
    FDCAN_CAL_IRQHandler                     0x080002df   Thumb Code     0  startup_stm32h7a3xxq.o(.text)
    FLASH_IRQHandler                         0x080002df   Thumb Code     0  startup_stm32h7a3xxq.o(.text)
    FMC_IRQHandler                           0x080002df   Thumb Code     0  startup_stm32h7a3xxq.o(.text)
    FPU_IRQHandler                           0x080002df   Thumb Code     0  startup_stm32h7a3xxq.o(.text)
    GFXMMU_IRQHandler                        0x080002df   Thumb Code     0  startup_stm32h7a3xxq.o(.text)
    HSEM1_IRQHandler                         0x080002df   Thumb Code     0  startup_stm32h7a3xxq.o(.text)
    I2C1_ER_IRQHandler                       0x080002df   Thumb Code     0  startup_stm32h7a3xxq.o(.text)
    I2C1_EV_IRQHandler                       0x080002df   Thumb Code     0  startup_stm32h7a3xxq.o(.text)
    I2C2_ER_IRQHandler                       0x080002df   Thumb Code     0  startup_stm32h7a3xxq.o(.text)
    I2C2_EV_IRQHandler                       0x080002df   Thumb Code     0  startup_stm32h7a3xxq.o(.text)
    I2C3_ER_IRQHandler                       0x080002df   Thumb Code     0  startup_stm32h7a3xxq.o(.text)
    I2C3_EV_IRQHandler                       0x080002df   Thumb Code     0  startup_stm32h7a3xxq.o(.text)
    I2C4_ER_IRQHandler                       0x080002df   Thumb Code     0  startup_stm32h7a3xxq.o(.text)
    I2C4_EV_IRQHandler                       0x080002df   Thumb Code     0  startup_stm32h7a3xxq.o(.text)
    JPEG_IRQHandler                          0x080002df   Thumb Code     0  startup_stm32h7a3xxq.o(.text)
    LPTIM1_IRQHandler                        0x080002df   Thumb Code     0  startup_stm32h7a3xxq.o(.text)
    LPTIM2_IRQHandler                        0x080002df   Thumb Code     0  startup_stm32h7a3xxq.o(.text)
    LPTIM3_IRQHandler                        0x080002df   Thumb Code     0  startup_stm32h7a3xxq.o(.text)
    LPUART1_IRQHandler                       0x080002df   Thumb Code     0  startup_stm32h7a3xxq.o(.text)
    LTDC_ER_IRQHandler                       0x080002df   Thumb Code     0  startup_stm32h7a3xxq.o(.text)
    LTDC_IRQHandler                          0x080002df   Thumb Code     0  startup_stm32h7a3xxq.o(.text)
    MDIOS_IRQHandler                         0x080002df   Thumb Code     0  startup_stm32h7a3xxq.o(.text)
    MDIOS_WKUP_IRQHandler                    0x080002df   Thumb Code     0  startup_stm32h7a3xxq.o(.text)
    MDMA_IRQHandler                          0x080002df   Thumb Code     0  startup_stm32h7a3xxq.o(.text)
    OCTOSPI1_IRQHandler                      0x080002df   Thumb Code     0  startup_stm32h7a3xxq.o(.text)
    OCTOSPI2_IRQHandler                      0x080002df   Thumb Code     0  startup_stm32h7a3xxq.o(.text)
    OTG_HS_EP1_IN_IRQHandler                 0x080002df   Thumb Code     0  startup_stm32h7a3xxq.o(.text)
    OTG_HS_EP1_OUT_IRQHandler                0x080002df   Thumb Code     0  startup_stm32h7a3xxq.o(.text)
    OTG_HS_IRQHandler                        0x080002df   Thumb Code     0  startup_stm32h7a3xxq.o(.text)
    OTG_HS_WKUP_IRQHandler                   0x080002df   Thumb Code     0  startup_stm32h7a3xxq.o(.text)
    PVD_PVM_IRQHandler                       0x080002df   Thumb Code     0  startup_stm32h7a3xxq.o(.text)
    RCC_IRQHandler                           0x080002df   Thumb Code     0  startup_stm32h7a3xxq.o(.text)
    RNG_IRQHandler                           0x080002df   Thumb Code     0  startup_stm32h7a3xxq.o(.text)
    RTC_Alarm_IRQHandler                     0x080002df   Thumb Code     0  startup_stm32h7a3xxq.o(.text)
    RTC_TAMP_STAMP_CSS_LSE_IRQHandler        0x080002df   Thumb Code     0  startup_stm32h7a3xxq.o(.text)
    RTC_WKUP_IRQHandler                      0x080002df   Thumb Code     0  startup_stm32h7a3xxq.o(.text)
    SAI1_IRQHandler                          0x080002df   Thumb Code     0  startup_stm32h7a3xxq.o(.text)
    SAI2_IRQHandler                          0x080002df   Thumb Code     0  startup_stm32h7a3xxq.o(.text)
    SDMMC1_IRQHandler                        0x080002df   Thumb Code     0  startup_stm32h7a3xxq.o(.text)
    SDMMC2_IRQHandler                        0x080002df   Thumb Code     0  startup_stm32h7a3xxq.o(.text)
    SPDIF_RX_IRQHandler                      0x080002df   Thumb Code     0  startup_stm32h7a3xxq.o(.text)
    SPI1_IRQHandler                          0x080002df   Thumb Code     0  startup_stm32h7a3xxq.o(.text)
    SPI2_IRQHandler                          0x080002df   Thumb Code     0  startup_stm32h7a3xxq.o(.text)
    SPI3_IRQHandler                          0x080002df   Thumb Code     0  startup_stm32h7a3xxq.o(.text)
    SPI4_IRQHandler                          0x080002df   Thumb Code     0  startup_stm32h7a3xxq.o(.text)
    SPI5_IRQHandler                          0x080002df   Thumb Code     0  startup_stm32h7a3xxq.o(.text)
    SPI6_IRQHandler                          0x080002df   Thumb Code     0  startup_stm32h7a3xxq.o(.text)
    SWPMI1_IRQHandler                        0x080002df   Thumb Code     0  startup_stm32h7a3xxq.o(.text)
    TIM15_IRQHandler                         0x080002df   Thumb Code     0  startup_stm32h7a3xxq.o(.text)
    TIM16_IRQHandler                         0x080002df   Thumb Code     0  startup_stm32h7a3xxq.o(.text)
    TIM17_IRQHandler                         0x080002df   Thumb Code     0  startup_stm32h7a3xxq.o(.text)
    TIM1_BRK_IRQHandler                      0x080002df   Thumb Code     0  startup_stm32h7a3xxq.o(.text)
    TIM1_CC_IRQHandler                       0x080002df   Thumb Code     0  startup_stm32h7a3xxq.o(.text)
    TIM1_TRG_COM_IRQHandler                  0x080002df   Thumb Code     0  startup_stm32h7a3xxq.o(.text)
    TIM1_UP_IRQHandler                       0x080002df   Thumb Code     0  startup_stm32h7a3xxq.o(.text)
    TIM2_IRQHandler                          0x080002df   Thumb Code     0  startup_stm32h7a3xxq.o(.text)
    TIM3_IRQHandler                          0x080002df   Thumb Code     0  startup_stm32h7a3xxq.o(.text)
    TIM4_IRQHandler                          0x080002df   Thumb Code     0  startup_stm32h7a3xxq.o(.text)
    TIM5_IRQHandler                          0x080002df   Thumb Code     0  startup_stm32h7a3xxq.o(.text)
    TIM7_IRQHandler                          0x080002df   Thumb Code     0  startup_stm32h7a3xxq.o(.text)
    TIM8_BRK_TIM12_IRQHandler                0x080002df   Thumb Code     0  startup_stm32h7a3xxq.o(.text)
    TIM8_CC_IRQHandler                       0x080002df   Thumb Code     0  startup_stm32h7a3xxq.o(.text)
    TIM8_TRG_COM_TIM14_IRQHandler            0x080002df   Thumb Code     0  startup_stm32h7a3xxq.o(.text)
    TIM8_UP_TIM13_IRQHandler                 0x080002df   Thumb Code     0  startup_stm32h7a3xxq.o(.text)
    UART4_IRQHandler                         0x080002df   Thumb Code     0  startup_stm32h7a3xxq.o(.text)
    UART5_IRQHandler                         0x080002df   Thumb Code     0  startup_stm32h7a3xxq.o(.text)
    UART7_IRQHandler                         0x080002df   Thumb Code     0  startup_stm32h7a3xxq.o(.text)
    UART8_IRQHandler                         0x080002df   Thumb Code     0  startup_stm32h7a3xxq.o(.text)
    UART9_IRQHandler                         0x080002df   Thumb Code     0  startup_stm32h7a3xxq.o(.text)
    USART10_IRQHandler                       0x080002df   Thumb Code     0  startup_stm32h7a3xxq.o(.text)
    USART1_IRQHandler                        0x080002df   Thumb Code     0  startup_stm32h7a3xxq.o(.text)
    USART2_IRQHandler                        0x080002df   Thumb Code     0  startup_stm32h7a3xxq.o(.text)
    USART3_IRQHandler                        0x080002df   Thumb Code     0  startup_stm32h7a3xxq.o(.text)
    USART6_IRQHandler                        0x080002df   Thumb Code     0  startup_stm32h7a3xxq.o(.text)
    WAKEUP_PIN_IRQHandler                    0x080002df   Thumb Code     0  startup_stm32h7a3xxq.o(.text)
    WWDG_IRQHandler                          0x080002df   Thumb Code     0  startup_stm32h7a3xxq.o(.text)
    __aeabi_uldivmod                         0x080002ed   Thumb Code    98  uldiv.o(.text)
    __aeabi_memcpy                           0x0800034f   Thumb Code    36  memcpya.o(.text)
    __aeabi_memcpy4                          0x0800034f   Thumb Code     0  memcpya.o(.text)
    __aeabi_memcpy8                          0x0800034f   Thumb Code     0  memcpya.o(.text)
    __aeabi_memset                           0x08000373   Thumb Code    14  memseta.o(.text)
    __aeabi_memset4                          0x08000373   Thumb Code     0  memseta.o(.text)
    __aeabi_memset8                          0x08000373   Thumb Code     0  memseta.o(.text)
    __aeabi_memclr                           0x08000381   Thumb Code     4  memseta.o(.text)
    __aeabi_memclr4                          0x08000381   Thumb Code     0  memseta.o(.text)
    __aeabi_memclr8                          0x08000381   Thumb Code     0  memseta.o(.text)
    _memset$wrapper                          0x08000385   Thumb Code    18  memseta.o(.text)
    strstr                                   0x08000397   Thumb Code    36  strstr.o(.text)
    memcmp                                   0x080003bb   Thumb Code    26  memcmp.o(.text)
    strtok                                   0x080003d5   Thumb Code    62  strtok.o(.text)
    __0sscanf                                0x08000419   Thumb Code    48  __0sscanf.o(.text)
    _scanf_int                               0x08000451   Thumb Code   332  _scanf_int.o(.text)
    __aeabi_uidiv                            0x0800059d   Thumb Code     0  uidiv.o(.text)
    __aeabi_uidivmod                         0x0800059d   Thumb Code    44  uidiv.o(.text)
    __aeabi_llsl                             0x080005c9   Thumb Code    30  llshl.o(.text)
    _ll_shift_l                              0x080005c9   Thumb Code     0  llshl.o(.text)
    __aeabi_llsr                             0x080005e7   Thumb Code    32  llushr.o(.text)
    _ll_ushift_r                             0x080005e7   Thumb Code     0  llushr.o(.text)
    _chval                                   0x08000607   Thumb Code    28  _chval.o(.text)
    __vfscanf_char                           0x08000631   Thumb Code    20  scanf_char.o(.text)
    _sgetc                                   0x0800064d   Thumb Code    30  _sgetc.o(.text)
    _sbackspace                              0x0800066b   Thumb Code    34  _sgetc.o(.text)
    __strtod_int                             0x080006cb   Thumb Code    94  strtod.o(.text)
    __I$use$fp                               0x08000735   Thumb Code     0  iusefp.o(.text)
    __aeabi_dmul                             0x08000735   Thumb Code   228  dmul.o(.text)
    __aeabi_ddiv                             0x08000819   Thumb Code   222  ddiv.o(.text)
    __scatterload                            0x080008f9   Thumb Code    38  init.o(.text)
    __scatterload_rt2                        0x080008f9   Thumb Code     0  init.o(.text)
    isspace                                  0x08000929   Thumb Code    10  isspace_c.o(.text)
    __vfscanf                                0x08000935   Thumb Code   808  _scanf.o(.text)
    _scanf_real                              0x08000d89   Thumb Code     0  scanf_fp.o(.text)
    _scanf_really_real                       0x08000d89   Thumb Code   556  scanf_fp.o(.text)
    _double_round                            0x08000fc1   Thumb Code    30  depilogue.o(.text)
    _double_epilogue                         0x08000fdf   Thumb Code   156  depilogue.o(.text)
    __ctype_lookup                           0x0800107d   Thumb Code    34  ctype_c.o(.text)
    __aeabi_ul2d                             0x080010a5   Thumb Code    24  dfltul.o(.text)
    __aeabi_d2f                              0x080010bd   Thumb Code    56  d2f.o(.text)
    _float_round                             0x080010f5   Thumb Code    18  fepilogue.o(.text)
    _float_epilogue                          0x08001107   Thumb Code    92  fepilogue.o(.text)
    Air780E_Init                             0x08001169   Thumb Code   212  air780e.o(.text.Air780E_Init)
    Air780E_IsNetworkReady                   0x080012b9   Thumb Code    12  air780e.o(.text.Air780E_IsNetworkReady)
    Alarm_CheckEnv                           0x080012c9   Thumb Code    56  alarm.o(.text.Alarm_CheckEnv)
    Alarm_Init                               0x08001309   Thumb Code    52  alarm.o(.text.Alarm_Init)
    Alarm_SetActive                          0x08001369   Thumb Code    18  alarm.o(.text.Alarm_SetActive)
    Alarm_Task                               0x08001381   Thumb Code    72  alarm.o(.text.Alarm_Task)
    App_SendActivationFromISR                0x080013e1   Thumb Code    44  app.o(.text.App_SendActivationFromISR)
    App_Task4GMQTT                           0x08001411   Thumb Code    58  app.o(.text.App_Task4GMQTT)
    App_TaskAlarm                            0x08001451   Thumb Code    14  app.o(.text.App_TaskAlarm)
    App_TaskFlash                            0x08001461   Thumb Code    18  app.o(.text.App_TaskFlash)
    App_TaskGPS                              0x08001479   Thumb Code   128  app.o(.text.App_TaskGPS)
    App_TaskI2CSensors                       0x08001519   Thumb Code   172  app.o(.text.App_TaskI2CSensors)
    App_TaskStateMachine                     0x080015e9   Thumb Code   632  app.o(.text.App_TaskStateMachine)
    BusFault_Handler                         0x080018d1   Thumb Code     2  stm32h7xx_it.o(.text.BusFault_Handler)
    DebugMon_Handler                         0x080018d9   Thumb Code     2  stm32h7xx_it.o(.text.DebugMon_Handler)
    EXTI15_10_IRQHandler                     0x080018e1   Thumb Code     8  stm32h7xx_it.o(.text.EXTI15_10_IRQHandler)
    Error_Handler                            0x080018e9   Thumb Code     6  main.o(.text.Error_Handler)
    ExitRun0Mode                             0x080018f1   Thumb Code    44  system_stm32h7xx.o(.text.ExitRun0Mode)
    GPS_GetLocation                          0x08001921   Thumb Code  1080  gps.o(.text.GPS_GetLocation)
    GPS_Init                                 0x08001d89   Thumb Code    12  gps.o(.text.GPS_Init)
    HAL_GPIO_EXTI_Callback                   0x08001d99   Thumb Code    48  main.o(.text.HAL_GPIO_EXTI_Callback)
    HAL_GPIO_EXTI_IRQHandler                 0x08001dc9   Thumb Code    20  stm32h7xx_hal_gpio.o(.text.HAL_GPIO_EXTI_IRQHandler)
    HAL_GPIO_Init                            0x08001de1   Thumb Code   454  stm32h7xx_hal_gpio.o(.text.HAL_GPIO_Init)
    HAL_GPIO_TogglePin                       0x08001fa9   Thumb Code    16  stm32h7xx_hal_gpio.o(.text.HAL_GPIO_TogglePin)
    HAL_GPIO_WritePin                        0x08001fb9   Thumb Code    10  stm32h7xx_hal_gpio.o(.text.HAL_GPIO_WritePin)
    HAL_GetTick                              0x08001fc9   Thumb Code    12  stm32h7xx_hal.o(.text.HAL_GetTick)
    HAL_IncTick                              0x08001fd9   Thumb Code    26  stm32h7xx_hal.o(.text.HAL_IncTick)
    HAL_Init                                 0x08001ff9   Thumb Code   100  stm32h7xx_hal.o(.text.HAL_Init)
    HAL_InitTick                             0x08002061   Thumb Code   168  stm32h7xx_hal_timebase_tim.o(.text.HAL_InitTick)
    HAL_MPU_ConfigRegion                     0x08002109   Thumb Code    94  stm32h7xx_hal_cortex.o(.text.HAL_MPU_ConfigRegion)
    HAL_MPU_Disable                          0x08002169   Thumb Code    26  stm32h7xx_hal_cortex.o(.text.HAL_MPU_Disable)
    HAL_MPU_Enable                           0x08002189   Thumb Code    32  stm32h7xx_hal_cortex.o(.text.HAL_MPU_Enable)
    HAL_MspInit                              0x080021a9   Thumb Code    42  stm32h7xx_hal_msp.o(.text.HAL_MspInit)
    HAL_NVIC_EnableIRQ                       0x080021d9   Thumb Code    34  stm32h7xx_hal_cortex.o(.text.HAL_NVIC_EnableIRQ)
    HAL_NVIC_SetPriority                     0x08002201   Thumb Code    90  stm32h7xx_hal_cortex.o(.text.HAL_NVIC_SetPriority)
    HAL_NVIC_SetPriorityGrouping             0x08002261   Thumb Code    32  stm32h7xx_hal_cortex.o(.text.HAL_NVIC_SetPriorityGrouping)
    HAL_PWREx_ConfigSupply                   0x08002281   Thumb Code   132  stm32h7xx_hal_pwr_ex.o(.text.HAL_PWREx_ConfigSupply)
    HAL_RCCEx_GetD3PCLK1Freq                 0x08002309   Thumb Code    38  stm32h7xx_hal_rcc_ex.o(.text.HAL_RCCEx_GetD3PCLK1Freq)
    HAL_RCCEx_GetPLL2ClockFreq               0x08002331   Thumb Code   284  stm32h7xx_hal_rcc_ex.o(.text.HAL_RCCEx_GetPLL2ClockFreq)
    HAL_RCCEx_GetPLL3ClockFreq               0x08002461   Thumb Code   284  stm32h7xx_hal_rcc_ex.o(.text.HAL_RCCEx_GetPLL3ClockFreq)
    HAL_RCCEx_PeriphCLKConfig                0x08002591   Thumb Code  2760  stm32h7xx_hal_rcc_ex.o(.text.HAL_RCCEx_PeriphCLKConfig)
    HAL_RCC_ClockConfig                      0x08003059   Thumb Code   616  stm32h7xx_hal_rcc.o(.text.HAL_RCC_ClockConfig)
    HAL_RCC_GetClockConfig                   0x080032c1   Thumb Code    88  stm32h7xx_hal_rcc.o(.text.HAL_RCC_GetClockConfig)
    HAL_RCC_GetHCLKFreq                      0x08003319   Thumb Code    76  stm32h7xx_hal_rcc.o(.text.HAL_RCC_GetHCLKFreq)
    HAL_RCC_GetPCLK1Freq                     0x08003369   Thumb Code    96  stm32h7xx_hal_rcc.o(.text.HAL_RCC_GetPCLK1Freq)
    HAL_RCC_GetPCLK2Freq                     0x080033c9   Thumb Code    96  stm32h7xx_hal_rcc.o(.text.HAL_RCC_GetPCLK2Freq)
    HAL_RCC_GetSysClockFreq                  0x08003429   Thumb Code   264  stm32h7xx_hal_rcc.o(.text.HAL_RCC_GetSysClockFreq)
    HAL_RCC_OscConfig                        0x08003541   Thumb Code  1424  stm32h7xx_hal_rcc.o(.text.HAL_RCC_OscConfig)
    HAL_TIMEx_Break2Callback                 0x08003ad1   Thumb Code     2  stm32h7xx_hal_tim_ex.o(.text.HAL_TIMEx_Break2Callback)
    HAL_TIMEx_BreakCallback                  0x08003ad9   Thumb Code     2  stm32h7xx_hal_tim_ex.o(.text.HAL_TIMEx_BreakCallback)
    HAL_TIMEx_CommutCallback                 0x08003ae1   Thumb Code     2  stm32h7xx_hal_tim_ex.o(.text.HAL_TIMEx_CommutCallback)
    HAL_TIM_Base_Init                        0x08003ae9   Thumb Code    96  stm32h7xx_hal_tim.o(.text.HAL_TIM_Base_Init)
    HAL_TIM_Base_MspInit                     0x08003b49   Thumb Code     2  stm32h7xx_hal_tim.o(.text.HAL_TIM_Base_MspInit)
    HAL_TIM_Base_Start_IT                    0x08003b51   Thumb Code   180  stm32h7xx_hal_tim.o(.text.HAL_TIM_Base_Start_IT)
    HAL_TIM_IC_CaptureCallback               0x08003c09   Thumb Code     2  stm32h7xx_hal_tim.o(.text.HAL_TIM_IC_CaptureCallback)
    HAL_TIM_IRQHandler                       0x08003c11   Thumb Code   364  stm32h7xx_hal_tim.o(.text.HAL_TIM_IRQHandler)
    HAL_TIM_OC_DelayElapsedCallback          0x08003d81   Thumb Code     2  stm32h7xx_hal_tim.o(.text.HAL_TIM_OC_DelayElapsedCallback)
    HAL_TIM_PWM_PulseFinishedCallback        0x08003d89   Thumb Code     2  stm32h7xx_hal_tim.o(.text.HAL_TIM_PWM_PulseFinishedCallback)
    HAL_TIM_PeriodElapsedCallback            0x08003d91   Thumb Code    20  main.o(.text.HAL_TIM_PeriodElapsedCallback)
    HAL_TIM_TriggerCallback                  0x08003da9   Thumb Code     2  stm32h7xx_hal_tim.o(.text.HAL_TIM_TriggerCallback)
    HAL_UARTEx_DisableFifoMode               0x08003db1   Thumb Code    54  stm32h7xx_hal_uart_ex.o(.text.HAL_UARTEx_DisableFifoMode)
    HAL_UARTEx_SetRxFifoThreshold            0x08003de9   Thumb Code   144  stm32h7xx_hal_uart_ex.o(.text.HAL_UARTEx_SetRxFifoThreshold)
    HAL_UARTEx_SetTxFifoThreshold            0x08003e79   Thumb Code   144  stm32h7xx_hal_uart_ex.o(.text.HAL_UARTEx_SetTxFifoThreshold)
    HAL_UART_Init                            0x08003f09   Thumb Code   100  stm32h7xx_hal_uart.o(.text.HAL_UART_Init)
    HAL_UART_MspInit                         0x08003f71   Thumb Code   134  usart.o(.text.HAL_UART_MspInit)
    HAL_UART_Transmit                        0x08003ff9   Thumb Code   332  stm32h7xx_hal_uart.o(.text.HAL_UART_Transmit)
    HardFault_Handler                        0x08004149   Thumb Code     2  stm32h7xx_it.o(.text.HardFault_Handler)
    MQTT_Init                                0x08004151   Thumb Code    92  mqtt.o(.text.MQTT_Init)
    MQTT_PollCommand                         0x08004219   Thumb Code   168  mqtt.o(.text.MQTT_PollCommand)
    MQTT_PublishTelemetry                    0x08004331   Thumb Code   152  mqtt.o(.text.MQTT_PublishTelemetry)
    MX_FREERTOS_Init                         0x08004431   Thumb Code   210  freertos.o(.text.MX_FREERTOS_Init)
    MX_GPIO_Init                             0x08004509   Thumb Code   236  gpio.o(.text.MX_GPIO_Init)
    MX_USART3_UART_Init                      0x080045f9   Thumb Code   124  usart.o(.text.MX_USART3_UART_Init)
    MemManage_Handler                        0x08004679   Thumb Code     2  stm32h7xx_it.o(.text.MemManage_Handler)
    NMI_Handler                              0x08004681   Thumb Code     2  stm32h7xx_it.o(.text.NMI_Handler)
    PN532_Init                               0x08004689   Thumb Code    12  pn532.o(.text.PN532_Init)
    PN532_ReadCard                           0x08004699   Thumb Code    76  pn532.o(.text.PN532_ReadCard)
    PendSV_Handler                           0x08004721   Thumb Code   100  port.o(.text.PendSV_Handler)
    Power_EnterStopStub                      0x08004789   Thumb Code     8  power.o(.text.Power_EnterStopStub)
    Power_Init                               0x080047c9   Thumb Code     8  power.o(.text.Power_Init)
    SHT31_Init                               0x08004a49   Thumb Code    28  sht31.o(.text.SHT31_Init)
    SHT31_ReadHumidity                       0x08004a69   Thumb Code    24  sht31.o(.text.SHT31_ReadHumidity)
    SHT31_ReadTemperature                    0x08004a89   Thumb Code    20  sht31.o(.text.SHT31_ReadTemperature)
    SVC_Handler                              0x08004aa1   Thumb Code    36  port.o(.text.SVC_Handler)
    StartTask_4G_MQTT                        0x08004ac9   Thumb Code     4  freertos.o(.text.StartTask_4G_MQTT)
    StartTask_Alarm                          0x08004ad1   Thumb Code     4  freertos.o(.text.StartTask_Alarm)
    StartTask_Flash                          0x08004ad9   Thumb Code     4  freertos.o(.text.StartTask_Flash)
    StartTask_GPS                            0x08004ae1   Thumb Code     4  freertos.o(.text.StartTask_GPS)
    StartTask_I2C_Sensors                    0x08004ae9   Thumb Code     4  freertos.o(.text.StartTask_I2C_Sensors)
    StartTask_StateMachine                   0x08004af1   Thumb Code     4  freertos.o(.text.StartTask_StateMachine)
    StateMachine_Init                        0x08004af9   Thumb Code    28  state_machine.o(.text.StateMachine_Init)
    StateMachine_Set                         0x08004b31   Thumb Code    88  state_machine.o(.text.StateMachine_Set)
    SysTick_Handler                          0x08004ba9   Thumb Code    30  cmsis_os2.o(.text.SysTick_Handler)
    SystemClock_Config                       0x08004bc9   Thumb Code   216  main.o(.text.SystemClock_Config)
    SystemInit                               0x08004ca1   Thumb Code   212  system_stm32h7xx.o(.text.SystemInit)
    TIM6_DAC_IRQHandler                      0x08004d79   Thumb Code    12  stm32h7xx_it.o(.text.TIM6_DAC_IRQHandler)
    TIM_Base_SetConfig                       0x08004d89   Thumb Code   346  stm32h7xx_hal_tim.o(.text.TIM_Base_SetConfig)
    UART_AdvFeatureConfig                    0x08004ee9   Thumb Code   224  stm32h7xx_hal_uart.o(.text.UART_AdvFeatureConfig)
    UART_CheckIdleState                      0x08004fc9   Thumb Code   374  stm32h7xx_hal_uart.o(.text.UART_CheckIdleState)
    UART_SetConfig                           0x08005141   Thumb Code  1172  stm32h7xx_hal_uart.o(.text.UART_SetConfig)
    UART_WaitOnFlagUntilTimeout              0x080055e1   Thumb Code   856  stm32h7xx_hal_uart.o(.text.UART_WaitOnFlagUntilTimeout)
    UsageFault_Handler                       0x08005939   Thumb Code     2  stm32h7xx_it.o(.text.UsageFault_Handler)
    W25Q128_Init                             0x08005941   Thumb Code    12  w25q128.o(.text.W25Q128_Init)
    W25Q128_Task                             0x08005951   Thumb Code     8  w25q128.o(.text.W25Q128_Task)
    W25Q128_WriteTelemetry                   0x08005979   Thumb Code    36  w25q128.o(.text.W25Q128_WriteTelemetry)
    fputc                                    0x080059c9   Thumb Code    32  main.o(.text.fputc)
    main                                     0x080059e9   Thumb Code    70  main.o(.text.main)
    osDelay                                  0x08005a31   Thumb Code    60  cmsis_os2.o(.text.osDelay)
    osKernelGetTickCount                     0x08005a71   Thumb Code    50  cmsis_os2.o(.text.osKernelGetTickCount)
    osKernelInitialize                       0x08005aa9   Thumb Code    80  cmsis_os2.o(.text.osKernelInitialize)
    osKernelStart                            0x08005af9   Thumb Code    94  cmsis_os2.o(.text.osKernelStart)
    osMessageQueueGet                        0x08005b59   Thumb Code   168  cmsis_os2.o(.text.osMessageQueueGet)
    osMessageQueueNew                        0x08005c01   Thumb Code   170  cmsis_os2.o(.text.osMessageQueueNew)
    osMessageQueuePut                        0x08005cb1   Thumb Code   192  cmsis_os2.o(.text.osMessageQueuePut)
    osMessageQueueReset                      0x08005d71   Thumb Code    70  cmsis_os2.o(.text.osMessageQueueReset)
    osThreadNew                              0x08005db9   Thumb Code   230  cmsis_os2.o(.text.osThreadNew)
    pvPortMalloc                             0x080067c1   Thumb Code   508  heap_4.o(.text.pvPortMalloc)
    pxPortInitialiseStack                    0x080069c1   Thumb Code    44  port.o(.text.pxPortInitialiseStack)
    uxListRemove                             0x080069f1   Thumb Code    42  list.o(.text.uxListRemove)
    uxTaskGetNumberOfTasks                   0x08006a21   Thumb Code    12  tasks.o(.text.uxTaskGetNumberOfTasks)
    vApplicationGetIdleTaskMemory            0x08006a31   Thumb Code    26  cmsis_os2.o(.text.vApplicationGetIdleTaskMemory)
    vApplicationGetTimerTaskMemory           0x08006a51   Thumb Code    28  cmsis_os2.o(.text.vApplicationGetTimerTaskMemory)
    vListInitialise                          0x08006a71   Thumb Code    22  list.o(.text.vListInitialise)
    vListInitialiseItem                      0x08006a89   Thumb Code     6  list.o(.text.vListInitialiseItem)
    vListInsert                              0x08006a91   Thumb Code    98  list.o(.text.vListInsert)
    vPortEnterCritical                       0x08006b11   Thumb Code    82  port.o(.text.vPortEnterCritical)
    vPortExitCritical                        0x08006b69   Thumb Code    50  port.o(.text.vPortExitCritical)
    vPortFree                                0x08006ba1   Thumb Code   224  heap_4.o(.text.vPortFree)
    vPortSetupTimerInterrupt                 0x08006c81   Thumb Code    52  port.o(.text.vPortSetupTimerInterrupt)
    vPortValidateInterruptPriority           0x08006cb9   Thumb Code   102  port.o(.text.vPortValidateInterruptPriority)
    vQueueAddToRegistry                      0x08006d21   Thumb Code   366  queue.o(.text.vQueueAddToRegistry)
    vQueueWaitForMessageRestricted           0x08006e91   Thumb Code   100  queue.o(.text.vQueueWaitForMessageRestricted)
    vTaskDelay                               0x08006ef9   Thumb Code   154  tasks.o(.text.vTaskDelay)
    vTaskInternalSetTimeOutState             0x08006f99   Thumb Code    18  tasks.o(.text.vTaskInternalSetTimeOutState)
    vTaskMissedYield                         0x08006fb1   Thumb Code    14  tasks.o(.text.vTaskMissedYield)
    vTaskPlaceOnEventList                    0x08006fc1   Thumb Code    58  tasks.o(.text.vTaskPlaceOnEventList)
    vTaskPlaceOnEventListRestricted          0x08007001   Thumb Code   166  tasks.o(.text.vTaskPlaceOnEventListRestricted)
    vTaskStartScheduler                      0x080070a9   Thumb Code   272  tasks.o(.text.vTaskStartScheduler)
    vTaskSuspendAll                          0x080071c1   Thumb Code    16  tasks.o(.text.vTaskSuspendAll)
    vTaskSwitchContext                       0x080071d1   Thumb Code   188  tasks.o(.text.vTaskSwitchContext)
    xPortStartScheduler                      0x08007291   Thumb Code   386  port.o(.text.xPortStartScheduler)
    xPortSysTickHandler                      0x08007419   Thumb Code    50  port.o(.text.xPortSysTickHandler)
    xQueueGenericCreate                      0x08007451   Thumb Code   154  queue.o(.text.xQueueGenericCreate)
    xQueueGenericCreateStatic                0x080074f1   Thumb Code   228  queue.o(.text.xQueueGenericCreateStatic)
    xQueueGenericReset                       0x080075d9   Thumb Code   180  queue.o(.text.xQueueGenericReset)
    xQueueGenericSend                        0x08007691   Thumb Code   720  queue.o(.text.xQueueGenericSend)
    xQueueGenericSendFromISR                 0x08007961   Thumb Code   392  queue.o(.text.xQueueGenericSendFromISR)
    xQueueReceive                            0x08007ae9   Thumb Code   586  queue.o(.text.xQueueReceive)
    xQueueReceiveFromISR                     0x08007d39   Thumb Code   272  queue.o(.text.xQueueReceiveFromISR)
    xTaskCheckForTimeOut                     0x08007e49   Thumb Code   158  tasks.o(.text.xTaskCheckForTimeOut)
    xTaskCreate                              0x08007ee9   Thumb Code    96  tasks.o(.text.xTaskCreate)
    xTaskCreateStatic                        0x08007f49   Thumb Code   170  tasks.o(.text.xTaskCreateStatic)
    xTaskGetSchedulerState                   0x08007ff9   Thumb Code    28  tasks.o(.text.xTaskGetSchedulerState)
    xTaskGetTickCount                        0x08008019   Thumb Code    12  tasks.o(.text.xTaskGetTickCount)
    xTaskGetTickCountFromISR                 0x08008029   Thumb Code    18  tasks.o(.text.xTaskGetTickCountFromISR)
    xTaskIncrementTick                       0x08008041   Thumb Code   386  tasks.o(.text.xTaskIncrementTick)
    xTaskPriorityDisinherit                  0x080081c9   Thumb Code   174  tasks.o(.text.xTaskPriorityDisinherit)
    xTaskRemoveFromEventList                 0x08008279   Thumb Code   248  tasks.o(.text.xTaskRemoveFromEventList)
    xTaskResumeAll                           0x08008371   Thumb Code   326  tasks.o(.text.xTaskResumeAll)
    xTimerCreateTimerTask                    0x080084b9   Thumb Code   176  timers.o(.text.xTimerCreateTimerTask)
    __0printf$6                              0x08008571   Thumb Code    22  printf6.o(i.__0printf$6)
    __1printf$6                              0x08008571   Thumb Code     0  printf6.o(i.__0printf$6)
    __2printf                                0x08008571   Thumb Code     0  printf6.o(i.__0printf$6)
    __0snprintf$6                            0x08008591   Thumb Code    48  printf6.o(i.__0snprintf$6)
    __1snprintf$6                            0x08008591   Thumb Code     0  printf6.o(i.__0snprintf$6)
    __2snprintf                              0x08008591   Thumb Code     0  printf6.o(i.__0snprintf$6)
    __hardfp_atof                            0x080085c9   Thumb Code    46  atof.o(i.__hardfp_atof)
    __read_errno                             0x08008601   Thumb Code     6  errno.o(i.__read_errno)
    __scatterload_copy                       0x0800860d   Thumb Code    14  handlers.o(i.__scatterload_copy)
    __scatterload_null                       0x0800861b   Thumb Code     2  handlers.o(i.__scatterload_null)
    __scatterload_zeroinit                   0x0800861d   Thumb Code    14  handlers.o(i.__scatterload_zeroinit)
    __set_errno                              0x0800862d   Thumb Code     6  errno.o(i.__set_errno)
    _is_digit                                0x08008639   Thumb Code    14  scanf_fp.o(i._is_digit)
    puts                                     0x080089a1   Thumb Code    30  puts.o(i.puts)
    __ctype_categories                       0x080089c4   Data          64  ctype_c.o(.constdata)
    D1CorePrescTable                         0x08008a30   Data          16  system_stm32h7xx.o(.rodata.D1CorePrescTable)
    Task_4G_MQTT_attributes                  0x08008a40   Data          36  freertos.o(.rodata.Task_4G_MQTT_attributes)
    Task_Alarm_attributes                    0x08008a64   Data          36  freertos.o(.rodata.Task_Alarm_attributes)
    Task_Flash_attributes                    0x08008a88   Data          36  freertos.o(.rodata.Task_Flash_attributes)
    Task_GPS_attributes                      0x08008aac   Data          36  freertos.o(.rodata.Task_GPS_attributes)
    Task_I2C_Sensor_attributes               0x08008ad0   Data          36  freertos.o(.rodata.Task_I2C_Sensor_attributes)
    Task_StateMachi_attributes               0x08008af4   Data          36  freertos.o(.rodata.Task_StateMachi_attributes)
    UARTPrescTable                           0x08008b18   Data          24  stm32h7xx_hal_uart.o(.rodata.UARTPrescTable)
    queue_activation_attributes              0x08008b40   Data          24  freertos.o(.rodata.queue_activation_attributes)
    queue_cloud_cmd_attributes               0x08008b58   Data          24  freertos.o(.rodata.queue_cloud_cmd_attributes)
    queue_sensor_data_attributes             0x08008b70   Data          24  freertos.o(.rodata.queue_sensor_data_attributes)
    uxTopUsedPriority                        0x08008f88   Data           4  tasks.o(.rodata.uxTopUsedPriority)
    Region$$Table$$Base                      0x08008f8c   Number         0  anon$$obj.o(Region$$Table)
    Region$$Table$$Limit                     0x08008fac   Number         0  anon$$obj.o(Region$$Table)
    __stdout                                 0x24000004   Data           4  stdout.o(.data)
    uwTickFreq                               0x2400000c   Data           1  stm32h7xx_hal.o(.data..L_MergedGlobals)
    uwTickPrio                               0x24000010   Data           4  stm32h7xx_hal.o(.data..L_MergedGlobals)
    SystemCoreClock                          0x24000014   Data           4  system_stm32h7xx.o(.data..L_MergedGlobals)
    SystemD2Clock                            0x24000018   Data           4  system_stm32h7xx.o(.data..L_MergedGlobals)
    queue_activationHandle                   0x24000030   Data           4  freertos.o(.bss..L_MergedGlobals)
    queue_sensor_dataHandle                  0x24000034   Data           4  freertos.o(.bss..L_MergedGlobals)
    queue_cloud_cmdHandle                    0x24000038   Data           4  freertos.o(.bss..L_MergedGlobals)
    Task_StateMachiHandle                    0x2400003c   Data           4  freertos.o(.bss..L_MergedGlobals)
    Task_4G_MQTTHandle                       0x24000040   Data           4  freertos.o(.bss..L_MergedGlobals)
    Task_I2C_SensorHandle                    0x24000044   Data           4  freertos.o(.bss..L_MergedGlobals)
    Task_GPSHandle                           0x24000048   Data           4  freertos.o(.bss..L_MergedGlobals)
    Task_FlashHandle                         0x2400004c   Data           4  freertos.o(.bss..L_MergedGlobals)
    Task_AlarmHandle                         0x24000050   Data           4  freertos.o(.bss..L_MergedGlobals)
    htim6                                    0x24000190   Data          76  stm32h7xx_hal_timebase_tim.o(.bss.htim6)
    huart3                                   0x240001dc   Data         148  usart.o(.bss.huart3)
    pxCurrentTCB                             0x24000364   Data           4  tasks.o(.bss.pxCurrentTCB)
    uwTick                                   0x240043cc   Data           4  stm32h7xx_hal.o(.bss.uwTick)
    xQueueRegistry                           0x24004a8c   Data          64  queue.o(.bss.xQueueRegistry)
    __initial_sp                             0x24004ed0   Data           0  startup_stm32h7a3xxq.o(STACK)



==============================================================================

Memory Map of the image

  Image Entry point : 0x080002ad

  Load Region LR_IROM1 (Base: 0x08000000, Size: 0x00008fe0, Max: 0x00200000, ABSOLUTE)

    Execution Region ER_IROM1 (Exec base: 0x08000000, Load base: 0x08000000, Size: 0x00008fac, Max: 0x00200000, ABSOLUTE)

    Exec Addr    Load Addr    Size         Type   Attr      Idx    E Section Name        Object

    0x08000000   0x08000000   0x000002ac   Data   RO            3    RESET               startup_stm32h7a3xxq.o
    0x080002ac   0x080002ac   0x00000000   Code   RO         2256  * .ARM.Collect$$$$00000000  mc_w.l(entry.o)
    0x080002ac   0x080002ac   0x00000004   Code   RO         2546    .ARM.Collect$$$$00000001  mc_w.l(entry2.o)
    0x080002b0   0x080002b0   0x00000004   Code   RO         2549    .ARM.Collect$$$$00000004  mc_w.l(entry5.o)
    0x080002b4   0x080002b4   0x00000000   Code   RO         2551    .ARM.Collect$$$$00000008  mc_w.l(entry7b.o)
    0x080002b4   0x080002b4   0x00000000   Code   RO         2553    .ARM.Collect$$$$0000000A  mc_w.l(entry8b.o)
    0x080002b4   0x080002b4   0x00000008   Code   RO         2554    .ARM.Collect$$$$0000000B  mc_w.l(entry9a.o)
    0x080002bc   0x080002bc   0x00000000   Code   RO         2556    .ARM.Collect$$$$0000000D  mc_w.l(entry10a.o)
    0x080002bc   0x080002bc   0x00000000   Code   RO         2558    .ARM.Collect$$$$0000000F  mc_w.l(entry11a.o)
    0x080002bc   0x080002bc   0x00000004   Code   RO         2547    .ARM.Collect$$$$00002712  mc_w.l(entry2.o)
    0x080002c0   0x080002c0   0x0000002c   Code   RO            4    .text               startup_stm32h7a3xxq.o
    0x080002ec   0x080002ec   0x00000062   Code   RO         2263    .text               mc_w.l(uldiv.o)
    0x0800034e   0x0800034e   0x00000024   Code   RO         2265    .text               mc_w.l(memcpya.o)
    0x08000372   0x08000372   0x00000024   Code   RO         2267    .text               mc_w.l(memseta.o)
    0x08000396   0x08000396   0x00000024   Code   RO         2269    .text               mc_w.l(strstr.o)
    0x080003ba   0x080003ba   0x0000001a   Code   RO         2271    .text               mc_w.l(memcmp.o)
    0x080003d4   0x080003d4   0x00000044   Code   RO         2273    .text               mc_w.l(strtok.o)
    0x08000418   0x08000418   0x00000038   Code   RO         2542    .text               mc_w.l(__0sscanf.o)
    0x08000450   0x08000450   0x0000014c   Code   RO         2544    .text               mc_w.l(_scanf_int.o)
    0x0800059c   0x0800059c   0x0000002c   Code   RO         2570    .text               mc_w.l(uidiv.o)
    0x080005c8   0x080005c8   0x0000001e   Code   RO         2572    .text               mc_w.l(llshl.o)
    0x080005e6   0x080005e6   0x00000020   Code   RO         2574    .text               mc_w.l(llushr.o)
    0x08000606   0x08000606   0x0000001c   Code   RO         2583    .text               mc_w.l(_chval.o)
    0x08000622   0x08000622   0x00000002   PAD
    0x08000624   0x08000624   0x00000028   Code   RO         2585    .text               mc_w.l(scanf_char.o)
    0x0800064c   0x0800064c   0x00000040   Code   RO         2587    .text               mc_w.l(_sgetc.o)
    0x0800068c   0x0800068c   0x000000a8   Code   RO         2589    .text               mc_w.l(strtod.o)
    0x08000734   0x08000734   0x00000000   Code   RO         2591    .text               mc_w.l(iusefp.o)
    0x08000734   0x08000734   0x000000e4   Code   RO         2594    .text               mf_w.l(dmul.o)
    0x08000818   0x08000818   0x000000de   Code   RO         2596    .text               mf_w.l(ddiv.o)
    0x080008f6   0x080008f6   0x00000002   PAD
    0x080008f8   0x080008f8   0x00000030   Code   RO         2602    .text               mc_w.l(init.o)
    0x08000928   0x08000928   0x0000000a   Code   RO         2606    .text               mc_w.l(isspace_c.o)
    0x08000932   0x08000932   0x00000002   PAD
    0x08000934   0x08000934   0x0000032c   Code   RO         2608    .text               mc_w.l(_scanf.o)
    0x08000c60   0x08000c60   0x00000360   Code   RO         2610    .text               mc_w.l(scanf_fp.o)
    0x08000fc0   0x08000fc0   0x000000ba   Code   RO         2614    .text               mf_w.l(depilogue.o)
    0x0800107a   0x0800107a   0x00000002   PAD
    0x0800107c   0x0800107c   0x00000028   Code   RO         2616    .text               mc_w.l(ctype_c.o)
    0x080010a4   0x080010a4   0x00000018   Code   RO         2619    .text               mf_w.l(dfltul.o)
    0x080010bc   0x080010bc   0x00000038   Code   RO         2621    .text               mf_w.l(d2f.o)
    0x080010f4   0x080010f4   0x0000006e   Code   RO         2623    .text               mf_w.l(fepilogue.o)
    0x08001162   0x08001162   0x00000006   PAD
    0x08001168   0x08001168   0x00000150   Code   RO          253    .text.Air780E_Init  air780e.o
    0x080012b8   0x080012b8   0x0000000c   Code   RO          255    .text.Air780E_IsNetworkReady  air780e.o
    0x080012c4   0x080012c4   0x00000004   PAD
    0x080012c8   0x080012c8   0x0000003c   Code   RO          182    .text.Alarm_CheckEnv  alarm.o
    0x08001304   0x08001304   0x00000004   PAD
    0x08001308   0x08001308   0x00000060   Code   RO          180    .text.Alarm_Init    alarm.o
    0x08001368   0x08001368   0x00000012   Code   RO          184    .text.Alarm_SetActive  alarm.o
    0x0800137a   0x0800137a   0x00000006   PAD
    0x08001380   0x08001380   0x0000005c   Code   RO          186    .text.Alarm_Task    alarm.o
    0x080013dc   0x080013dc   0x00000004   PAD
    0x080013e0   0x080013e0   0x0000002c   Code   RO          137    .text.App_SendActivationFromISR  app.o
    0x0800140c   0x0800140c   0x00000004   PAD
    0x08001410   0x08001410   0x0000003a   Code   RO          145    .text.App_Task4GMQTT  app.o
    0x0800144a   0x0800144a   0x00000006   PAD
    0x08001450   0x08001450   0x0000000e   Code   RO          149    .text.App_TaskAlarm  app.o
    0x0800145e   0x0800145e   0x00000002   PAD
    0x08001460   0x08001460   0x00000012   Code   RO          147    .text.App_TaskFlash  app.o
    0x08001472   0x08001472   0x00000006   PAD
    0x08001478   0x08001478   0x0000009c   Code   RO          143    .text.App_TaskGPS   app.o
    0x08001514   0x08001514   0x00000004   PAD
    0x08001518   0x08001518   0x000000d0   Code   RO          141    .text.App_TaskI2CSensors  app.o
    0x080015e8   0x080015e8   0x000002e4   Code   RO          139    .text.App_TaskStateMachine  app.o
    0x080018cc   0x080018cc   0x00000004   PAD
    0x080018d0   0x080018d0   0x00000002   Code   RO           96    .text.BusFault_Handler  stm32h7xx_it.o
    0x080018d2   0x080018d2   0x00000006   PAD
    0x080018d8   0x080018d8   0x00000002   Code   RO          100    .text.DebugMon_Handler  stm32h7xx_it.o
    0x080018da   0x080018da   0x00000006   PAD
    0x080018e0   0x080018e0   0x00000008   Code   RO          102    .text.EXTI15_10_IRQHandler  stm32h7xx_it.o
    0x080018e8   0x080018e8   0x00000006   Code   RO           17    .text.Error_Handler  main.o
    0x080018ee   0x080018ee   0x00000002   PAD
    0x080018f0   0x080018f0   0x0000002c   Code   RO         1648    .text.ExitRun0Mode  system_stm32h7xx.o
    0x0800191c   0x0800191c   0x00000004   PAD
    0x08001920   0x08001920   0x00000468   Code   RO          240    .text.GPS_GetLocation  gps.o
    0x08001d88   0x08001d88   0x0000000c   Code   RO          238    .text.GPS_Init      gps.o
    0x08001d94   0x08001d94   0x00000004   PAD
    0x08001d98   0x08001d98   0x00000030   Code   RO           19    .text.HAL_GPIO_EXTI_Callback  main.o
    0x08001dc8   0x08001dc8   0x00000014   Code   RO          858    .text.HAL_GPIO_EXTI_IRQHandler  stm32h7xx_hal_gpio.o
    0x08001ddc   0x08001ddc   0x00000004   PAD
    0x08001de0   0x08001de0   0x000001c6   Code   RO          846    .text.HAL_GPIO_Init  stm32h7xx_hal_gpio.o
    0x08001fa6   0x08001fa6   0x00000002   PAD
    0x08001fa8   0x08001fa8   0x00000010   Code   RO          854    .text.HAL_GPIO_TogglePin  stm32h7xx_hal_gpio.o
    0x08001fb8   0x08001fb8   0x0000000a   Code   RO          852    .text.HAL_GPIO_WritePin  stm32h7xx_hal_gpio.o
    0x08001fc2   0x08001fc2   0x00000006   PAD
    0x08001fc8   0x08001fc8   0x0000000c   Code   RO         1162    .text.HAL_GetTick   stm32h7xx_hal.o
    0x08001fd4   0x08001fd4   0x00000004   PAD
    0x08001fd8   0x08001fd8   0x0000001a   Code   RO         1160    .text.HAL_IncTick   stm32h7xx_hal.o
    0x08001ff2   0x08001ff2   0x00000006   PAD
    0x08001ff8   0x08001ff8   0x00000064   Code   RO         1150    .text.HAL_Init      stm32h7xx_hal.o
    0x0800205c   0x0800205c   0x00000004   PAD
    0x08002060   0x08002060   0x000000a8   Code   RO          122    .text.HAL_InitTick  stm32h7xx_hal_timebase_tim.o
    0x08002108   0x08002108   0x0000005e   Code   RO          653    .text.HAL_MPU_ConfigRegion  stm32h7xx_hal_cortex.o
    0x08002166   0x08002166   0x00000002   PAD
    0x08002168   0x08002168   0x0000001a   Code   RO          645    .text.HAL_MPU_Disable  stm32h7xx_hal_cortex.o
    0x08002182   0x08002182   0x00000006   PAD
    0x08002188   0x08002188   0x00000020   Code   RO          647    .text.HAL_MPU_Enable  stm32h7xx_hal_cortex.o
    0x080021a8   0x080021a8   0x0000002a   Code   RO          113    .text.HAL_MspInit   stm32h7xx_hal_msp.o
    0x080021d2   0x080021d2   0x00000006   PAD
    0x080021d8   0x080021d8   0x00000022   Code   RO          635    .text.HAL_NVIC_EnableIRQ  stm32h7xx_hal_cortex.o
    0x080021fa   0x080021fa   0x00000006   PAD
    0x08002200   0x08002200   0x0000005a   Code   RO          633    .text.HAL_NVIC_SetPriority  stm32h7xx_hal_cortex.o
    0x0800225a   0x0800225a   0x00000006   PAD
    0x08002260   0x08002260   0x00000020   Code   RO          631    .text.HAL_NVIC_SetPriorityGrouping  stm32h7xx_hal_cortex.o
    0x08002280   0x08002280   0x00000084   Code   RO         1050    .text.HAL_PWREx_ConfigSupply  stm32h7xx_hal_pwr_ex.o
    0x08002304   0x08002304   0x00000004   PAD
    0x08002308   0x08002308   0x00000026   Code   RO          735    .text.HAL_RCCEx_GetD3PCLK1Freq  stm32h7xx_hal_rcc_ex.o
    0x0800232e   0x0800232e   0x00000002   PAD
    0x08002330   0x08002330   0x0000012c   Code   RO          731    .text.HAL_RCCEx_GetPLL2ClockFreq  stm32h7xx_hal_rcc_ex.o
    0x0800245c   0x0800245c   0x00000004   PAD
    0x08002460   0x08002460   0x0000012c   Code   RO          733    .text.HAL_RCCEx_GetPLL3ClockFreq  stm32h7xx_hal_rcc_ex.o
    0x0800258c   0x0800258c   0x00000004   PAD
    0x08002590   0x08002590   0x00000ac8   Code   RO          719    .text.HAL_RCCEx_PeriphCLKConfig  stm32h7xx_hal_rcc_ex.o
    0x08003058   0x08003058   0x00000268   Code   RO          687    .text.HAL_RCC_ClockConfig  stm32h7xx_hal_rcc.o
    0x080032c0   0x080032c0   0x00000058   Code   RO          705    .text.HAL_RCC_GetClockConfig  stm32h7xx_hal_rcc.o
    0x08003318   0x08003318   0x0000004c   Code   RO          697    .text.HAL_RCC_GetHCLKFreq  stm32h7xx_hal_rcc.o
    0x08003364   0x08003364   0x00000004   PAD
    0x08003368   0x08003368   0x00000060   Code   RO          699    .text.HAL_RCC_GetPCLK1Freq  stm32h7xx_hal_rcc.o
    0x080033c8   0x080033c8   0x00000060   Code   RO          701    .text.HAL_RCC_GetPCLK2Freq  stm32h7xx_hal_rcc.o
    0x08003428   0x08003428   0x00000118   Code   RO          689    .text.HAL_RCC_GetSysClockFreq  stm32h7xx_hal_rcc.o
    0x08003540   0x08003540   0x00000590   Code   RO          685    .text.HAL_RCC_OscConfig  stm32h7xx_hal_rcc.o
    0x08003ad0   0x08003ad0   0x00000002   Code   RO          617    .text.HAL_TIMEx_Break2Callback  stm32h7xx_hal_tim_ex.o
    0x08003ad2   0x08003ad2   0x00000006   PAD
    0x08003ad8   0x08003ad8   0x00000002   Code   RO          615    .text.HAL_TIMEx_BreakCallback  stm32h7xx_hal_tim_ex.o
    0x08003ada   0x08003ada   0x00000006   PAD
    0x08003ae0   0x08003ae0   0x00000002   Code   RO          611    .text.HAL_TIMEx_CommutCallback  stm32h7xx_hal_tim_ex.o
    0x08003ae2   0x08003ae2   0x00000006   PAD
    0x08003ae8   0x08003ae8   0x00000060   Code   RO          300    .text.HAL_TIM_Base_Init  stm32h7xx_hal_tim.o
    0x08003b48   0x08003b48   0x00000002   Code   RO          302    .text.HAL_TIM_Base_MspInit  stm32h7xx_hal_tim.o
    0x08003b4a   0x08003b4a   0x00000006   PAD
    0x08003b50   0x08003b50   0x000000b4   Code   RO          314    .text.HAL_TIM_Base_Start_IT  stm32h7xx_hal_tim.o
    0x08003c04   0x08003c04   0x00000004   PAD
    0x08003c08   0x08003c08   0x00000002   Code   RO          436    .text.HAL_TIM_IC_CaptureCallback  stm32h7xx_hal_tim.o
    0x08003c0a   0x08003c0a   0x00000006   PAD
    0x08003c10   0x08003c10   0x0000016c   Code   RO          434    .text.HAL_TIM_IRQHandler  stm32h7xx_hal_tim.o
    0x08003d7c   0x08003d7c   0x00000004   PAD
    0x08003d80   0x08003d80   0x00000002   Code   RO          438    .text.HAL_TIM_OC_DelayElapsedCallback  stm32h7xx_hal_tim.o
    0x08003d82   0x08003d82   0x00000006   PAD
    0x08003d88   0x08003d88   0x00000002   Code   RO          440    .text.HAL_TIM_PWM_PulseFinishedCallback  stm32h7xx_hal_tim.o
    0x08003d8a   0x08003d8a   0x00000006   PAD
    0x08003d90   0x08003d90   0x00000014   Code   RO           21    .text.HAL_TIM_PeriodElapsedCallback  main.o
    0x08003da4   0x08003da4   0x00000004   PAD
    0x08003da8   0x08003da8   0x00000002   Code   RO          444    .text.HAL_TIM_TriggerCallback  stm32h7xx_hal_tim.o
    0x08003daa   0x08003daa   0x00000006   PAD
    0x08003db0   0x08003db0   0x00000036   Code   RO         1621    .text.HAL_UARTEx_DisableFifoMode  stm32h7xx_hal_uart_ex.o
    0x08003de6   0x08003de6   0x00000002   PAD
    0x08003de8   0x08003de8   0x00000090   Code   RO         1625    .text.HAL_UARTEx_SetRxFifoThreshold  stm32h7xx_hal_uart_ex.o
    0x08003e78   0x08003e78   0x00000090   Code   RO         1623    .text.HAL_UARTEx_SetTxFifoThreshold  stm32h7xx_hal_uart_ex.o
    0x08003f08   0x08003f08   0x00000064   Code   RO         1458    .text.HAL_UART_Init  stm32h7xx_hal_uart.o
    0x08003f6c   0x08003f6c   0x00000004   PAD
    0x08003f70   0x08003f70   0x00000086   Code   RO           77    .text.HAL_UART_MspInit  usart.o
    0x08003ff6   0x08003ff6   0x00000002   PAD
    0x08003ff8   0x08003ff8   0x0000014c   Code   RO         1478    .text.HAL_UART_Transmit  stm32h7xx_hal_uart.o
    0x08004144   0x08004144   0x00000004   PAD
    0x08004148   0x08004148   0x00000002   Code   RO           92    .text.HardFault_Handler  stm32h7xx_it.o
    0x0800414a   0x0800414a   0x00000006   PAD
    0x08004150   0x08004150   0x000000c4   Code   RO          267    .text.MQTT_Init     mqtt.o
    0x08004214   0x08004214   0x00000004   PAD
    0x08004218   0x08004218   0x00000118   Code   RO          271    .text.MQTT_PollCommand  mqtt.o
    0x08004330   0x08004330   0x000000fc   Code   RO          269    .text.MQTT_PublishTelemetry  mqtt.o
    0x0800442c   0x0800442c   0x00000004   PAD
    0x08004430   0x08004430   0x000000d2   Code   RO           43    .text.MX_FREERTOS_Init  freertos.o
    0x08004502   0x08004502   0x00000006   PAD
    0x08004508   0x08004508   0x000000ec   Code   RO           33    .text.MX_GPIO_Init  gpio.o
    0x080045f4   0x080045f4   0x00000004   PAD
    0x080045f8   0x080045f8   0x0000007c   Code   RO           75    .text.MX_USART3_UART_Init  usart.o
    0x08004674   0x08004674   0x00000004   PAD
    0x08004678   0x08004678   0x00000002   Code   RO           94    .text.MemManage_Handler  stm32h7xx_it.o
    0x0800467a   0x0800467a   0x00000006   PAD
    0x08004680   0x08004680   0x00000002   Code   RO           90    .text.NMI_Handler   stm32h7xx_it.o
    0x08004682   0x08004682   0x00000006   PAD
    0x08004688   0x08004688   0x0000000c   Code   RO          224    .text.PN532_Init    pn532.o
    0x08004694   0x08004694   0x00000004   PAD
    0x08004698   0x08004698   0x00000080   Code   RO          226    .text.PN532_ReadCard  pn532.o
    0x08004718   0x08004718   0x00000008   PAD
    0x08004720   0x08004720   0x00000064   Code   RO         2235    .text.PendSV_Handler  port.o
    0x08004784   0x08004784   0x00000004   PAD
    0x08004788   0x08004788   0x0000003c   Code   RO          200    .text.Power_EnterStopStub  power.o
    0x080047c4   0x080047c4   0x00000004   PAD
    0x080047c8   0x080047c8   0x0000002c   Code   RO          198    .text.Power_Init    power.o
    0x080047f4   0x080047f4   0x00000004   PAD
    0x080047f8   0x080047f8   0x00000122   Code   RO          721    .text.RCCEx_PLL2_Config  stm32h7xx_hal_rcc_ex.o
    0x0800491a   0x0800491a   0x00000006   PAD
    0x08004920   0x08004920   0x00000122   Code   RO          723    .text.RCCEx_PLL3_Config  stm32h7xx_hal_rcc_ex.o
    0x08004a42   0x08004a42   0x00000006   PAD
    0x08004a48   0x08004a48   0x0000001c   Code   RO          209    .text.SHT31_Init    sht31.o
    0x08004a64   0x08004a64   0x00000004   PAD
    0x08004a68   0x08004a68   0x0000001c   Code   RO          213    .text.SHT31_ReadHumidity  sht31.o
    0x08004a84   0x08004a84   0x00000004   PAD
    0x08004a88   0x08004a88   0x00000018   Code   RO          211    .text.SHT31_ReadTemperature  sht31.o
    0x08004aa0   0x08004aa0   0x00000024   Code   RO         2219    .text.SVC_Handler   port.o
    0x08004ac4   0x08004ac4   0x00000004   PAD
    0x08004ac8   0x08004ac8   0x00000004   Code   RO           47    .text.StartTask_4G_MQTT  freertos.o
    0x08004acc   0x08004acc   0x00000004   PAD
    0x08004ad0   0x08004ad0   0x00000004   Code   RO           55    .text.StartTask_Alarm  freertos.o
    0x08004ad4   0x08004ad4   0x00000004   PAD
    0x08004ad8   0x08004ad8   0x00000004   Code   RO           53    .text.StartTask_Flash  freertos.o
    0x08004adc   0x08004adc   0x00000004   PAD
    0x08004ae0   0x08004ae0   0x00000004   Code   RO           51    .text.StartTask_GPS  freertos.o
    0x08004ae4   0x08004ae4   0x00000004   PAD
    0x08004ae8   0x08004ae8   0x00000004   Code   RO           49    .text.StartTask_I2C_Sensors  freertos.o
    0x08004aec   0x08004aec   0x00000004   PAD
    0x08004af0   0x08004af0   0x00000004   Code   RO           45    .text.StartTask_StateMachine  freertos.o
    0x08004af4   0x08004af4   0x00000004   PAD
    0x08004af8   0x08004af8   0x00000038   Code   RO          161    .text.StateMachine_Init  state_machine.o
    0x08004b30   0x08004b30   0x00000074   Code   RO          165    .text.StateMachine_Set  state_machine.o
    0x08004ba4   0x08004ba4   0x00000004   PAD
    0x08004ba8   0x08004ba8   0x0000001e   Code   RO         2028    .text.SysTick_Handler  cmsis_os2.o
    0x08004bc6   0x08004bc6   0x00000002   PAD
    0x08004bc8   0x08004bc8   0x000000d8   Code   RO           15    .text.SystemClock_Config  main.o
    0x08004ca0   0x08004ca0   0x000000d4   Code   RO         1644    .text.SystemInit    system_stm32h7xx.o
    0x08004d74   0x08004d74   0x00000004   PAD
    0x08004d78   0x08004d78   0x0000000c   Code   RO          104    .text.TIM6_DAC_IRQHandler  stm32h7xx_it.o
    0x08004d84   0x08004d84   0x00000004   PAD
    0x08004d88   0x08004d88   0x0000015a   Code   RO          304    .text.TIM_Base_SetConfig  stm32h7xx_hal_tim.o
    0x08004ee2   0x08004ee2   0x00000006   PAD
    0x08004ee8   0x08004ee8   0x000000e0   Code   RO         1462    .text.UART_AdvFeatureConfig  stm32h7xx_hal_uart.o
    0x08004fc8   0x08004fc8   0x00000176   Code   RO         1466    .text.UART_CheckIdleState  stm32h7xx_hal_uart.o
    0x0800513e   0x0800513e   0x00000002   PAD
    0x08005140   0x08005140   0x0000049c   Code   RO         1464    .text.UART_SetConfig  stm32h7xx_hal_uart.o
    0x080055dc   0x080055dc   0x00000004   PAD
    0x080055e0   0x080055e0   0x00000358   Code   RO         1480    .text.UART_WaitOnFlagUntilTimeout  stm32h7xx_hal_uart.o
    0x08005938   0x08005938   0x00000002   Code   RO           98    .text.UsageFault_Handler  stm32h7xx_it.o
    0x0800593a   0x0800593a   0x00000006   PAD
    0x08005940   0x08005940   0x0000000c   Code   RO          284    .text.W25Q128_Init  w25q128.o
    0x0800594c   0x0800594c   0x00000004   PAD
    0x08005950   0x08005950   0x00000024   Code   RO          288    .text.W25Q128_Task  w25q128.o
    0x08005974   0x08005974   0x00000004   PAD
    0x08005978   0x08005978   0x0000004c   Code   RO          286    .text.W25Q128_WriteTelemetry  w25q128.o
    0x080059c4   0x080059c4   0x00000004   PAD
    0x080059c8   0x080059c8   0x00000020   Code   RO           11    .text.fputc         main.o
    0x080059e8   0x080059e8   0x00000046   Code   RO           13    .text.main          main.o
    0x08005a2e   0x08005a2e   0x00000002   PAD
    0x08005a30   0x08005a30   0x0000003c   Code   RO         2088    .text.osDelay       cmsis_os2.o
    0x08005a6c   0x08005a6c   0x00000004   PAD
    0x08005a70   0x08005a70   0x00000032   Code   RO         2044    .text.osKernelGetTickCount  cmsis_os2.o
    0x08005aa2   0x08005aa2   0x00000006   PAD
    0x08005aa8   0x08005aa8   0x00000050   Code   RO         2030    .text.osKernelInitialize  cmsis_os2.o
    0x08005af8   0x08005af8   0x0000005e   Code   RO         2036    .text.osKernelStart  cmsis_os2.o
    0x08005b56   0x08005b56   0x00000002   PAD
    0x08005b58   0x08005b58   0x000000a8   Code   RO         2142    .text.osMessageQueueGet  cmsis_os2.o
    0x08005c00   0x08005c00   0x000000aa   Code   RO         2138    .text.osMessageQueueNew  cmsis_os2.o
    0x08005caa   0x08005caa   0x00000006   PAD
    0x08005cb0   0x08005cb0   0x000000c0   Code   RO         2140    .text.osMessageQueuePut  cmsis_os2.o
    0x08005d70   0x08005d70   0x00000046   Code   RO         2152    .text.osMessageQueueReset  cmsis_os2.o
    0x08005db6   0x08005db6   0x00000002   PAD
    0x08005db8   0x08005db8   0x000000e6   Code   RO         2052    .text.osThreadNew   cmsis_os2.o
    0x08005e9e   0x08005e9e   0x00000002   PAD
    0x08005ea0   0x08005ea0   0x00000086   Code   RO         1863    .text.prvAddCurrentTaskToDelayedList  tasks.o
    0x08005f26   0x08005f26   0x00000002   PAD
    0x08005f28   0x08005f28   0x000002b2   Code   RO         1853    .text.prvAddNewTaskToReadyList  tasks.o
    0x080061da   0x080061da   0x00000006   PAD
    0x080061e0   0x080061e0   0x0000008a   Code   RO         1887    .text.prvIdleTask   tasks.o
    0x0800626a   0x0800626a   0x00000006   PAD
    0x08006270   0x08006270   0x00000128   Code   RO         1851    .text.prvInitialiseNewTask  tasks.o
    0x08006398   0x08006398   0x00000028   Code   RO         2227    .text.prvPortStartFirstTask  port.o
    0x080063c0   0x080063c0   0x00000044   Code   RO         2217    .text.prvTaskExitError  port.o
    0x08006404   0x08006404   0x00000004   PAD
    0x08006408   0x08006408   0x00000332   Code   RO         1976    .text.prvTimerTask  timers.o
    0x0800673a   0x0800673a   0x00000006   PAD
    0x08006740   0x08006740   0x0000007a   Code   RO         1746    .text.prvUnlockQueue  queue.o
    0x080067ba   0x080067ba   0x00000006   PAD
    0x080067c0   0x080067c0   0x000001fc   Code   RO         2191    .text.pvPortMalloc  heap_4.o
    0x080069bc   0x080069bc   0x00000004   PAD
    0x080069c0   0x080069c0   0x0000002c   Code   RO         2215    .text.pxPortInitialiseStack  port.o
    0x080069ec   0x080069ec   0x00000004   PAD
    0x080069f0   0x080069f0   0x0000002a   Code   RO         1708    .text.uxListRemove  list.o
    0x08006a1a   0x08006a1a   0x00000006   PAD
    0x08006a20   0x08006a20   0x0000000c   Code   RO         1897    .text.uxTaskGetNumberOfTasks  tasks.o
    0x08006a2c   0x08006a2c   0x00000004   PAD
    0x08006a30   0x08006a30   0x0000001a   Code   RO         2174    .text.vApplicationGetIdleTaskMemory  cmsis_os2.o
    0x08006a4a   0x08006a4a   0x00000006   PAD
    0x08006a50   0x08006a50   0x0000001c   Code   RO         2176    .text.vApplicationGetTimerTaskMemory  cmsis_os2.o
    0x08006a6c   0x08006a6c   0x00000004   PAD
    0x08006a70   0x08006a70   0x00000016   Code   RO         1700    .text.vListInitialise  list.o
    0x08006a86   0x08006a86   0x00000002   PAD
    0x08006a88   0x08006a88   0x00000006   Code   RO         1702    .text.vListInitialiseItem  list.o
    0x08006a8e   0x08006a8e   0x00000002   PAD
    0x08006a90   0x08006a90   0x00000062   Code   RO         1706    .text.vListInsert   list.o
    0x08006af2   0x08006af2   0x00000006   PAD
    0x08006af8   0x08006af8   0x00000014   Code   RO         2225    .text.vPortEnableVFP  port.o
    0x08006b0c   0x08006b0c   0x00000004   PAD
    0x08006b10   0x08006b10   0x00000052   Code   RO         2231    .text.vPortEnterCritical  port.o
    0x08006b62   0x08006b62   0x00000006   PAD
    0x08006b68   0x08006b68   0x00000032   Code   RO         2233    .text.vPortExitCritical  port.o
    0x08006b9a   0x08006b9a   0x00000006   PAD
    0x08006ba0   0x08006ba0   0x000000e0   Code   RO         2193    .text.vPortFree     heap_4.o
    0x08006c80   0x08006c80   0x00000034   Code   RO         2223    .text.vPortSetupTimerInterrupt  port.o
    0x08006cb4   0x08006cb4   0x00000004   PAD
    0x08006cb8   0x08006cb8   0x00000066   Code   RO         2239    .text.vPortValidateInterruptPriority  port.o
    0x08006d1e   0x08006d1e   0x00000002   PAD
    0x08006d20   0x08006d20   0x0000016e   Code   RO         1784    .text.vQueueAddToRegistry  queue.o
    0x08006e8e   0x08006e8e   0x00000002   PAD
    0x08006e90   0x08006e90   0x00000064   Code   RO         1788    .text.vQueueWaitForMessageRestricted  queue.o
    0x08006ef4   0x08006ef4   0x00000004   PAD
    0x08006ef8   0x08006ef8   0x0000009a   Code   RO         1867    .text.vTaskDelay    tasks.o
    0x08006f92   0x08006f92   0x00000006   PAD
    0x08006f98   0x08006f98   0x00000012   Code   RO         1919    .text.vTaskInternalSetTimeOutState  tasks.o
    0x08006faa   0x08006faa   0x00000006   PAD
    0x08006fb0   0x08006fb0   0x0000000e   Code   RO         1923    .text.vTaskMissedYield  tasks.o
    0x08006fbe   0x08006fbe   0x00000002   PAD
    0x08006fc0   0x08006fc0   0x0000003a   Code   RO         1907    .text.vTaskPlaceOnEventList  tasks.o
    0x08006ffa   0x08006ffa   0x00000006   PAD
    0x08007000   0x08007000   0x000000a6   Code   RO         1911    .text.vTaskPlaceOnEventListRestricted  tasks.o
    0x080070a6   0x080070a6   0x00000002   PAD
    0x080070a8   0x080070a8   0x00000118   Code   RO         1885    .text.vTaskStartScheduler  tasks.o
    0x080071c0   0x080071c0   0x00000010   Code   RO         1861    .text.vTaskSuspendAll  tasks.o
    0x080071d0   0x080071d0   0x000000bc   Code   RO         1879    .text.vTaskSwitchContext  tasks.o
    0x0800728c   0x0800728c   0x00000004   PAD
    0x08007290   0x08007290   0x00000182   Code   RO         2221    .text.xPortStartScheduler  port.o
    0x08007412   0x08007412   0x00000006   PAD
    0x08007418   0x08007418   0x00000032   Code   RO         2237    .text.xPortSysTickHandler  port.o
    0x0800744a   0x0800744a   0x00000006   PAD
    0x08007450   0x08007450   0x0000009a   Code   RO         1724    .text.xQueueGenericCreate  queue.o
    0x080074ea   0x080074ea   0x00000006   PAD
    0x080074f0   0x080074f0   0x000000e4   Code   RO         1720    .text.xQueueGenericCreateStatic  queue.o
    0x080075d4   0x080075d4   0x00000004   PAD
    0x080075d8   0x080075d8   0x000000b4   Code   RO         1718    .text.xQueueGenericReset  queue.o
    0x0800768c   0x0800768c   0x00000004   PAD
    0x08007690   0x08007690   0x000002d0   Code   RO         1736    .text.xQueueGenericSend  queue.o
    0x08007960   0x08007960   0x00000188   Code   RO         1748    .text.xQueueGenericSendFromISR  queue.o
    0x08007ae8   0x08007ae8   0x0000024a   Code   RO         1752    .text.xQueueReceive  queue.o
    0x08007d32   0x08007d32   0x00000006   PAD
    0x08007d38   0x08007d38   0x00000110   Code   RO         1756    .text.xQueueReceiveFromISR  queue.o
    0x08007e48   0x08007e48   0x0000009e   Code   RO         1921    .text.xTaskCheckForTimeOut  tasks.o
    0x08007ee6   0x08007ee6   0x00000002   PAD
    0x08007ee8   0x08007ee8   0x00000060   Code   RO         1855    .text.xTaskCreate   tasks.o
    0x08007f48   0x08007f48   0x000000aa   Code   RO         1849    .text.xTaskCreateStatic  tasks.o
    0x08007ff2   0x08007ff2   0x00000006   PAD
    0x08007ff8   0x08007ff8   0x0000001c   Code   RO         1935    .text.xTaskGetSchedulerState  tasks.o
    0x08008014   0x08008014   0x00000004   PAD
    0x08008018   0x08008018   0x0000000c   Code   RO         1893    .text.xTaskGetTickCount  tasks.o
    0x08008024   0x08008024   0x00000004   PAD
    0x08008028   0x08008028   0x00000012   Code   RO         1895    .text.xTaskGetTickCountFromISR  tasks.o
    0x0800803a   0x0800803a   0x00000006   PAD
    0x08008040   0x08008040   0x00000182   Code   RO         1891    .text.xTaskIncrementTick  tasks.o
    0x080081c2   0x080081c2   0x00000006   PAD
    0x080081c8   0x080081c8   0x000000ae   Code   RO         1939    .text.xTaskPriorityDisinherit  tasks.o
    0x08008276   0x08008276   0x00000002   PAD
    0x08008278   0x08008278   0x000000f8   Code   RO         1913    .text.xTaskRemoveFromEventList  tasks.o
    0x08008370   0x08008370   0x00000146   Code   RO         1865    .text.xTaskResumeAll  tasks.o
    0x080084b6   0x080084b6   0x00000002   PAD
    0x080084b8   0x080084b8   0x000000b8   Code   RO         1974    .text.xTimerCreateTimerTask  timers.o
    0x08008570   0x08008570   0x00000020   Code   RO         2436    i.__0printf$6       mc_w.l(printf6.o)
    0x08008590   0x08008590   0x00000034   Code   RO         2437    i.__0snprintf$6     mc_w.l(printf6.o)
    0x080085c4   0x080085c4   0x00000004   PAD
    0x080085c8   0x080085c8   0x00000038   Code   RO         2250    i.__hardfp_atof     m_wv.l(atof.o)
    0x08008600   0x08008600   0x0000000c   Code   RO         2577    i.__read_errno      mc_w.l(errno.o)
    0x0800860c   0x0800860c   0x0000000e   Code   RO         2627    i.__scatterload_copy  mc_w.l(handlers.o)
    0x0800861a   0x0800861a   0x00000002   Code   RO         2628    i.__scatterload_null  mc_w.l(handlers.o)
    0x0800861c   0x0800861c   0x0000000e   Code   RO         2629    i.__scatterload_zeroinit  mc_w.l(handlers.o)
    0x0800862a   0x0800862a   0x00000002   PAD
    0x0800862c   0x0800862c   0x0000000c   Code   RO         2578    i.__set_errno       mc_w.l(errno.o)
    0x08008638   0x08008638   0x0000000e   Code   RO         2612    i._is_digit         mc_w.l(scanf_fp.o)
    0x08008646   0x08008646   0x00000002   PAD
    0x08008648   0x08008648   0x000002f0   Code   RO         2443    i._printf_core      mc_w.l(printf6.o)
    0x08008938   0x08008938   0x00000024   Code   RO         2444    i._printf_post_padding  mc_w.l(printf6.o)
    0x0800895c   0x0800895c   0x0000002e   Code   RO         2445    i._printf_pre_padding  mc_w.l(printf6.o)
    0x0800898a   0x0800898a   0x00000016   Code   RO         2446    i._snputc           mc_w.l(printf6.o)
    0x080089a0   0x080089a0   0x00000024   Code   RO         2259    i.puts              mc_w.l(puts.o)
    0x080089c4   0x080089c4   0x00000040   Data   RO         2617    .constdata          mc_w.l(ctype_c.o)
    0x08008a04   0x08008a04   0x00000020   Data   RO          171    .rodata..Lswitch.table.StateMachine_Set.11  state_machine.o
    0x08008a24   0x08008a24   0x00000006   Data   RO         1593    .rodata..Lswitch.table.UART_SetConfig.7  stm32h7xx_hal_uart.o
    0x08008a2a   0x08008a2a   0x00000006   Data   RO         1594    .rodata..Lswitch.table.UART_SetConfig.9  stm32h7xx_hal_uart.o
    0x08008a30   0x08008a30   0x00000010   Data   RO         1650    .rodata.D1CorePrescTable  system_stm32h7xx.o
    0x08008a40   0x08008a40   0x00000024   Data   RO           59    .rodata.Task_4G_MQTT_attributes  freertos.o
    0x08008a64   0x08008a64   0x00000024   Data   RO           63    .rodata.Task_Alarm_attributes  freertos.o
    0x08008a88   0x08008a88   0x00000024   Data   RO           62    .rodata.Task_Flash_attributes  freertos.o
    0x08008aac   0x08008aac   0x00000024   Data   RO           61    .rodata.Task_GPS_attributes  freertos.o
    0x08008ad0   0x08008ad0   0x00000024   Data   RO           60    .rodata.Task_I2C_Sensor_attributes  freertos.o
    0x08008af4   0x08008af4   0x00000024   Data   RO           58    .rodata.Task_StateMachi_attributes  freertos.o
    0x08008b18   0x08008b18   0x00000018   Data   RO         1592    .rodata.UARTPrescTable  stm32h7xx_hal_uart.o
    0x08008b30   0x08008b30   0x00000010   Data   RO         1635    .rodata.cst8        stm32h7xx_hal_uart_ex.o
    0x08008b40   0x08008b40   0x00000018   Data   RO           64    .rodata.queue_activation_attributes  freertos.o
    0x08008b58   0x08008b58   0x00000018   Data   RO           66    .rodata.queue_cloud_cmd_attributes  freertos.o
    0x08008b70   0x08008b70   0x00000018   Data   RO           65    .rodata.queue_sensor_data_attributes  freertos.o
    0x08008b88   0x08008b88   0x0000007f   Data   RO           57    .rodata.str1.1      freertos.o
    0x08008c07   0x08008c07   0x0000008e   Data   RO          151    .rodata.str1.1      app.o
    0x08008c95   0x08008c95   0x0000004e   Data   RO          170    .rodata.str1.1      state_machine.o
    0x08008ce3   0x08008ce3   0x00000045   Data   RO          216    .rodata.str1.1      sht31.o
    0x08008d28   0x08008d28   0x00000045   Data   RO          229    .rodata.str1.1      pn532.o
    0x08008d6d   0x08008d6d   0x000000e4   Data   RO          244    .rodata.str1.1      gps.o
    0x08008e51   0x08008e51   0x000000c6   Data   RO          257    .rodata.str1.1      air780e.o
    0x08008f17   0x08008f17   0x0000001c   Data   RO          274    .rodata.str1.1      mqtt.o
    0x08008f33   0x08008f33   0x0000004f   Data   RO          291    .rodata.str1.1      w25q128.o
    0x08008f82   0x08008f82   0x00000005   Data   RO         2018    .rodata.str1.1      timers.o
    0x08008f87   0x08008f87   0x00000001   PAD
    0x08008f88   0x08008f88   0x00000004   Data   RO         1962    .rodata.uxTopUsedPriority  tasks.o
    0x08008f8c   0x08008f8c   0x00000020   Data   RO         2626    Region$$Table       anon$$obj.o


    Execution Region RW_IRAM1 (Exec base: 0x20000000, Load base: 0x08008fac, Size: 0x00000000, Max: 0x00020000, ABSOLUTE)

    **** No section assigned to this execution region ****


    Execution Region RW_IRAM2 (Exec base: 0x24000000, Load base: 0x08008fb0, Size: 0x00004ed0, Max: 0x00100000, ABSOLUTE)

    Exec Addr    Load Addr    Size         Type   Attr      Idx    E Section Name        Object

    0x24000000   0x08008fb0   0x00000004   Data   RW         2274    .data               mc_w.l(strtok.o)
    0x24000004   0x08008fb4   0x00000004   Data   RW         2560    .data               mc_w.l(stdout.o)
    0x24000008   0x08008fb8   0x00000004   Data   RW         2579    .data               mc_w.l(errno.o)
    0x2400000c   0x08008fbc   0x00000008   Data   RW         1249    .data..L_MergedGlobals  stm32h7xx_hal.o
    0x24000014   0x08008fc4   0x00000008   Data   RW         1651    .data..L_MergedGlobals  system_stm32h7xx.o
    0x2400001c   0x08008fcc   0x0000000c   Data   RW          242    .data.last_location  gps.o
    0x24000028   0x08008fd8   0x00000001   Data   RW          189    .data.last_reported  alarm.o
    0x24000029   0x08008fd9   0x00000003   PAD
    0x2400002c   0x08008fdc   0x00000004   Data   RW         2241    .data.uxCriticalNesting  port.o
    0x24000030        -       0x00000024   Zero   RW           67    .bss..L_MergedGlobals  freertos.o
    0x24000054        -       0x00000024   Zero   RW          152    .bss..L_MergedGlobals  app.o
    0x24000078        -       0x00000002   Zero   RW          258    .bss..L_MergedGlobals  air780e.o
    0x2400007a   0x08008fe0   0x00000002   PAD
    0x2400007c        -       0x00000074   Zero   RW         1964    .bss..L_MergedGlobals  tasks.o
    0x240000f0        -       0x0000003c   Zero   RW         2019    .bss..L_MergedGlobals  timers.o
    0x2400012c        -       0x0000001c   Zero   RW         2206    .bss..L_MergedGlobals  heap_4.o
    0x24000148        -       0x00000008   Zero   RW         2242    .bss..L_MergedGlobals  port.o
    0x24000150        -       0x00000028   Zero   RW         1965    .bss..L_MergedGlobals.2  tasks.o
    0x24000178        -       0x00000004   Zero   RW          243    .bss.GPS_ReadLine.stub_index  gps.o
    0x2400017c        -       0x00000004   Zero   RW           23    .bss.HAL_GPIO_EXTI_Callback.last_button_tick  main.o
    0x24000180        -       0x00000004   Zero   RW         2178    .bss.KernelState    cmsis_os2.o
    0x24000184        -       0x00000004   Zero   RW          275    .bss.MQTT_PollCommand.poll_count  mqtt.o
    0x24000188        -       0x00000004   Zero   RW          228    .bss.PN532_ReadCard.poll_count  pn532.o
    0x2400018c        -       0x00000001   Zero   RW          188    .bss.alarm_active   alarm.o
    0x2400018d        -       0x00000001   Zero   RW          169    .bss.current_state  state_machine.o
    0x2400018e   0x08008fe0   0x00000002   PAD
    0x24000190        -       0x0000004c   Zero   RW          128    .bss.htim6          stm32h7xx_hal_timebase_tim.o
    0x240001dc        -       0x00000094   Zero   RW           81    .bss.huart3         usart.o
    0x24000270        -       0x00000001   Zero   RW          273    .bss.mqtt_ready     mqtt.o
    0x24000271        -       0x000000a0   Zero   RW         2017    .bss.prvCheckForValidListAndQueue.ucStaticTimerQueueStorage  timers.o
    0x24000311   0x08008fe0   0x00000003   PAD
    0x24000314        -       0x00000050   Zero   RW         2016    .bss.prvCheckForValidListAndQueue.xStaticTimerQueue  timers.o
    0x24000364        -       0x00000004   Zero   RW         1961    .bss.pxCurrentTCB   tasks.o
    0x24000368        -       0x00000460   Zero   RW         1963    .bss.pxReadyTasksLists  tasks.o
    0x240007c8        -       0x00000001   Zero   RW          215    .bss.sensor_ready   sht31.o
    0x240007c9        -       0x00003c00   Zero   RW         2205    .bss.ucHeap         heap_4.o
    0x240043c9   0x08008fe0   0x00000003   PAD
    0x240043cc        -       0x00000004   Zero   RW         1248    .bss.uwTick         stm32h7xx_hal.o
    0x240043d0        -       0x00000200   Zero   RW         2180    .bss.vApplicationGetIdleTaskMemory.Idle_Stack  cmsis_os2.o
    0x240045d0        -       0x0000005c   Zero   RW         2179    .bss.vApplicationGetIdleTaskMemory.Idle_TCB  cmsis_os2.o
    0x2400462c        -       0x00000400   Zero   RW         2182    .bss.vApplicationGetTimerTaskMemory.Timer_Stack  cmsis_os2.o
    0x24004a2c        -       0x0000005c   Zero   RW         2181    .bss.vApplicationGetTimerTaskMemory.Timer_TCB  cmsis_os2.o
    0x24004a88        -       0x00000004   Zero   RW          290    .bss.write_slot     w25q128.o
    0x24004a8c        -       0x00000040   Zero   RW         1790    .bss.xQueueRegistry  queue.o
    0x24004acc   0x08008fe0   0x00000004   PAD
    0x24004ad0        -       0x00000400   Zero   RW            1    STACK               startup_stm32h7a3xxq.o


==============================================================================

Image component sizes


      Code (inc. data)   RO Data    RW Data    ZI Data      Debug   Object Name

       348        124        198          0          2       2448   air780e.o
       266         68          0          1          1       2108   alarm.o
      1238        172        142          0         36       5544   app.o
      1198          0          0          0       1724      59603   cmsis_os2.o
       234          0        415          0         36       4448   freertos.o
       236          0          0          0          0       6260   gpio.o
      1140         48        228         12          4       5940   gps.o
       732          0          0          0      15388       6240   heap_4.o
       168          0          0          0          0       2325   list.o
       392          0          0          0          4      10197   main.o
       728        316         28          0          5       3147   mqtt.o
       140         52         69          0          4       1113   pn532.o
      1030         16          0          4          8       4272   port.o
       104         88          0          0          0        582   power.o
      3120          0          0          0         64      30393   queue.o
        80          8         69          0          1       1106   sht31.o
        44         12        684          0       1024        856   startup_stm32h7a3xxq.o
       172         56        110          0          1       1835   state_machine.o
       138          0          0          8          4      14482   stm32h7xx_hal.o
       308          0          0          0          0      12402   stm32h7xx_hal_cortex.o
       500          0          0          0          0       6666   stm32h7xx_hal_gpio.o
        42          0          0          0          0       5475   stm32h7xx_hal_msp.o
       132          0          0          0          0      10785   stm32h7xx_hal_pwr_ex.o
      2676         16          0          0          0      11918   stm32h7xx_hal_rcc.o
      3978        142          0          0          0      19660   stm32h7xx_hal_rcc_ex.o
       996          0          0          0          0      66698   stm32h7xx_hal_tim.o
         6          0          0          0          0      26079   stm32h7xx_hal_tim_ex.o
       168          0          0          0         76       9744   stm32h7xx_hal_timebase_tim.o
      3066        332         36          0          0      43927   stm32h7xx_hal_uart.o
       342          0         16          0          0      11549   stm32h7xx_hal_uart_ex.o
        32          0          0          0          0       4877   stm32h7xx_it.o
       256          0         16          8          0       6086   system_stm32h7xx.o
      3780          8          4          0       1280      44645   tasks.o
      1002         20          5          0        300      17346   timers.o
       258          0          0          0        148       8505   usart.o
       124         68         79          0          4       1738   w25q128.o

    ----------------------------------------------------------------------
     29748       1626       2132         36      20128     470999   Object Totals
         0          0         32          0          0          0   (incl. Generated)
       574         80          1          3         14          0   (incl. Padding)

    ----------------------------------------------------------------------

      Code (inc. data)   RO Data    RW Data    ZI Data      Debug   Library Member Name

        56         10          0          0          0        132   atof.o
        56          8          0          0          0         84   __0sscanf.o
        28          0          0          0          0         68   _chval.o
       812          4          0          0          0        112   _scanf.o
       332          0          0          0          0         96   _scanf_int.o
        64          0          0          0          0         84   _sgetc.o
        40          6         64          0          0         68   ctype_c.o
         0          0          0          0          0          0   entry.o
         0          0          0          0          0          0   entry10a.o
         0          0          0          0          0          0   entry11a.o
         8          4          0          0          0          0   entry2.o
         4          0          0          0          0          0   entry5.o
         0          0          0          0          0          0   entry7b.o
         0          0          0          0          0          0   entry8b.o
         8          4          0          0          0          0   entry9a.o
        24         12          0          4          0        136   errno.o
        30          0          0          0          0          0   handlers.o
        48         10          0          0          0         68   init.o
        10          0          0          0          0         68   isspace_c.o
         0          0          0          0          0          0   iusefp.o
        30          0          0          0          0         68   llshl.o
        32          0          0          0          0         68   llushr.o
        26          0          0          0          0         80   memcmp.o
        36          0          0          0          0         68   memcpya.o
        36          0          0          0          0        108   memseta.o
       940         18          0          0          0        508   printf6.o
        36          6          0          0          0         80   puts.o
        40          8          0          0          0         84   scanf_char.o
       878         12          0          0          0        216   scanf_fp.o
         0          0          0          4          0          0   stdout.o
        36          0          0          0          0         80   strstr.o
       168         12          0          0          0        124   strtod.o
        68          6          0          4          0         80   strtok.o
        44          0          0          0          0         80   uidiv.o
        98          0          0          0          0         92   uldiv.o
        56          0          0          0          0         88   d2f.o
       222          0          0          0          0        100   ddiv.o
       186          0          0          0          0        176   depilogue.o
        24          0          0          0          0         76   dfltul.o
       228          0          0          0          0         96   dmul.o
       110          0          0          0          0        168   fepilogue.o

    ----------------------------------------------------------------------
      4836        124         64         12          0       3356   Library Totals
        22          4          0          0          0          0   (incl. Padding)

    ----------------------------------------------------------------------

      Code (inc. data)   RO Data    RW Data    ZI Data      Debug   Library Name

        56         10          0          0          0        132   m_wv.l
      3932        110         64         12          0       2520   mc_w.l
       826          0          0          0          0        704   mf_w.l

    ----------------------------------------------------------------------
      4836        124         64         12          0       3356   Library Totals

    ----------------------------------------------------------------------

==============================================================================


      Code (inc. data)   RO Data    RW Data    ZI Data      Debug   

     34584       1750       2196         48      20128     472215   Grand Totals
     34584       1750       2196         48      20128     472215   ELF Image Totals
     34584       1750       2196         48          0          0   ROM Totals

==============================================================================

    Total RO  Size (Code + RO Data)                36780 (  35.92kB)
    Total RW  Size (RW Data + ZI Data)             20176 (  19.70kB)
    Total ROM Size (Code + RO Data + RW Data)      36828 (  35.96kB)

==============================================================================

