Component: Arm Compiler for Embedded 6.21 Tool: armlink [5ec1fa00]

==============================================================================

Section Cross References

    startup_stm32h7a3xxq.o(STACK) refers (Special) to heapauxi.o(.text) for __use_two_region_memory
    startup_stm32h7a3xxq.o(HEAP) refers (Special) to heapauxi.o(.text) for __use_two_region_memory
    startup_stm32h7a3xxq.o(RESET) refers (Special) to heapauxi.o(.text) for __use_two_region_memory
    startup_stm32h7a3xxq.o(RESET) refers to startup_stm32h7a3xxq.o(STACK) for __initial_sp
    startup_stm32h7a3xxq.o(RESET) refers to startup_stm32h7a3xxq.o(.text) for Reset_Handler
    startup_stm32h7a3xxq.o(RESET) refers to stm32h7xx_it.o(.text.NMI_Handler) for NMI_Handler
    startup_stm32h7a3xxq.o(RESET) refers to stm32h7xx_it.o(.text.HardFault_Handler) for HardFault_Handler
    startup_stm32h7a3xxq.o(RESET) refers to stm32h7xx_it.o(.text.MemManage_Handler) for MemManage_Handler
    startup_stm32h7a3xxq.o(RESET) refers to stm32h7xx_it.o(.text.BusFault_Handler) for BusFault_Handler
    startup_stm32h7a3xxq.o(RESET) refers to stm32h7xx_it.o(.text.UsageFault_Handler) for UsageFault_Handler
    startup_stm32h7a3xxq.o(RESET) refers to stm32h7xx_it.o(.text.SVC_Handler) for SVC_Handler
    startup_stm32h7a3xxq.o(RESET) refers to stm32h7xx_it.o(.text.DebugMon_Handler) for DebugMon_Handler
    startup_stm32h7a3xxq.o(RESET) refers to stm32h7xx_it.o(.text.PendSV_Handler) for PendSV_Handler
    startup_stm32h7a3xxq.o(RESET) refers to stm32h7xx_it.o(.text.SysTick_Handler) for SysTick_Handler
    startup_stm32h7a3xxq.o(RESET) refers to stm32h7xx_it.o(.text.EXTI15_10_IRQHandler) for EXTI15_10_IRQHandler
    startup_stm32h7a3xxq.o(.text) refers (Special) to heapauxi.o(.text) for __use_two_region_memory
    startup_stm32h7a3xxq.o(.text) refers to system_stm32h7xx.o(.text.ExitRun0Mode) for ExitRun0Mode
    startup_stm32h7a3xxq.o(.text) refers to system_stm32h7xx.o(.text.SystemInit) for SystemInit
    startup_stm32h7a3xxq.o(.text) refers to __main.o(!!!main) for __main
    startup_stm32h7a3xxq.o(.text) refers to startup_stm32h7a3xxq.o(HEAP) for Heap_Mem
    startup_stm32h7a3xxq.o(.text) refers to startup_stm32h7a3xxq.o(STACK) for Stack_Mem
    main.o(.text.main) refers to stm32h7xx_hal_cortex.o(.text.HAL_MPU_Disable) for HAL_MPU_Disable
    main.o(.text.main) refers to stm32h7xx_hal_cortex.o(.text.HAL_MPU_ConfigRegion) for HAL_MPU_ConfigRegion
    main.o(.text.main) refers to stm32h7xx_hal_cortex.o(.text.HAL_MPU_Enable) for HAL_MPU_Enable
    main.o(.text.main) refers to stm32h7xx_hal.o(.text.HAL_Init) for HAL_Init
    main.o(.text.main) refers to main.o(.text.SystemClock_Config) for SystemClock_Config
    main.o(.text.main) refers to stm32h7xx_nucleo.o(.text.BSP_LED_Init) for BSP_LED_Init
    main.o(.text.main) refers to stm32h7xx_nucleo.o(.text.BSP_PB_Init) for BSP_PB_Init
    main.o(.text.main) refers to main.o(.bss.BspCOMInit) for BspCOMInit
    main.o(.text.main) refers to stm32h7xx_nucleo.o(.text.BSP_COM_Init) for BSP_COM_Init
    main.o(.text.main) refers to stm32h7xx_nucleo.o(.text.BSP_LED_Toggle) for BSP_LED_Toggle
    main.o(.text.main) refers to stm32h7xx_hal.o(.text.HAL_Delay) for HAL_Delay
    main.o(.ARM.exidx.text.main) refers to main.o(.text.main) for [Anonymous Symbol]
    main.o(.text.SystemClock_Config) refers to stm32h7xx_hal_pwr_ex.o(.text.HAL_PWREx_ConfigSupply) for HAL_PWREx_ConfigSupply
    main.o(.text.SystemClock_Config) refers to stm32h7xx_hal_rcc.o(.text.HAL_RCC_OscConfig) for HAL_RCC_OscConfig
    main.o(.text.SystemClock_Config) refers to stm32h7xx_hal_rcc.o(.text.HAL_RCC_ClockConfig) for HAL_RCC_ClockConfig
    main.o(.ARM.exidx.text.SystemClock_Config) refers to main.o(.text.SystemClock_Config) for [Anonymous Symbol]
    main.o(.ARM.exidx.text.Error_Handler) refers to main.o(.text.Error_Handler) for [Anonymous Symbol]
    stm32h7xx_it.o(.ARM.exidx.text.NMI_Handler) refers to stm32h7xx_it.o(.text.NMI_Handler) for [Anonymous Symbol]
    stm32h7xx_it.o(.ARM.exidx.text.HardFault_Handler) refers to stm32h7xx_it.o(.text.HardFault_Handler) for [Anonymous Symbol]
    stm32h7xx_it.o(.ARM.exidx.text.MemManage_Handler) refers to stm32h7xx_it.o(.text.MemManage_Handler) for [Anonymous Symbol]
    stm32h7xx_it.o(.ARM.exidx.text.BusFault_Handler) refers to stm32h7xx_it.o(.text.BusFault_Handler) for [Anonymous Symbol]
    stm32h7xx_it.o(.ARM.exidx.text.UsageFault_Handler) refers to stm32h7xx_it.o(.text.UsageFault_Handler) for [Anonymous Symbol]
    stm32h7xx_it.o(.ARM.exidx.text.SVC_Handler) refers to stm32h7xx_it.o(.text.SVC_Handler) for [Anonymous Symbol]
    stm32h7xx_it.o(.ARM.exidx.text.DebugMon_Handler) refers to stm32h7xx_it.o(.text.DebugMon_Handler) for [Anonymous Symbol]
    stm32h7xx_it.o(.ARM.exidx.text.PendSV_Handler) refers to stm32h7xx_it.o(.text.PendSV_Handler) for [Anonymous Symbol]
    stm32h7xx_it.o(.text.SysTick_Handler) refers to stm32h7xx_hal.o(.text.HAL_IncTick) for HAL_IncTick
[...]
    Removing stm32h7xx_hal_usart_ex.o(.text), (0 bytes).
    Removing stm32h7xx_hal_uart_ex.o(.text), (0 bytes).
    Removing stm32h7xx_hal_uart_ex.o(.text.HAL_RS485Ex_Init), (132 bytes).
    Removing stm32h7xx_hal_uart_ex.o(.ARM.exidx.text.HAL_RS485Ex_Init), (8 bytes).
    Removing stm32h7xx_hal_uart_ex.o(.text.HAL_UARTEx_WakeupCallback), (2 bytes).
    Removing stm32h7xx_hal_uart_ex.o(.ARM.exidx.text.HAL_UARTEx_WakeupCallback), (8 bytes).
    Removing stm32h7xx_hal_uart_ex.o(.text.HAL_UARTEx_RxFifoFullCallback), (2 bytes).
    Removing stm32h7xx_hal_uart_ex.o(.ARM.exidx.text.HAL_UARTEx_RxFifoFullCallback), (8 bytes).
    Removing stm32h7xx_hal_uart_ex.o(.text.HAL_UARTEx_TxFifoEmptyCallback), (2 bytes).
    Removing stm32h7xx_hal_uart_ex.o(.ARM.exidx.text.HAL_UARTEx_TxFifoEmptyCallback), (8 bytes).
    Removing stm32h7xx_hal_uart_ex.o(.text.HAL_MultiProcessorEx_AddressLength_Set), (44 bytes).
    Removing stm32h7xx_hal_uart_ex.o(.ARM.exidx.text.HAL_MultiProcessorEx_AddressLength_Set), (8 bytes).
    Removing stm32h7xx_hal_uart_ex.o(.text.HAL_UARTEx_StopModeWakeUpSourceConfig), (144 bytes).
    Removing stm32h7xx_hal_uart_ex.o(.ARM.exidx.text.HAL_UARTEx_StopModeWakeUpSourceConfig), (8 bytes).
    Removing stm32h7xx_hal_uart_ex.o(.text.HAL_UARTEx_EnableStopMode), (108 bytes).
    Removing stm32h7xx_hal_uart_ex.o(.ARM.exidx.text.HAL_UARTEx_EnableStopMode), (8 bytes).
    Removing stm32h7xx_hal_uart_ex.o(.text.HAL_UARTEx_DisableStopMode), (108 bytes).
    Removing stm32h7xx_hal_uart_ex.o(.ARM.exidx.text.HAL_UARTEx_DisableStopMode), (8 bytes).
    Removing stm32h7xx_hal_uart_ex.o(.text.HAL_UARTEx_EnableFifoMode), (126 bytes).
    Removing stm32h7xx_hal_uart_ex.o(.ARM.exidx.text.HAL_UARTEx_EnableFifoMode), (8 bytes).
    Removing stm32h7xx_hal_uart_ex.o(.text.HAL_UARTEx_DisableFifoMode), (54 bytes).
    Removing stm32h7xx_hal_uart_ex.o(.ARM.exidx.text.HAL_UARTEx_DisableFifoMode), (8 bytes).
    Removing stm32h7xx_hal_uart_ex.o(.text.HAL_UARTEx_SetTxFifoThreshold), (144 bytes).
    Removing stm32h7xx_hal_uart_ex.o(.ARM.exidx.text.HAL_UARTEx_SetTxFifoThreshold), (8 bytes).
    Removing stm32h7xx_hal_uart_ex.o(.text.HAL_UARTEx_SetRxFifoThreshold), (144 bytes).
    Removing stm32h7xx_hal_uart_ex.o(.ARM.exidx.text.HAL_UARTEx_SetRxFifoThreshold), (8 bytes).
    Removing stm32h7xx_hal_uart_ex.o(.text.HAL_UARTEx_ReceiveToIdle), (420 bytes).
    Removing stm32h7xx_hal_uart_ex.o(.ARM.exidx.text.HAL_UARTEx_ReceiveToIdle), (8 bytes).
    Removing stm32h7xx_hal_uart_ex.o(.text.HAL_UARTEx_ReceiveToIdle_IT), (142 bytes).
    Removing stm32h7xx_hal_uart_ex.o(.ARM.exidx.text.HAL_UARTEx_ReceiveToIdle_IT), (8 bytes).
    Removing stm32h7xx_hal_uart_ex.o(.text.HAL_UARTEx_ReceiveToIdle_DMA), (152 bytes).
    Removing stm32h7xx_hal_uart_ex.o(.ARM.exidx.text.HAL_UARTEx_ReceiveToIdle_DMA), (8 bytes).
    Removing stm32h7xx_hal_uart_ex.o(.text.HAL_UARTEx_GetRxEventType), (4 bytes).
    Removing stm32h7xx_hal_uart_ex.o(.ARM.exidx.text.HAL_UARTEx_GetRxEventType), (8 bytes).
    Removing stm32h7xx_hal_uart_ex.o(.rodata.cst8), (16 bytes).
    Removing stm32h7xx_hal_uart.o(.text), (0 bytes).
    Removing stm32h7xx_hal_uart.o(.ARM.exidx.text.HAL_UART_Init), (8 bytes).
    Removing stm32h7xx_hal_uart.o(.ARM.exidx.text.HAL_UART_MspInit), (8 bytes).
    Removing stm32h7xx_hal_uart.o(.ARM.exidx.text.UART_AdvFeatureConfig), (8 bytes).
    Removing stm32h7xx_hal_uart.o(.ARM.exidx.text.UART_SetConfig), (8 bytes).
    Removing stm32h7xx_hal_uart.o(.ARM.exidx.text.UART_CheckIdleState), (8 bytes).
    Removing stm32h7xx_hal_uart.o(.text.HAL_HalfDuplex_Init), (108 bytes).
    Removing stm32h7xx_hal_uart.o(.ARM.exidx.text.HAL_HalfDuplex_Init), (8 bytes).
    Removing stm32h7xx_hal_uart.o(.text.HAL_LIN_Init), (134 bytes).
    Removing stm32h7xx_hal_uart.o(.ARM.exidx.text.HAL_LIN_Init), (8 bytes).
    Removing stm32h7xx_hal_uart.o(.text.HAL_MultiProcessor_Init), (132 bytes).
    Removing stm32h7xx_hal_uart.o(.ARM.exidx.text.HAL_MultiProcessor_Init), (8 bytes).
    Removing stm32h7xx_hal_uart.o(.text.HAL_UART_DeInit), (56 bytes).
    Removing stm32h7xx_hal_uart.o(.ARM.exidx.text.HAL_UART_DeInit), (8 bytes).
    Removing stm32h7xx_hal_uart.o(.text.HAL_UART_MspDeInit), (2 bytes).
    Removing stm32h7xx_hal_uart.o(.ARM.exidx.text.HAL_UART_MspDeInit), (8 bytes).
    Removing stm32h7xx_hal_uart.o(.text.HAL_UART_Transmit), (332 bytes).
    Removing stm32h7xx_hal_uart.o(.ARM.exidx.text.HAL_UART_Transmit), (8 bytes).
    Removing stm32h7xx_hal_uart.o(.ARM.exidx.text.UART_WaitOnFlagUntilTimeout), (8 bytes).
    Removing stm32h7xx_hal_uart.o(.text.HAL_UART_Receive), (252 bytes).
    Removing stm32h7xx_hal_uart.o(.ARM.exidx.text.HAL_UART_Receive), (8 bytes).
    Removing stm32h7xx_hal_uart.o(.text.HAL_UART_Transmit_IT), (298 bytes).
    Removing stm32h7xx_hal_uart.o(.ARM.exidx.text.HAL_UART_Transmit_IT), (8 bytes).
    Removing stm32h7xx_hal_uart.o(.text.UART_TxISR_16BIT_FIFOEN), (236 bytes).
    Removing stm32h7xx_hal_uart.o(.ARM.exidx.text.UART_TxISR_16BIT_FIFOEN), (8 bytes).
    Removing stm32h7xx_hal_uart.o(.text.UART_TxISR_8BIT_FIFOEN), (232 bytes).
    Removing stm32h7xx_hal_uart.o(.ARM.exidx.text.UART_TxISR_8BIT_FIFOEN), (8 bytes).
    Removing stm32h7xx_hal_uart.o(.text.UART_TxISR_16BIT), (208 bytes).
    Removing stm32h7xx_hal_uart.o(.ARM.exidx.text.UART_TxISR_16BIT), (8 bytes).
    Removing stm32h7xx_hal_uart.o(.text.UART_TxISR_8BIT), (204 bytes).
    Removing stm32h7xx_hal_uart.o(.ARM.exidx.text.UART_TxISR_8BIT), (8 bytes).
    Removing stm32h7xx_hal_uart.o(.text.HAL_UART_Receive_IT), (172 bytes).
    Removing stm32h7xx_hal_uart.o(.ARM.exidx.text.HAL_UART_Receive_IT), (8 bytes).
    Removing stm32h7xx_hal_uart.o(.text.UART_Start_Receive_IT), (628 bytes).
    Removing stm32h7xx_hal_uart.o(.ARM.exidx.text.UART_Start_Receive_IT), (8 bytes).
    Removing stm32h7xx_hal_uart.o(.text.HAL_UART_Transmit_DMA), (210 bytes).
    Removing stm32h7xx_hal_uart.o(.ARM.exidx.text.HAL_UART_Transmit_DMA), (8 bytes).
    Removing stm32h7xx_hal_uart.o(.text.UART_DMATransmitCplt), (186 bytes).
    Removing stm32h7xx_hal_uart.o(.ARM.exidx.text.UART_DMATransmitCplt), (8 bytes).
    Removing stm32h7xx_hal_uart.o(.text.UART_DMATxHalfCplt), (6 bytes).
    Removing stm32h7xx_hal_uart.o(.ARM.exidx.text.UART_DMATxHalfCplt), (8 bytes).
    Removing stm32h7xx_hal_uart.o(.text.UART_DMAError), (490 bytes).
    Removing stm32h7xx_hal_uart.o(.ARM.exidx.text.UART_DMAError), (8 bytes).
    Removing stm32h7xx_hal_uart.o(.text.HAL_UART_Receive_DMA), (488 bytes).
    Removing stm32h7xx_hal_uart.o(.ARM.exidx.text.HAL_UART_Receive_DMA), (8 bytes).
    Removing stm32h7xx_hal_uart.o(.text.UART_Start_Receive_DMA), (340 bytes).
    Removing stm32h7xx_hal_uart.o(.ARM.exidx.text.UART_Start_Receive_DMA), (8 bytes).
    Removing stm32h7xx_hal_uart.o(.text.HAL_UART_DMAPause), (360 bytes).
    Removing stm32h7xx_hal_uart.o(.ARM.exidx.text.HAL_UART_DMAPause), (8 bytes).
    Removing stm32h7xx_hal_uart.o(.text.HAL_UART_DMAResume), (356 bytes).
    Removing stm32h7xx_hal_uart.o(.ARM.exidx.text.HAL_UART_DMAResume), (8 bytes).
    Removing stm32h7xx_hal_uart.o(.text.HAL_UART_DMAStop), (692 bytes).
    Removing stm32h7xx_hal_uart.o(.ARM.exidx.text.HAL_UART_DMAStop), (8 bytes).
    Removing stm32h7xx_hal_uart.o(.text.HAL_UART_Abort), (542 bytes).
    Removing stm32h7xx_hal_uart.o(.ARM.exidx.text.HAL_UART_Abort), (8 bytes).
    Removing stm32h7xx_hal_uart.o(.text.HAL_UART_AbortTransmit), (316 bytes).
    Removing stm32h7xx_hal_uart.o(.ARM.exidx.text.HAL_UART_AbortTransmit), (8 bytes).
    Removing stm32h7xx_hal_uart.o(.text.HAL_UART_AbortReceive), (402 bytes).
    Removing stm32h7xx_hal_uart.o(.ARM.exidx.text.HAL_UART_AbortReceive), (8 bytes).
    Removing stm32h7xx_hal_uart.o(.text.HAL_UART_Abort_IT), (582 bytes).
    Removing stm32h7xx_hal_uart.o(.ARM.exidx.text.HAL_UART_Abort_IT), (8 bytes).
    Removing stm32h7xx_hal_uart.o(.text.UART_DMATxAbortCallback), (66 bytes).
    Removing stm32h7xx_hal_uart.o(.ARM.exidx.text.UART_DMATxAbortCallback), (8 bytes).
    Removing stm32h7xx_hal_uart.o(.text.UART_DMARxAbortCallback), (54 bytes).
    Removing stm32h7xx_hal_uart.o(.ARM.exidx.text.UART_DMARxAbortCallback), (8 bytes).
    Removing stm32h7xx_hal_uart.o(.text.HAL_UART_AbortCpltCallback), (2 bytes).
    Removing stm32h7xx_hal_uart.o(.ARM.exidx.text.HAL_UART_AbortCpltCallback), (8 bytes).
    Removing stm32h7xx_hal_uart.o(.text.HAL_UART_AbortTransmit_IT), (328 bytes).
    Removing stm32h7xx_hal_uart.o(.ARM.exidx.text.HAL_UART_AbortTransmit_IT), (8 bytes).
    Removing stm32h7xx_hal_uart.o(.text.UART_DMATxOnlyAbortCallback), (30 bytes).
    Removing stm32h7xx_hal_uart.o(.ARM.exidx.text.UART_DMATxOnlyAbortCallback), (8 bytes).
    Removing stm32h7xx_hal_uart.o(.text.HAL_UART_AbortTransmitCpltCallback), (2 bytes).
    Removing stm32h7xx_hal_uart.o(.ARM.exidx.text.HAL_UART_AbortTransmitCpltCallback), (8 bytes).
    Removing stm32h7xx_hal_uart.o(.text.HAL_UART_AbortReceive_IT), (420 bytes).
    Removing stm32h7xx_hal_uart.o(.ARM.exidx.text.HAL_UART_AbortReceive_IT), (8 bytes).
    Removing stm32h7xx_hal_uart.o(.text.UART_DMARxOnlyAbortCallback), (30 bytes).
    Removing stm32h7xx_hal_uart.o(.ARM.exidx.text.UART_DMARxOnlyAbortCallback), (8 bytes).
    Removing stm32h7xx_hal_uart.o(.text.HAL_UART_AbortReceiveCpltCallback), (2 bytes).
    Removing stm32h7xx_hal_uart.o(.ARM.exidx.text.HAL_UART_AbortReceiveCpltCallback), (8 bytes).
    Removing stm32h7xx_hal_uart.o(.text.HAL_UART_IRQHandler), (1906 bytes).
    Removing stm32h7xx_hal_uart.o(.ARM.exidx.text.HAL_UART_IRQHandler), (8 bytes).
    Removing stm32h7xx_hal_uart.o(.text.UART_DMAAbortOnError), (6 bytes).
    Removing stm32h7xx_hal_uart.o(.ARM.exidx.text.UART_DMAAbortOnError), (8 bytes).
    Removing stm32h7xx_hal_uart.o(.text.HAL_UART_ErrorCallback), (2 bytes).
    Removing stm32h7xx_hal_uart.o(.ARM.exidx.text.HAL_UART_ErrorCallback), (8 bytes).
    Removing stm32h7xx_hal_uart.o(.text.HAL_UARTEx_RxEventCallback), (2 bytes).
    Removing stm32h7xx_hal_uart.o(.ARM.exidx.text.HAL_UARTEx_RxEventCallback), (8 bytes).
    Removing stm32h7xx_hal_uart.o(.text.HAL_UART_TxCpltCallback), (2 bytes).
    Removing stm32h7xx_hal_uart.o(.ARM.exidx.text.HAL_UART_TxCpltCallback), (8 bytes).
    Removing stm32h7xx_hal_uart.o(.text.HAL_UART_TxHalfCpltCallback), (2 bytes).
    Removing stm32h7xx_hal_uart.o(.ARM.exidx.text.HAL_UART_TxHalfCpltCallback), (8 bytes).
    Removing stm32h7xx_hal_uart.o(.text.HAL_UART_RxCpltCallback), (2 bytes).
    Removing stm32h7xx_hal_uart.o(.ARM.exidx.text.HAL_UART_RxCpltCallback), (8 bytes).
    Removing stm32h7xx_hal_uart.o(.text.HAL_UART_RxHalfCpltCallback), (2 bytes).
    Removing stm32h7xx_hal_uart.o(.ARM.exidx.text.HAL_UART_RxHalfCpltCallback), (8 bytes).
    Removing stm32h7xx_hal_uart.o(.text.HAL_UART_ReceiverTimeout_Config), (28 bytes).
    Removing stm32h7xx_hal_uart.o(.ARM.exidx.text.HAL_UART_ReceiverTimeout_Config), (8 bytes).
    Removing stm32h7xx_hal_uart.o(.text.HAL_UART_EnableReceiverTimeout), (70 bytes).
    Removing stm32h7xx_hal_uart.o(.ARM.exidx.text.HAL_UART_EnableReceiverTimeout), (8 bytes).
    Removing stm32h7xx_hal_uart.o(.text.HAL_UART_DisableReceiverTimeout), (70 bytes).
    Removing stm32h7xx_hal_uart.o(.ARM.exidx.text.HAL_UART_DisableReceiverTimeout), (8 bytes).
    Removing stm32h7xx_hal_uart.o(.text.HAL_MultiProcessor_EnableMuteMode), (114 bytes).
    Removing stm32h7xx_hal_uart.o(.ARM.exidx.text.HAL_MultiProcessor_EnableMuteMode), (8 bytes).
    Removing stm32h7xx_hal_uart.o(.text.HAL_MultiProcessor_DisableMuteMode), (114 bytes).
    Removing stm32h7xx_hal_uart.o(.ARM.exidx.text.HAL_MultiProcessor_DisableMuteMode), (8 bytes).
    Removing stm32h7xx_hal_uart.o(.text.HAL_MultiProcessor_EnterMuteMode), (12 bytes).
    Removing stm32h7xx_hal_uart.o(.ARM.exidx.text.HAL_MultiProcessor_EnterMuteMode), (8 bytes).
    Removing stm32h7xx_hal_uart.o(.text.HAL_HalfDuplex_EnableTransmitter), (200 bytes).
    Removing stm32h7xx_hal_uart.o(.ARM.exidx.text.HAL_HalfDuplex_EnableTransmitter), (8 bytes).
    Removing stm32h7xx_hal_uart.o(.text.HAL_HalfDuplex_EnableReceiver), (200 bytes).
    Removing stm32h7xx_hal_uart.o(.ARM.exidx.text.HAL_HalfDuplex_EnableReceiver), (8 bytes).
    Removing stm32h7xx_hal_uart.o(.text.HAL_LIN_SendBreak), (44 bytes).
    Removing stm32h7xx_hal_uart.o(.ARM.exidx.text.HAL_LIN_SendBreak), (8 bytes).
    Removing stm32h7xx_hal_uart.o(.text.HAL_UART_GetState), (12 bytes).
    Removing stm32h7xx_hal_uart.o(.ARM.exidx.text.HAL_UART_GetState), (8 bytes).
    Removing stm32h7xx_hal_uart.o(.text.HAL_UART_GetError), (6 bytes).
    Removing stm32h7xx_hal_uart.o(.ARM.exidx.text.HAL_UART_GetError), (8 bytes).
    Removing stm32h7xx_hal_uart.o(.text.UART_RxISR_16BIT_FIFOEN), (826 bytes).
    Removing stm32h7xx_hal_uart.o(.ARM.exidx.text.UART_RxISR_16BIT_FIFOEN), (8 bytes).
    Removing stm32h7xx_hal_uart.o(.text.UART_RxISR_8BIT_FIFOEN), (830 bytes).
    Removing stm32h7xx_hal_uart.o(.ARM.exidx.text.UART_RxISR_8BIT_FIFOEN), (8 bytes).
    Removing stm32h7xx_hal_uart.o(.text.UART_RxISR_16BIT), (452 bytes).
    Removing stm32h7xx_hal_uart.o(.ARM.exidx.text.UART_RxISR_16BIT), (8 bytes).
    Removing stm32h7xx_hal_uart.o(.text.UART_RxISR_8BIT), (456 bytes).
    Removing stm32h7xx_hal_uart.o(.ARM.exidx.text.UART_RxISR_8BIT), (8 bytes).
    Removing stm32h7xx_hal_uart.o(.text.UART_DMAReceiveCplt), (626 bytes).
    Removing stm32h7xx_hal_uart.o(.ARM.exidx.text.UART_DMAReceiveCplt), (8 bytes).
    Removing stm32h7xx_hal_uart.o(.text.UART_DMARxHalfCplt), (274 bytes).
    Removing stm32h7xx_hal_uart.o(.ARM.exidx.text.UART_DMARxHalfCplt), (8 bytes).
    Removing system_stm32h7xx.o(.text), (0 bytes).
    Removing system_stm32h7xx.o(.ARM.exidx.text.SystemInit), (8 bytes).
    Removing system_stm32h7xx.o(.text.SystemCoreClockUpdate), (304 bytes).
    Removing system_stm32h7xx.o(.ARM.exidx.text.SystemCoreClockUpdate), (8 bytes).
    Removing system_stm32h7xx.o(.ARM.exidx.text.ExitRun0Mode), (8 bytes).

906 unused section(s) (total 75637 bytes) removed from the image.

==============================================================================

Image Symbol Table

    Local Symbols

    Symbol Name                              Value     Ov Type        Size  Object(Section)

    ../clib/angel/boardlib.s                 0x00000000   Number         0  boardinit1.o ABSOLUTE
    ../clib/angel/boardlib.s                 0x00000000   Number         0  boardinit2.o ABSOLUTE
    ../clib/angel/boardlib.s                 0x00000000   Number         0  boardinit3.o ABSOLUTE
    ../clib/angel/boardlib.s                 0x00000000   Number         0  boardshut.o ABSOLUTE
    ../clib/angel/handlers.s                 0x00000000   Number         0  __scatter_copy.o ABSOLUTE
    ../clib/angel/handlers.s                 0x00000000   Number         0  __scatter_zi.o ABSOLUTE
    ../clib/angel/kernel.s                   0x00000000   Number         0  __rtentry.o ABSOLUTE
    ../clib/angel/kernel.s                   0x00000000   Number         0  __rtentry2.o ABSOLUTE
    ../clib/angel/kernel.s                   0x00000000   Number         0  __rtentry4.o ABSOLUTE
    ../clib/angel/kernel.s                   0x00000000   Number         0  rtexit.o ABSOLUTE
    ../clib/angel/kernel.s                   0x00000000   Number         0  rtexit2.o ABSOLUTE
    ../clib/angel/rt.s                       0x00000000   Number         0  aeabi_ldiv0.o ABSOLUTE
    ../clib/angel/rt.s                       0x00000000   Number         0  aeabi_ldiv0_sigfpe.o ABSOLUTE
    ../clib/angel/rt.s                       0x00000000   Number         0  rt_div0.o ABSOLUTE
    ../clib/angel/rt.s                       0x00000000   Number         0  rt_raise.o ABSOLUTE
    ../clib/angel/scatter.s                  0x00000000   Number         0  __scatter.o ABSOLUTE
    ../clib/angel/startup.s                  0x00000000   Number         0  __main.o ABSOLUTE
    ../clib/angel/sys.s                      0x00000000   Number         0  sys_stackheap_outer.o ABSOLUTE
    ../clib/angel/sys.s                      0x00000000   Number         0  libspace.o ABSOLUTE
    ../clib/angel/sys.s                      0x00000000   Number         0  use_no_semi.o ABSOLUTE
    ../clib/angel/sys.s                      0x00000000   Number         0  indicate_semi.o ABSOLUTE
    ../clib/angel/sysapp.c                   0x00000000   Number         0  sys_exit.o ABSOLUTE
    ../clib/angel/sysapp.c                   0x00000000   Number         0  sys_exit_hlt.o ABSOLUTE
    ../clib/angel/sysapp.c                   0x00000000   Number         0  sys_wrch.o ABSOLUTE
    ../clib/angel/sysapp.c                   0x00000000   Number         0  sys_wrch_hlt.o ABSOLUTE
    ../clib/angel/sysapp.c                   0x00000000   Number         0  sys_command.o ABSOLUTE
    ../clib/angel/sysapp.c                   0x00000000   Number         0  sys_command_hlt.o ABSOLUTE
    ../clib/armsys.c                         0x00000000   Number         0  argv_veneer.o ABSOLUTE
    ../clib/armsys.c                         0x00000000   Number         0  argv_veneer.o ABSOLUTE
    ../clib/armsys.c                         0x00000000   Number         0  _get_argv_nomalloc.o ABSOLUTE
    ../clib/armsys.c                         0x00000000   Number         0  no_argv.o ABSOLUTE
    ../clib/heapalloc.c                      0x00000000   Number         0  hrguard.o ABSOLUTE
    ../clib/heapaux.c                        0x00000000   Number         0  heapauxi.o ABSOLUTE
    ../clib/libinit.s                        0x00000000   Number         0  libinit.o ABSOLUTE
    ../clib/libinit.s                        0x00000000   Number         0  libinit2.o ABSOLUTE
    ../clib/libinit.s                        0x00000000   Number         0  libshutdown.o ABSOLUTE
    ../clib/libinit.s                        0x00000000   Number         0  libshutdown2.o ABSOLUTE
    ../clib/longlong.s                       0x00000000   Number         0  lludivv7m.o ABSOLUTE
    ../clib/signal.c                         0x00000000   Number         0  defsig_fpe_outer.o ABSOLUTE
    ../clib/signal.c                         0x00000000   Number         0  defsig_fpe_formal.o ABSOLUTE
    ../clib/signal.c                         0x00000000   Number         0  defsig_exit.o ABSOLUTE
    ../clib/signal.c                         0x00000000   Number         0  defsig_fpe_inner.o ABSOLUTE
    ../clib/signal.c                         0x00000000   Number         0  __raise.o ABSOLUTE
    ../clib/signal.c                         0x00000000   Number         0  defsig_general.o ABSOLUTE
    ../clib/signal.c                         0x00000000   Number         0  defsig_abrt_inner.o ABSOLUTE
    ../clib/signal.c                         0x00000000   Number         0  defsig_rtred_inner.o ABSOLUTE
    ../clib/signal.c                         0x00000000   Number         0  defsig_rtmem_inner.o ABSOLUTE
    ../clib/signal.c                         0x00000000   Number         0  defsig_rtmem_outer.o ABSOLUTE
    ../clib/signal.c                         0x00000000   Number         0  defsig_rtmem_formal.o ABSOLUTE
    ../clib/signal.c                         0x00000000   Number         0  defsig_stak_inner.o ABSOLUTE
    ../clib/signal.c                         0x00000000   Number         0  defsig_pvfn_inner.o ABSOLUTE
    ../clib/signal.c                         0x00000000   Number         0  defsig_cppl_inner.o ABSOLUTE
    ../clib/signal.c                         0x00000000   Number         0  defsig_segv_inner.o ABSOLUTE
    ../clib/signal.c                         0x00000000   Number         0  defsig_other.o ABSOLUTE
    ../clib/signal.s                         0x00000000   Number         0  defsig.o ABSOLUTE
    ../clib/stdlib.c                         0x00000000   Number         0  exit.o ABSOLUTE
    ../fplib/fpinit.s                        0x00000000   Number         0  fpinit.o ABSOLUTE
    dc.s                                     0x00000000   Number         0  dc.o ABSOLUTE
    main.c                                   0x00000000   Number         0  main.o ABSOLUTE
    startup_stm32h7a3xxq.s                   0x00000000   Number         0  startup_stm32h7a3xxq.o ABSOLUTE
    stm32h7xx_hal.c                          0x00000000   Number         0  stm32h7xx_hal.o ABSOLUTE
    stm32h7xx_hal_cortex.c                   0x00000000   Number         0  stm32h7xx_hal_cortex.o ABSOLUTE
    stm32h7xx_hal_dma.c                      0x00000000   Number         0  stm32h7xx_hal_dma.o ABSOLUTE
    stm32h7xx_hal_dma_ex.c                   0x00000000   Number         0  stm32h7xx_hal_dma_ex.o ABSOLUTE
    stm32h7xx_hal_exti.c                     0x00000000   Number         0  stm32h7xx_hal_exti.o ABSOLUTE
    stm32h7xx_hal_flash.c                    0x00000000   Number         0  stm32h7xx_hal_flash.o ABSOLUTE
    stm32h7xx_hal_flash_ex.c                 0x00000000   Number         0  stm32h7xx_hal_flash_ex.o ABSOLUTE
    stm32h7xx_hal_gpio.c                     0x00000000   Number         0  stm32h7xx_hal_gpio.o ABSOLUTE
    stm32h7xx_hal_hsem.c                     0x00000000   Number         0  stm32h7xx_hal_hsem.o ABSOLUTE
    stm32h7xx_hal_i2c.c                      0x00000000   Number         0  stm32h7xx_hal_i2c.o ABSOLUTE
    stm32h7xx_hal_i2c_ex.c                   0x00000000   Number         0  stm32h7xx_hal_i2c_ex.o ABSOLUTE
    stm32h7xx_hal_mdma.c                     0x00000000   Number         0  stm32h7xx_hal_mdma.o ABSOLUTE
    stm32h7xx_hal_msp.c                      0x00000000   Number         0  stm32h7xx_hal_msp.o ABSOLUTE
    stm32h7xx_hal_pwr.c                      0x00000000   Number         0  stm32h7xx_hal_pwr.o ABSOLUTE
    stm32h7xx_hal_pwr_ex.c                   0x00000000   Number         0  stm32h7xx_hal_pwr_ex.o ABSOLUTE
    stm32h7xx_hal_rcc.c                      0x00000000   Number         0  stm32h7xx_hal_rcc.o ABSOLUTE
    stm32h7xx_hal_rcc_ex.c                   0x00000000   Number         0  stm32h7xx_hal_rcc_ex.o ABSOLUTE
    stm32h7xx_hal_tim.c                      0x00000000   Number         0  stm32h7xx_hal_tim.o ABSOLUTE
    stm32h7xx_hal_tim_ex.c                   0x00000000   Number         0  stm32h7xx_hal_tim_ex.o ABSOLUTE
    stm32h7xx_hal_uart.c                     0x00000000   Number         0  stm32h7xx_hal_uart.o ABSOLUTE
    stm32h7xx_hal_uart_ex.c                  0x00000000   Number         0  stm32h7xx_hal_uart_ex.o ABSOLUTE
    stm32h7xx_hal_usart.c                    0x00000000   Number         0  stm32h7xx_hal_usart.o ABSOLUTE
    stm32h7xx_hal_usart_ex.c                 0x00000000   Number         0  stm32h7xx_hal_usart_ex.o ABSOLUTE
    stm32h7xx_it.c                           0x00000000   Number         0  stm32h7xx_it.o ABSOLUTE
    stm32h7xx_nucleo.c                       0x00000000   Number         0  stm32h7xx_nucleo.o ABSOLUTE
    system_stm32h7xx.c                       0x00000000   Number         0  system_stm32h7xx.o ABSOLUTE
    RESET                                    0x08000000   Section      684  startup_stm32h7a3xxq.o(RESET)
    !!!main                                  0x080002ac   Section        8  __main.o(!!!main)
    !!!scatter                               0x080002b4   Section       92  __scatter.o(!!!scatter)
    !!handler_copy                           0x08000310   Section       26  __scatter_copy.o(!!handler_copy)
    !!handler_null                           0x0800032c   Section        2  __scatter.o(!!handler_null)
    !!handler_zi                             0x08000330   Section       28  __scatter_zi.o(!!handler_zi)
    .ARM.Collect$$libinit$$00000000          0x0800034c   Section        2  libinit.o(.ARM.Collect$$libinit$$00000000)
    .ARM.Collect$$libinit$$00000001          0x0800034e   Section        4  libinit2.o(.ARM.Collect$$libinit$$00000001)
    .ARM.Collect$$libinit$$00000004          0x08000352   Section        0  libinit2.o(.ARM.Collect$$libinit$$00000004)
    .ARM.Collect$$libinit$$00000006          0x08000352   Section        0  libinit2.o(.ARM.Collect$$libinit$$00000006)
    .ARM.Collect$$libinit$$0000000C          0x08000352   Section        0  libinit2.o(.ARM.Collect$$libinit$$0000000C)
    .ARM.Collect$$libinit$$0000000E          0x08000352   Section        0  libinit2.o(.ARM.Collect$$libinit$$0000000E)
    .ARM.Collect$$libinit$$00000010          0x08000352   Section        0  libinit2.o(.ARM.Collect$$libinit$$00000010)
    .ARM.Collect$$libinit$$00000013          0x08000352   Section        0  libinit2.o(.ARM.Collect$$libinit$$00000013)
    .ARM.Collect$$libinit$$00000015          0x08000352   Section        0  libinit2.o(.ARM.Collect$$libinit$$00000015)
    .ARM.Collect$$libinit$$00000017          0x08000352   Section        0  libinit2.o(.ARM.Collect$$libinit$$00000017)
    .ARM.Collect$$libinit$$00000019          0x08000352   Section        0  libinit2.o(.ARM.Collect$$libinit$$00000019)
    .ARM.Collect$$libinit$$0000001B          0x08000352   Section        0  libinit2.o(.ARM.Collect$$libinit$$0000001B)
    .ARM.Collect$$libinit$$0000001D          0x08000352   Section        0  libinit2.o(.ARM.Collect$$libinit$$0000001D)
    .ARM.Collect$$libinit$$0000001F          0x08000352   Section        0  libinit2.o(.ARM.Collect$$libinit$$0000001F)
    .ARM.Collect$$libinit$$00000021          0x08000352   Section        0  libinit2.o(.ARM.Collect$$libinit$$00000021)
    .ARM.Collect$$libinit$$00000023          0x08000352   Section        0  libinit2.o(.ARM.Collect$$libinit$$00000023)
    .ARM.Collect$$libinit$$00000025          0x08000352   Section        0  libinit2.o(.ARM.Collect$$libinit$$00000025)
    .ARM.Collect$$libinit$$00000027          0x08000352   Section        0  libinit2.o(.ARM.Collect$$libinit$$00000027)
    .ARM.Collect$$libinit$$0000002E          0x08000352   Section        0  libinit2.o(.ARM.Collect$$libinit$$0000002E)
    .ARM.Collect$$libinit$$00000030          0x08000352   Section        0  libinit2.o(.ARM.Collect$$libinit$$00000030)
    .ARM.Collect$$libinit$$00000032          0x08000352   Section        0  libinit2.o(.ARM.Collect$$libinit$$00000032)
    .ARM.Collect$$libinit$$00000034          0x08000352   Section        0  libinit2.o(.ARM.Collect$$libinit$$00000034)
    .ARM.Collect$$libinit$$00000035          0x08000352   Section        2  libinit2.o(.ARM.Collect$$libinit$$00000035)
    .ARM.Collect$$libshutdown$$00000000      0x08000354   Section        2  libshutdown.o(.ARM.Collect$$libshutdown$$00000000)
    .ARM.Collect$$libshutdown$$00000002      0x08000356   Section        0  libshutdown2.o(.ARM.Collect$$libshutdown$$00000002)
    .ARM.Collect$$libshutdown$$00000004      0x08000356   Section        0  libshutdown2.o(.ARM.Collect$$libshutdown$$00000004)
    .ARM.Collect$$libshutdown$$00000007      0x08000356   Section        0  libshutdown2.o(.ARM.Collect$$libshutdown$$00000007)
    .ARM.Collect$$libshutdown$$0000000A      0x08000356   Section        0  libshutdown2.o(.ARM.Collect$$libshutdown$$0000000A)
    .ARM.Collect$$libshutdown$$0000000C      0x08000356   Section        0  libshutdown2.o(.ARM.Collect$$libshutdown$$0000000C)
    .ARM.Collect$$libshutdown$$0000000F      0x08000356   Section        0  libshutdown2.o(.ARM.Collect$$libshutdown$$0000000F)
    .ARM.Collect$$libshutdown$$00000010      0x08000356   Section        2  libshutdown2.o(.ARM.Collect$$libshutdown$$00000010)
    .ARM.Collect$$rtentry$$00000000          0x08000358   Section        0  __rtentry.o(.ARM.Collect$$rtentry$$00000000)
    .ARM.Collect$$rtentry$$00000002          0x08000358   Section        0  __rtentry2.o(.ARM.Collect$$rtentry$$00000002)
    .ARM.Collect$$rtentry$$00000004          0x08000358   Section        6  __rtentry4.o(.ARM.Collect$$rtentry$$00000004)
    .ARM.Collect$$rtentry$$00000009          0x0800035e   Section        0  __rtentry2.o(.ARM.Collect$$rtentry$$00000009)
    .ARM.Collect$$rtentry$$0000000A          0x0800035e   Section        4  __rtentry2.o(.ARM.Collect$$rtentry$$0000000A)
    .ARM.Collect$$rtentry$$0000000C          0x08000362   Section        0  __rtentry2.o(.ARM.Collect$$rtentry$$0000000C)
    .ARM.Collect$$rtentry$$0000000D          0x08000362   Section        8  __rtentry2.o(.ARM.Collect$$rtentry$$0000000D)
    .ARM.Collect$$rtexit$$00000000           0x0800036a   Section        2  rtexit.o(.ARM.Collect$$rtexit$$00000000)
    .ARM.Collect$$rtexit$$00000002           0x0800036c   Section        0  rtexit2.o(.ARM.Collect$$rtexit$$00000002)
    .ARM.Collect$$rtexit$$00000003           0x0800036c   Section        4  rtexit2.o(.ARM.Collect$$rtexit$$00000003)
    .ARM.Collect$$rtexit$$00000004           0x08000370   Section        6  rtexit2.o(.ARM.Collect$$rtexit$$00000004)
    $v0                                      0x08000378   Number         0  startup_stm32h7a3xxq.o(.text)
    .text                                    0x08000378   Section       72  startup_stm32h7a3xxq.o(.text)
    .text                                    0x080003c0   Section      240  lludivv7m.o(.text)
    .text                                    0x080004b0   Section        0  heapauxi.o(.text)
    .text                                    0x080004b6   Section       74  sys_stackheap_outer.o(.text)
    .text                                    0x08000500   Section        0  exit.o(.text)
    .text                                    0x08000514   Section        8  libspace.o(.text)
    .text                                    0x0800051c   Section        0  sys_exit.o(.text)
    .text                                    0x08000528   Section        2  use_no_semi.o(.text)
    .text                                    0x0800052a   Section        0  indicate_semi.o(.text)
    [Anonymous Symbol]                       0x08000530   Section        0  stm32h7xx_nucleo.o(.text.BSP_COM_Init)
    [Anonymous Symbol]                       0x080005e0   Section        0  stm32h7xx_nucleo.o(.text.BSP_LED_Init)
    [Anonymous Symbol]                       0x08000668   Section        0  stm32h7xx_nucleo.o(.text.BSP_LED_Toggle)
    [Anonymous Symbol]                       0x08000698   Section        0  stm32h7xx_nucleo.o(.text.BSP_PB_Callback)
    [Anonymous Symbol]                       0x080006a0   Section        0  stm32h7xx_nucleo.o(.text.BSP_PB_IRQHandler)
    [Anonymous Symbol]                       0x080006b0   Section        0  stm32h7xx_nucleo.o(.text.BSP_PB_Init)
    BUTTON_USER_EXTI_Callback                0x08000749   Thumb Code     6  stm32h7xx_nucleo.o(.text.BUTTON_USER_EXTI_Callback)
    [Anonymous Symbol]                       0x08000748   Section        0  stm32h7xx_nucleo.o(.text.BUTTON_USER_EXTI_Callback)
    [Anonymous Symbol]                       0x08000750   Section        0  stm32h7xx_it.o(.text.BusFault_Handler)
    [Anonymous Symbol]                       0x08000758   Section        0  stm32h7xx_it.o(.text.DebugMon_Handler)
    [Anonymous Symbol]                       0x08000760   Section        0  stm32h7xx_it.o(.text.EXTI15_10_IRQHandler)
    [Anonymous Symbol]                       0x08000768   Section        0  system_stm32h7xx.o(.text.ExitRun0Mode)
    [Anonymous Symbol]                       0x08000798   Section        0  stm32h7xx_hal.o(.text.HAL_Delay)
    [Anonymous Symbol]                       0x080007c0   Section        0  stm32h7xx_hal_exti.o(.text.HAL_EXTI_GetHandle)
    [Anonymous Symbol]                       0x080007d0   Section        0  stm32h7xx_hal_exti.o(.text.HAL_EXTI_IRQHandler)
    [Anonymous Symbol]                       0x08000810   Section        0  stm32h7xx_hal_exti.o(.text.HAL_EXTI_RegisterCallback)
    [Anonymous Symbol]                       0x08000828   Section        0  stm32h7xx_hal_gpio.o(.text.HAL_GPIO_Init)
    [Anonymous Symbol]                       0x080009f0   Section        0  stm32h7xx_hal_gpio.o(.text.HAL_GPIO_TogglePin)
    [Anonymous Symbol]                       0x08000a00   Section        0  stm32h7xx_hal_gpio.o(.text.HAL_GPIO_WritePin)
    [Anonymous Symbol]                       0x08000a10   Section        0  stm32h7xx_hal.o(.text.HAL_GetTick)
    [Anonymous Symbol]                       0x08000a20   Section        0  stm32h7xx_hal.o(.text.HAL_IncTick)
    [Anonymous Symbol]                       0x08000a40   Section        0  stm32h7xx_hal.o(.text.HAL_Init)
    [Anonymous Symbol]                       0x08000aa8   Section        0  stm32h7xx_hal.o(.text.HAL_InitTick)
    [Anonymous Symbol]                       0x08000af8   Section        0  stm32h7xx_hal_cortex.o(.text.HAL_MPU_ConfigRegion)
    [Anonymous Symbol]                       0x08000b58   Section        0  stm32h7xx_hal_cortex.o(.text.HAL_MPU_Disable)
    [Anonymous Symbol]                       0x08000b78   Section        0  stm32h7xx_hal_cortex.o(.text.HAL_MPU_Enable)
    [Anonymous Symbol]                       0x08000b98   Section        0  stm32h7xx_hal_msp.o(.text.HAL_MspInit)
    [Anonymous Symbol]                       0x08000bb8   Section        0  stm32h7xx_hal_cortex.o(.text.HAL_NVIC_EnableIRQ)
    [Anonymous Symbol]                       0x08000be0   Section        0  stm32h7xx_hal_cortex.o(.text.HAL_NVIC_SetPriority)
    [Anonymous Symbol]                       0x08000c40   Section        0  stm32h7xx_hal_cortex.o(.text.HAL_NVIC_SetPriorityGrouping)
    [Anonymous Symbol]                       0x08000c60   Section        0  stm32h7xx_hal_pwr_ex.o(.text.HAL_PWREx_ConfigSupply)
    [Anonymous Symbol]                       0x08000ce8   Section        0  stm32h7xx_hal_rcc_ex.o(.text.HAL_RCCEx_GetD3PCLK1Freq)
    [Anonymous Symbol]                       0x08000d10   Section        0  stm32h7xx_hal_rcc_ex.o(.text.HAL_RCCEx_GetPLL2ClockFreq)
    [Anonymous Symbol]                       0x08000e40   Section        0  stm32h7xx_hal_rcc_ex.o(.text.HAL_RCCEx_GetPLL3ClockFreq)
    [Anonymous Symbol]                       0x08000f70   Section        0  stm32h7xx_hal_rcc.o(.text.HAL_RCC_ClockConfig)
    [Anonymous Symbol]                       0x080011d8   Section        0  stm32h7xx_hal_rcc.o(.text.HAL_RCC_GetHCLKFreq)
    [Anonymous Symbol]                       0x08001228   Section        0  stm32h7xx_hal_rcc.o(.text.HAL_RCC_GetPCLK1Freq)
    [Anonymous Symbol]                       0x08001288   Section        0  stm32h7xx_hal_rcc.o(.text.HAL_RCC_GetPCLK2Freq)
    [Anonymous Symbol]                       0x080012e8   Section        0  stm32h7xx_hal_rcc.o(.text.HAL_RCC_GetSysClockFreq)
    [Anonymous Symbol]                       0x08001400   Section        0  stm32h7xx_hal_rcc.o(.text.HAL_RCC_OscConfig)
    [Anonymous Symbol]                       0x08001990   Section        0  stm32h7xx_hal_cortex.o(.text.HAL_SYSTICK_Config)
    [Anonymous Symbol]                       0x080019c0   Section        0  stm32h7xx_hal_uart.o(.text.HAL_UART_Init)
    [Anonymous Symbol]                       0x08001a28   Section        0  stm32h7xx_hal_uart.o(.text.HAL_UART_MspInit)
    [Anonymous Symbol]                       0x08001a30   Section        0  stm32h7xx_it.o(.text.HardFault_Handler)
    [Anonymous Symbol]                       0x08001a38   Section        0  stm32h7xx_nucleo.o(.text.MX_USART3_Init)
    [Anonymous Symbol]                       0x08001a68   Section        0  stm32h7xx_it.o(.text.MemManage_Handler)
    [Anonymous Symbol]                       0x08001a70   Section        0  stm32h7xx_it.o(.text.NMI_Handler)
    [Anonymous Symbol]                       0x08001a78   Section        0  stm32h7xx_it.o(.text.PendSV_Handler)
    [Anonymous Symbol]                       0x08001a80   Section        0  stm32h7xx_it.o(.text.SVC_Handler)
    [Anonymous Symbol]                       0x08001a88   Section        0  stm32h7xx_it.o(.text.SysTick_Handler)
    [Anonymous Symbol]                       0x08001a90   Section        0  main.o(.text.SystemClock_Config)
    [Anonymous Symbol]                       0x08001b68   Section        0  system_stm32h7xx.o(.text.SystemInit)
    [Anonymous Symbol]                       0x08001c40   Section        0  stm32h7xx_hal_uart.o(.text.UART_AdvFeatureConfig)
    [Anonymous Symbol]                       0x08001d20   Section        0  stm32h7xx_hal_uart.o(.text.UART_CheckIdleState)
    [Anonymous Symbol]                       0x08001e98   Section        0  stm32h7xx_hal_uart.o(.text.UART_SetConfig)
    [Anonymous Symbol]                       0x08002338   Section        0  stm32h7xx_hal_uart.o(.text.UART_WaitOnFlagUntilTimeout)
    [Anonymous Symbol]                       0x08002690   Section        0  stm32h7xx_it.o(.text.UsageFault_Handler)
    [Anonymous Symbol]                       0x08002698   Section        0  main.o(.text.main)
    $v0                                      0x08002740   Number         0  fpinit.o(x$fpl$fpinit)
    x$fpl$fpinit                             0x08002740   Section       26  fpinit.o(x$fpl$fpinit)
    .Lswitch.table.UART_SetConfig.7          0x0800275a   Data           6  stm32h7xx_hal_uart.o(.rodata..Lswitch.table.UART_SetConfig.7)
    .Lswitch.table.UART_SetConfig.9          0x08002760   Data           6  stm32h7xx_hal_uart.o(.rodata..Lswitch.table.UART_SetConfig.9)
    LED_PIN                                  0x08002776   Data           6  stm32h7xx_nucleo.o(.rodata.LED_PIN)
    [Anonymous Symbol]                       0x08002776   Section        0  stm32h7xx_nucleo.o(.rodata.LED_PIN)
    LED_PORT                                 0x0800277c   Data          12  stm32h7xx_nucleo.o(.rodata.LED_PORT)
    [Anonymous Symbol]                       0x0800277c   Section        0  stm32h7xx_nucleo.o(.rodata.LED_PORT)
    .L_MergedGlobals                         0x24000000   Data           8  stm32h7xx_hal.o(.data..L_MergedGlobals)
    [Anonymous Symbol]                       0x24000000   Section        0  stm32h7xx_hal.o(.data..L_MergedGlobals)
    .L_MergedGlobals                         0x24000008   Data           8  system_stm32h7xx.o(.data..L_MergedGlobals)
    [Anonymous Symbol]                       0x24000008   Section        0  system_stm32h7xx.o(.data..L_MergedGlobals)
    .bss                                     0x24000018   Section       96  libspace.o(.bss)
    Heap_Mem                                 0x24000128   Data         512  startup_stm32h7a3xxq.o(HEAP)
    HEAP                                     0x24000128   Section      512  startup_stm32h7a3xxq.o(HEAP)
    Stack_Mem                                0x24000328   Data        1024  startup_stm32h7a3xxq.o(STACK)
    STACK                                    0x24000328   Section     1024  startup_stm32h7a3xxq.o(STACK)
    __initial_sp                             0x24000728   Data           0  startup_stm32h7a3xxq.o(STACK)

    Global Symbols

    Symbol Name                              Value     Ov Type        Size  Object(Section)

    BuildAttributes$$THM_ISAv4$E$P$D$K$B$S$7EM$VFPv5_D16$PE$PLD8$A:L22UL41UL21$X:L11$S22US41US21$IEEE1$IW$~IW$USESV6$~STKCKD$USESV7$~SHL$OTIME$ROPI$EBA8$UX$STANDARDLIB$REQ8$PRES8$EABIv2 0x00000000   Number         0  anon$$obj.o ABSOLUTE
    __ARM_exceptions_init                     - Undefined Weak Reference
    __alloca_initialize                       - Undefined Weak Reference
    __arm_preinit_                            - Undefined Weak Reference
    __arm_relocate_pie_                       - Undefined Weak Reference
    __cpp_initialize__aeabi_                  - Undefined Weak Reference
    __cxa_finalize                            - Undefined Weak Reference
    __rt_locale                               - Undefined Weak Reference
    __sigvec_lookup                           - Undefined Weak Reference
    _atexit_init                              - Undefined Weak Reference
    _call_atexit_fns                          - Undefined Weak Reference
    _clock_init                               - Undefined Weak Reference
    _fp_trap_init                             - Undefined Weak Reference
    _fp_trap_shutdown                         - Undefined Weak Reference
    _get_lc_collate                           - Undefined Weak Reference
    _get_lc_ctype                             - Undefined Weak Reference
    _get_lc_monetary                          - Undefined Weak Reference
    _get_lc_numeric                           - Undefined Weak Reference
    _get_lc_time                              - Undefined Weak Reference
    _getenv_init                              - Undefined Weak Reference
    _handle_redirection                       - Undefined Weak Reference
    _init_alloc                               - Undefined Weak Reference
    _init_user_alloc                          - Undefined Weak Reference
    _initio                                   - Undefined Weak Reference
    _rand_init                                - Undefined Weak Reference
    _signal_finish                            - Undefined Weak Reference
    _signal_init                              - Undefined Weak Reference
    _terminate_alloc                          - Undefined Weak Reference
    _terminate_user_alloc                     - Undefined Weak Reference
    _terminateio                              - Undefined Weak Reference
    __Vectors_Size                           0x000002ac   Number         0  startup_stm32h7a3xxq.o ABSOLUTE
    __Vectors                                0x08000000   Data           4  startup_stm32h7a3xxq.o(RESET)
    __Vectors_End                            0x080002ac   Data           0  startup_stm32h7a3xxq.o(RESET)
    __main                                   0x080002ad   Thumb Code     8  __main.o(!!!main)
    __scatterload                            0x080002b5   Thumb Code     0  __scatter.o(!!!scatter)
    __scatterload_rt2                        0x080002b5   Thumb Code    84  __scatter.o(!!!scatter)
    __scatterload_rt2_thumb_only             0x080002b5   Thumb Code     0  __scatter.o(!!!scatter)
    __scatterload_loop                       0x080002bf   Thumb Code     0  __scatter.o(!!!scatter)
    __scatterload_copy                       0x08000311   Thumb Code    26  __scatter_copy.o(!!handler_copy)
    __scatterload_null                       0x0800032d   Thumb Code     2  __scatter.o(!!handler_null)
    __scatterload_zeroinit                   0x08000331   Thumb Code    28  __scatter_zi.o(!!handler_zi)
    __rt_lib_init                            0x0800034d   Thumb Code     0  libinit.o(.ARM.Collect$$libinit$$00000000)
    __rt_lib_init_fp_1                       0x0800034f   Thumb Code     0  libinit2.o(.ARM.Collect$$libinit$$00000001)
    __rt_lib_init_alloca_1                   0x08000353   Thumb Code     0  libinit2.o(.ARM.Collect$$libinit$$00000030)
    __rt_lib_init_argv_1                     0x08000353   Thumb Code     0  libinit2.o(.ARM.Collect$$libinit$$0000002E)
    __rt_lib_init_atexit_1                   0x08000353   Thumb Code     0  libinit2.o(.ARM.Collect$$libinit$$0000001D)
    __rt_lib_init_clock_1                    0x08000353   Thumb Code     0  libinit2.o(.ARM.Collect$$libinit$$00000023)
    __rt_lib_init_cpp_1                      0x08000353   Thumb Code     0  libinit2.o(.ARM.Collect$$libinit$$00000034)
    __rt_lib_init_exceptions_1               0x08000353   Thumb Code     0  libinit2.o(.ARM.Collect$$libinit$$00000032)
    __rt_lib_init_fp_trap_1                  0x08000353   Thumb Code     0  libinit2.o(.ARM.Collect$$libinit$$00000021)
    __rt_lib_init_getenv_1                   0x08000353   Thumb Code     0  libinit2.o(.ARM.Collect$$libinit$$00000025)
    __rt_lib_init_heap_1                     0x08000353   Thumb Code     0  libinit2.o(.ARM.Collect$$libinit$$0000000C)
    __rt_lib_init_lc_collate_1               0x08000353   Thumb Code     0  libinit2.o(.ARM.Collect$$libinit$$00000013)
    __rt_lib_init_lc_ctype_1                 0x08000353   Thumb Code     0  libinit2.o(.ARM.Collect$$libinit$$00000015)
    __rt_lib_init_lc_monetary_1              0x08000353   Thumb Code     0  libinit2.o(.ARM.Collect$$libinit$$00000017)
    __rt_lib_init_lc_numeric_1               0x08000353   Thumb Code     0  libinit2.o(.ARM.Collect$$libinit$$00000019)
    __rt_lib_init_lc_time_1                  0x08000353   Thumb Code     0  libinit2.o(.ARM.Collect$$libinit$$0000001B)
    __rt_lib_init_preinit_1                  0x08000353   Thumb Code     0  libinit2.o(.ARM.Collect$$libinit$$00000006)
    __rt_lib_init_rand_1                     0x08000353   Thumb Code     0  libinit2.o(.ARM.Collect$$libinit$$00000010)
    __rt_lib_init_relocate_pie_1             0x08000353   Thumb Code     0  libinit2.o(.ARM.Collect$$libinit$$00000004)
    __rt_lib_init_return                     0x08000353   Thumb Code     0  libinit2.o(.ARM.Collect$$libinit$$00000035)
    __rt_lib_init_signal_1                   0x08000353   Thumb Code     0  libinit2.o(.ARM.Collect$$libinit$$0000001F)
    __rt_lib_init_stdio_1                    0x08000353   Thumb Code     0  libinit2.o(.ARM.Collect$$libinit$$00000027)
    __rt_lib_init_user_alloc_1               0x08000353   Thumb Code     0  libinit2.o(.ARM.Collect$$libinit$$0000000E)
    __rt_lib_shutdown                        0x08000355   Thumb Code     0  libshutdown.o(.ARM.Collect$$libshutdown$$00000000)
    __rt_lib_shutdown_cpp_1                  0x08000357   Thumb Code     0  libshutdown2.o(.ARM.Collect$$libshutdown$$00000002)
    __rt_lib_shutdown_fp_trap_1              0x08000357   Thumb Code     0  libshutdown2.o(.ARM.Collect$$libshutdown$$00000007)
    __rt_lib_shutdown_heap_1                 0x08000357   Thumb Code     0  libshutdown2.o(.ARM.Collect$$libshutdown$$0000000F)
    __rt_lib_shutdown_return                 0x08000357   Thumb Code     0  libshutdown2.o(.ARM.Collect$$libshutdown$$00000010)
    __rt_lib_shutdown_signal_1               0x08000357   Thumb Code     0  libshutdown2.o(.ARM.Collect$$libshutdown$$0000000A)
    __rt_lib_shutdown_stdio_1                0x08000357   Thumb Code     0  libshutdown2.o(.ARM.Collect$$libshutdown$$00000004)
    __rt_lib_shutdown_user_alloc_1           0x08000357   Thumb Code     0  libshutdown2.o(.ARM.Collect$$libshutdown$$0000000C)
    __rt_entry                               0x08000359   Thumb Code     0  __rtentry.o(.ARM.Collect$$rtentry$$00000000)
    __rt_entry_presh_1                       0x08000359   Thumb Code     0  __rtentry2.o(.ARM.Collect$$rtentry$$00000002)
    __rt_entry_sh                            0x08000359   Thumb Code     0  __rtentry4.o(.ARM.Collect$$rtentry$$00000004)
    __rt_entry_li                            0x0800035f   Thumb Code     0  __rtentry2.o(.ARM.Collect$$rtentry$$0000000A)
    __rt_entry_postsh_1                      0x0800035f   Thumb Code     0  __rtentry2.o(.ARM.Collect$$rtentry$$00000009)
    __rt_entry_main                          0x08000363   Thumb Code     0  __rtentry2.o(.ARM.Collect$$rtentry$$0000000D)
    __rt_entry_postli_1                      0x08000363   Thumb Code     0  __rtentry2.o(.ARM.Collect$$rtentry$$0000000C)
    __rt_exit                                0x0800036b   Thumb Code     0  rtexit.o(.ARM.Collect$$rtexit$$00000000)
    __rt_exit_ls                             0x0800036d   Thumb Code     0  rtexit2.o(.ARM.Collect$$rtexit$$00000003)
    __rt_exit_prels_1                        0x0800036d   Thumb Code     0  rtexit2.o(.ARM.Collect$$rtexit$$00000002)
    __rt_exit_exit                           0x08000371   Thumb Code     0  rtexit2.o(.ARM.Collect$$rtexit$$00000004)
    Reset_Handler                            0x08000379   Thumb Code    12  startup_stm32h7a3xxq.o(.text)
    ADC_IRQHandler                           0x08000397   Thumb Code     0  startup_stm32h7a3xxq.o(.text)
    BDMA1_IRQHandler                         0x08000397   Thumb Code     0  startup_stm32h7a3xxq.o(.text)
    BDMA2_Channel0_IRQHandler                0x08000397   Thumb Code     0  startup_stm32h7a3xxq.o(.text)
    BDMA2_Channel1_IRQHandler                0x08000397   Thumb Code     0  startup_stm32h7a3xxq.o(.text)
    BDMA2_Channel2_IRQHandler                0x08000397   Thumb Code     0  startup_stm32h7a3xxq.o(.text)
    BDMA2_Channel3_IRQHandler                0x08000397   Thumb Code     0  startup_stm32h7a3xxq.o(.text)
    BDMA2_Channel4_IRQHandler                0x08000397   Thumb Code     0  startup_stm32h7a3xxq.o(.text)
    BDMA2_Channel5_IRQHandler                0x08000397   Thumb Code     0  startup_stm32h7a3xxq.o(.text)
    BDMA2_Channel6_IRQHandler                0x08000397   Thumb Code     0  startup_stm32h7a3xxq.o(.text)
    BDMA2_Channel7_IRQHandler                0x08000397   Thumb Code     0  startup_stm32h7a3xxq.o(.text)
    CEC_IRQHandler                           0x08000397   Thumb Code     0  startup_stm32h7a3xxq.o(.text)
    COMP_IRQHandler                          0x08000397   Thumb Code     0  startup_stm32h7a3xxq.o(.text)
    CRS_IRQHandler                           0x08000397   Thumb Code     0  startup_stm32h7a3xxq.o(.text)
    DAC2_IRQHandler                          0x08000397   Thumb Code     0  startup_stm32h7a3xxq.o(.text)
    DCMI_PSSI_IRQHandler                     0x08000397   Thumb Code     0  startup_stm32h7a3xxq.o(.text)
    DFSDM1_FLT0_IRQHandler                   0x08000397   Thumb Code     0  startup_stm32h7a3xxq.o(.text)
    DFSDM1_FLT1_IRQHandler                   0x08000397   Thumb Code     0  startup_stm32h7a3xxq.o(.text)
    DFSDM1_FLT2_IRQHandler                   0x08000397   Thumb Code     0  startup_stm32h7a3xxq.o(.text)
    DFSDM1_FLT3_IRQHandler                   0x08000397   Thumb Code     0  startup_stm32h7a3xxq.o(.text)
    DFSDM1_FLT4_IRQHandler                   0x08000397   Thumb Code     0  startup_stm32h7a3xxq.o(.text)
    DFSDM1_FLT5_IRQHandler                   0x08000397   Thumb Code     0  startup_stm32h7a3xxq.o(.text)
    DFSDM1_FLT6_IRQHandler                   0x08000397   Thumb Code     0  startup_stm32h7a3xxq.o(.text)
    DFSDM1_FLT7_IRQHandler                   0x08000397   Thumb Code     0  startup_stm32h7a3xxq.o(.text)
    DFSDM2_IRQHandler                        0x08000397   Thumb Code     0  startup_stm32h7a3xxq.o(.text)
    DMA1_Stream0_IRQHandler                  0x08000397   Thumb Code     0  startup_stm32h7a3xxq.o(.text)
    DMA1_Stream1_IRQHandler                  0x08000397   Thumb Code     0  startup_stm32h7a3xxq.o(.text)
    DMA1_Stream2_IRQHandler                  0x08000397   Thumb Code     0  startup_stm32h7a3xxq.o(.text)
    DMA1_Stream3_IRQHandler                  0x08000397   Thumb Code     0  startup_stm32h7a3xxq.o(.text)
    DMA1_Stream4_IRQHandler                  0x08000397   Thumb Code     0  startup_stm32h7a3xxq.o(.text)
    DMA1_Stream5_IRQHandler                  0x08000397   Thumb Code     0  startup_stm32h7a3xxq.o(.text)
    DMA1_Stream6_IRQHandler                  0x08000397   Thumb Code     0  startup_stm32h7a3xxq.o(.text)
    DMA1_Stream7_IRQHandler                  0x08000397   Thumb Code     0  startup_stm32h7a3xxq.o(.text)
    DMA2D_IRQHandler                         0x08000397   Thumb Code     0  startup_stm32h7a3xxq.o(.text)
    DMA2_Stream0_IRQHandler                  0x08000397   Thumb Code     0  startup_stm32h7a3xxq.o(.text)
    DMA2_Stream1_IRQHandler                  0x08000397   Thumb Code     0  startup_stm32h7a3xxq.o(.text)
    DMA2_Stream2_IRQHandler                  0x08000397   Thumb Code     0  startup_stm32h7a3xxq.o(.text)
    DMA2_Stream3_IRQHandler                  0x08000397   Thumb Code     0  startup_stm32h7a3xxq.o(.text)
    DMA2_Stream4_IRQHandler                  0x08000397   Thumb Code     0  startup_stm32h7a3xxq.o(.text)
    DMA2_Stream5_IRQHandler                  0x08000397   Thumb Code     0  startup_stm32h7a3xxq.o(.text)
    DMA2_Stream6_IRQHandler                  0x08000397   Thumb Code     0  startup_stm32h7a3xxq.o(.text)
    DMA2_Stream7_IRQHandler                  0x08000397   Thumb Code     0  startup_stm32h7a3xxq.o(.text)
    DMAMUX1_OVR_IRQHandler                   0x08000397   Thumb Code     0  startup_stm32h7a3xxq.o(.text)
    DMAMUX2_OVR_IRQHandler                   0x08000397   Thumb Code     0  startup_stm32h7a3xxq.o(.text)
    DTS_IRQHandler                           0x08000397   Thumb Code     0  startup_stm32h7a3xxq.o(.text)
    ECC_IRQHandler                           0x08000397   Thumb Code     0  startup_stm32h7a3xxq.o(.text)
    EXTI0_IRQHandler                         0x08000397   Thumb Code     0  startup_stm32h7a3xxq.o(.text)
    EXTI1_IRQHandler                         0x08000397   Thumb Code     0  startup_stm32h7a3xxq.o(.text)
    EXTI2_IRQHandler                         0x08000397   Thumb Code     0  startup_stm32h7a3xxq.o(.text)
    EXTI3_IRQHandler                         0x08000397   Thumb Code     0  startup_stm32h7a3xxq.o(.text)
    EXTI4_IRQHandler                         0x08000397   Thumb Code     0  startup_stm32h7a3xxq.o(.text)
    EXTI9_5_IRQHandler                       0x08000397   Thumb Code     0  startup_stm32h7a3xxq.o(.text)
    FDCAN1_IT0_IRQHandler                    0x08000397   Thumb Code     0  startup_stm32h7a3xxq.o(.text)
    FDCAN1_IT1_IRQHandler                    0x08000397   Thumb Code     0  startup_stm32h7a3xxq.o(.text)
    FDCAN2_IT0_IRQHandler                    0x08000397   Thumb Code     0  startup_stm32h7a3xxq.o(.text)
    FDCAN2_IT1_IRQHandler                    0x08000397   Thumb Code     0  startup_stm32h7a3xxq.o(.text)
    FDCAN_CAL_IRQHandler                     0x08000397   Thumb Code     0  startup_stm32h7a3xxq.o(.text)
    FLASH_IRQHandler                         0x08000397   Thumb Code     0  startup_stm32h7a3xxq.o(.text)
    FMC_IRQHandler                           0x08000397   Thumb Code     0  startup_stm32h7a3xxq.o(.text)
    FPU_IRQHandler                           0x08000397   Thumb Code     0  startup_stm32h7a3xxq.o(.text)
    GFXMMU_IRQHandler                        0x08000397   Thumb Code     0  startup_stm32h7a3xxq.o(.text)
    HSEM1_IRQHandler                         0x08000397   Thumb Code     0  startup_stm32h7a3xxq.o(.text)
    I2C1_ER_IRQHandler                       0x08000397   Thumb Code     0  startup_stm32h7a3xxq.o(.text)
    I2C1_EV_IRQHandler                       0x08000397   Thumb Code     0  startup_stm32h7a3xxq.o(.text)
    I2C2_ER_IRQHandler                       0x08000397   Thumb Code     0  startup_stm32h7a3xxq.o(.text)
    I2C2_EV_IRQHandler                       0x08000397   Thumb Code     0  startup_stm32h7a3xxq.o(.text)
    I2C3_ER_IRQHandler                       0x08000397   Thumb Code     0  startup_stm32h7a3xxq.o(.text)
    I2C3_EV_IRQHandler                       0x08000397   Thumb Code     0  startup_stm32h7a3xxq.o(.text)
    I2C4_ER_IRQHandler                       0x08000397   Thumb Code     0  startup_stm32h7a3xxq.o(.text)
    I2C4_EV_IRQHandler                       0x08000397   Thumb Code     0  startup_stm32h7a3xxq.o(.text)
    JPEG_IRQHandler                          0x08000397   Thumb Code     0  startup_stm32h7a3xxq.o(.text)
    LPTIM1_IRQHandler                        0x08000397   Thumb Code     0  startup_stm32h7a3xxq.o(.text)
    LPTIM2_IRQHandler                        0x08000397   Thumb Code     0  startup_stm32h7a3xxq.o(.text)
    LPTIM3_IRQHandler                        0x08000397   Thumb Code     0  startup_stm32h7a3xxq.o(.text)
    LPUART1_IRQHandler                       0x08000397   Thumb Code     0  startup_stm32h7a3xxq.o(.text)
    LTDC_ER_IRQHandler                       0x08000397   Thumb Code     0  startup_stm32h7a3xxq.o(.text)
    LTDC_IRQHandler                          0x08000397   Thumb Code     0  startup_stm32h7a3xxq.o(.text)
    MDIOS_IRQHandler                         0x08000397   Thumb Code     0  startup_stm32h7a3xxq.o(.text)
    MDIOS_WKUP_IRQHandler                    0x08000397   Thumb Code     0  startup_stm32h7a3xxq.o(.text)
    MDMA_IRQHandler                          0x08000397   Thumb Code     0  startup_stm32h7a3xxq.o(.text)
    OCTOSPI1_IRQHandler                      0x08000397   Thumb Code     0  startup_stm32h7a3xxq.o(.text)
    OCTOSPI2_IRQHandler                      0x08000397   Thumb Code     0  startup_stm32h7a3xxq.o(.text)
    OTG_HS_EP1_IN_IRQHandler                 0x08000397   Thumb Code     0  startup_stm32h7a3xxq.o(.text)
    OTG_HS_EP1_OUT_IRQHandler                0x08000397   Thumb Code     0  startup_stm32h7a3xxq.o(.text)
    OTG_HS_IRQHandler                        0x08000397   Thumb Code     0  startup_stm32h7a3xxq.o(.text)
    OTG_HS_WKUP_IRQHandler                   0x08000397   Thumb Code     0  startup_stm32h7a3xxq.o(.text)
    PVD_PVM_IRQHandler                       0x08000397   Thumb Code     0  startup_stm32h7a3xxq.o(.text)
    RCC_IRQHandler                           0x08000397   Thumb Code     0  startup_stm32h7a3xxq.o(.text)
    RNG_IRQHandler                           0x08000397   Thumb Code     0  startup_stm32h7a3xxq.o(.text)
    RTC_Alarm_IRQHandler                     0x08000397   Thumb Code     0  startup_stm32h7a3xxq.o(.text)
    RTC_TAMP_STAMP_CSS_LSE_IRQHandler        0x08000397   Thumb Code     0  startup_stm32h7a3xxq.o(.text)
    RTC_WKUP_IRQHandler                      0x08000397   Thumb Code     0  startup_stm32h7a3xxq.o(.text)
    SAI1_IRQHandler                          0x08000397   Thumb Code     0  startup_stm32h7a3xxq.o(.text)
    SAI2_IRQHandler                          0x08000397   Thumb Code     0  startup_stm32h7a3xxq.o(.text)
    SDMMC1_IRQHandler                        0x08000397   Thumb Code     0  startup_stm32h7a3xxq.o(.text)
    SDMMC2_IRQHandler                        0x08000397   Thumb Code     0  startup_stm32h7a3xxq.o(.text)
    SPDIF_RX_IRQHandler                      0x08000397   Thumb Code     0  startup_stm32h7a3xxq.o(.text)
    SPI1_IRQHandler                          0x08000397   Thumb Code     0  startup_stm32h7a3xxq.o(.text)
    SPI2_IRQHandler                          0x08000397   Thumb Code     0  startup_stm32h7a3xxq.o(.text)
    SPI3_IRQHandler                          0x08000397   Thumb Code     0  startup_stm32h7a3xxq.o(.text)
    SPI4_IRQHandler                          0x08000397   Thumb Code     0  startup_stm32h7a3xxq.o(.text)
    SPI5_IRQHandler                          0x08000397   Thumb Code     0  startup_stm32h7a3xxq.o(.text)
    SPI6_IRQHandler                          0x08000397   Thumb Code     0  startup_stm32h7a3xxq.o(.text)
    SWPMI1_IRQHandler                        0x08000397   Thumb Code     0  startup_stm32h7a3xxq.o(.text)
    TIM15_IRQHandler                         0x08000397   Thumb Code     0  startup_stm32h7a3xxq.o(.text)
    TIM16_IRQHandler                         0x08000397   Thumb Code     0  startup_stm32h7a3xxq.o(.text)
    TIM17_IRQHandler                         0x08000397   Thumb Code     0  startup_stm32h7a3xxq.o(.text)
    TIM1_BRK_IRQHandler                      0x08000397   Thumb Code     0  startup_stm32h7a3xxq.o(.text)
    TIM1_CC_IRQHandler                       0x08000397   Thumb Code     0  startup_stm32h7a3xxq.o(.text)
    TIM1_TRG_COM_IRQHandler                  0x08000397   Thumb Code     0  startup_stm32h7a3xxq.o(.text)
    TIM1_UP_IRQHandler                       0x08000397   Thumb Code     0  startup_stm32h7a3xxq.o(.text)
    TIM2_IRQHandler                          0x08000397   Thumb Code     0  startup_stm32h7a3xxq.o(.text)
    TIM3_IRQHandler                          0x08000397   Thumb Code     0  startup_stm32h7a3xxq.o(.text)
    TIM4_IRQHandler                          0x08000397   Thumb Code     0  startup_stm32h7a3xxq.o(.text)
    TIM5_IRQHandler                          0x08000397   Thumb Code     0  startup_stm32h7a3xxq.o(.text)
    TIM6_DAC_IRQHandler                      0x08000397   Thumb Code     0  startup_stm32h7a3xxq.o(.text)
    TIM7_IRQHandler                          0x08000397   Thumb Code     0  startup_stm32h7a3xxq.o(.text)
    TIM8_BRK_TIM12_IRQHandler                0x08000397   Thumb Code     0  startup_stm32h7a3xxq.o(.text)
    TIM8_CC_IRQHandler                       0x08000397   Thumb Code     0  startup_stm32h7a3xxq.o(.text)
    TIM8_TRG_COM_TIM14_IRQHandler            0x08000397   Thumb Code     0  startup_stm32h7a3xxq.o(.text)
    TIM8_UP_TIM13_IRQHandler                 0x08000397   Thumb Code     0  startup_stm32h7a3xxq.o(.text)
    UART4_IRQHandler                         0x08000397   Thumb Code     0  startup_stm32h7a3xxq.o(.text)
    UART5_IRQHandler                         0x08000397   Thumb Code     0  startup_stm32h7a3xxq.o(.text)
    UART7_IRQHandler                         0x08000397   Thumb Code     0  startup_stm32h7a3xxq.o(.text)
    UART8_IRQHandler                         0x08000397   Thumb Code     0  startup_stm32h7a3xxq.o(.text)
    UART9_IRQHandler                         0x08000397   Thumb Code     0  startup_stm32h7a3xxq.o(.text)
    USART10_IRQHandler                       0x08000397   Thumb Code     0  startup_stm32h7a3xxq.o(.text)
    USART1_IRQHandler                        0x08000397   Thumb Code     0  startup_stm32h7a3xxq.o(.text)
    USART2_IRQHandler                        0x08000397   Thumb Code     0  startup_stm32h7a3xxq.o(.text)
    USART3_IRQHandler                        0x08000397   Thumb Code     0  startup_stm32h7a3xxq.o(.text)
    USART6_IRQHandler                        0x08000397   Thumb Code     0  startup_stm32h7a3xxq.o(.text)
    WAKEUP_PIN_IRQHandler                    0x08000397   Thumb Code     0  startup_stm32h7a3xxq.o(.text)
    WWDG_IRQHandler                          0x08000397   Thumb Code     0  startup_stm32h7a3xxq.o(.text)
    __user_initial_stackheap                 0x08000399   Thumb Code     0  startup_stm32h7a3xxq.o(.text)
    __aeabi_uldivmod                         0x080003c1   Thumb Code     0  lludivv7m.o(.text)
    _ll_udiv                                 0x080003c1   Thumb Code   240  lludivv7m.o(.text)
    __use_two_region_memory                  0x080004b1   Thumb Code     2  heapauxi.o(.text)
    __rt_heap_escrow$2region                 0x080004b3   Thumb Code     2  heapauxi.o(.text)
    __rt_heap_expand$2region                 0x080004b5   Thumb Code     2  heapauxi.o(.text)
    __user_setup_stackheap                   0x080004b7   Thumb Code    74  sys_stackheap_outer.o(.text)
    exit                                     0x08000501   Thumb Code    18  exit.o(.text)
    __user_libspace                          0x08000515   Thumb Code     8  libspace.o(.text)
    __user_perproc_libspace                  0x08000515   Thumb Code     0  libspace.o(.text)
    __user_perthread_libspace                0x08000515   Thumb Code     0  libspace.o(.text)
    _sys_exit                                0x0800051d   Thumb Code     8  sys_exit.o(.text)
    __I$use$semihosting                      0x08000529   Thumb Code     0  use_no_semi.o(.text)
    __use_no_semihosting_swi                 0x08000529   Thumb Code     2  use_no_semi.o(.text)
    __semihosting_library_function           0x0800052b   Thumb Code     0  indicate_semi.o(.text)
    BSP_COM_Init                             0x08000531   Thumb Code   170  stm32h7xx_nucleo.o(.text.BSP_COM_Init)
    BSP_LED_Init                             0x080005e1   Thumb Code   132  stm32h7xx_nucleo.o(.text.BSP_LED_Init)
    BSP_LED_Toggle                           0x08000669   Thumb Code    46  stm32h7xx_nucleo.o(.text.BSP_LED_Toggle)
    BSP_PB_Callback                          0x08000699   Thumb Code     2  stm32h7xx_nucleo.o(.text.BSP_PB_Callback)
    BSP_PB_IRQHandler                        0x080006a1   Thumb Code    16  stm32h7xx_nucleo.o(.text.BSP_PB_IRQHandler)
    BSP_PB_Init                              0x080006b1   Thumb Code   148  stm32h7xx_nucleo.o(.text.BSP_PB_Init)
    BusFault_Handler                         0x08000751   Thumb Code     2  stm32h7xx_it.o(.text.BusFault_Handler)
    DebugMon_Handler                         0x08000759   Thumb Code     2  stm32h7xx_it.o(.text.DebugMon_Handler)
    EXTI15_10_IRQHandler                     0x08000761   Thumb Code     6  stm32h7xx_it.o(.text.EXTI15_10_IRQHandler)
    ExitRun0Mode                             0x08000769   Thumb Code    44  system_stm32h7xx.o(.text.ExitRun0Mode)
    HAL_Delay                                0x08000799   Thumb Code    40  stm32h7xx_hal.o(.text.HAL_Delay)
    HAL_EXTI_GetHandle                       0x080007c1   Thumb Code    12  stm32h7xx_hal_exti.o(.text.HAL_EXTI_GetHandle)
    HAL_EXTI_IRQHandler                      0x080007d1   Thumb Code    58  stm32h7xx_hal_exti.o(.text.HAL_EXTI_IRQHandler)
    HAL_EXTI_RegisterCallback                0x08000811   Thumb Code    20  stm32h7xx_hal_exti.o(.text.HAL_EXTI_RegisterCallback)
    HAL_GPIO_Init                            0x08000829   Thumb Code   454  stm32h7xx_hal_gpio.o(.text.HAL_GPIO_Init)
    HAL_GPIO_TogglePin                       0x080009f1   Thumb Code    16  stm32h7xx_hal_gpio.o(.text.HAL_GPIO_TogglePin)
    HAL_GPIO_WritePin                        0x08000a01   Thumb Code    10  stm32h7xx_hal_gpio.o(.text.HAL_GPIO_WritePin)
    HAL_GetTick                              0x08000a11   Thumb Code    12  stm32h7xx_hal.o(.text.HAL_GetTick)
    HAL_IncTick                              0x08000a21   Thumb Code    26  stm32h7xx_hal.o(.text.HAL_IncTick)
    HAL_Init                                 0x08000a41   Thumb Code   100  stm32h7xx_hal.o(.text.HAL_Init)
    HAL_InitTick                             0x08000aa9   Thumb Code    76  stm32h7xx_hal.o(.text.HAL_InitTick)
    HAL_MPU_ConfigRegion                     0x08000af9   Thumb Code    94  stm32h7xx_hal_cortex.o(.text.HAL_MPU_ConfigRegion)
    HAL_MPU_Disable                          0x08000b59   Thumb Code    26  stm32h7xx_hal_cortex.o(.text.HAL_MPU_Disable)
    HAL_MPU_Enable                           0x08000b79   Thumb Code    32  stm32h7xx_hal_cortex.o(.text.HAL_MPU_Enable)
    HAL_MspInit                              0x08000b99   Thumb Code    32  stm32h7xx_hal_msp.o(.text.HAL_MspInit)
    HAL_NVIC_EnableIRQ                       0x08000bb9   Thumb Code    34  stm32h7xx_hal_cortex.o(.text.HAL_NVIC_EnableIRQ)
    HAL_NVIC_SetPriority                     0x08000be1   Thumb Code    90  stm32h7xx_hal_cortex.o(.text.HAL_NVIC_SetPriority)
    HAL_NVIC_SetPriorityGrouping             0x08000c41   Thumb Code    32  stm32h7xx_hal_cortex.o(.text.HAL_NVIC_SetPriorityGrouping)
    HAL_PWREx_ConfigSupply                   0x08000c61   Thumb Code   132  stm32h7xx_hal_pwr_ex.o(.text.HAL_PWREx_ConfigSupply)
    HAL_RCCEx_GetD3PCLK1Freq                 0x08000ce9   Thumb Code    38  stm32h7xx_hal_rcc_ex.o(.text.HAL_RCCEx_GetD3PCLK1Freq)
    HAL_RCCEx_GetPLL2ClockFreq               0x08000d11   Thumb Code   284  stm32h7xx_hal_rcc_ex.o(.text.HAL_RCCEx_GetPLL2ClockFreq)
    HAL_RCCEx_GetPLL3ClockFreq               0x08000e41   Thumb Code   284  stm32h7xx_hal_rcc_ex.o(.text.HAL_RCCEx_GetPLL3ClockFreq)
    HAL_RCC_ClockConfig                      0x08000f71   Thumb Code   616  stm32h7xx_hal_rcc.o(.text.HAL_RCC_ClockConfig)
    HAL_RCC_GetHCLKFreq                      0x080011d9   Thumb Code    76  stm32h7xx_hal_rcc.o(.text.HAL_RCC_GetHCLKFreq)
    HAL_RCC_GetPCLK1Freq                     0x08001229   Thumb Code    96  stm32h7xx_hal_rcc.o(.text.HAL_RCC_GetPCLK1Freq)
    HAL_RCC_GetPCLK2Freq                     0x08001289   Thumb Code    96  stm32h7xx_hal_rcc.o(.text.HAL_RCC_GetPCLK2Freq)
    HAL_RCC_GetSysClockFreq                  0x080012e9   Thumb Code   264  stm32h7xx_hal_rcc.o(.text.HAL_RCC_GetSysClockFreq)
    HAL_RCC_OscConfig                        0x08001401   Thumb Code  1424  stm32h7xx_hal_rcc.o(.text.HAL_RCC_OscConfig)
    HAL_SYSTICK_Config                       0x08001991   Thumb Code    46  stm32h7xx_hal_cortex.o(.text.HAL_SYSTICK_Config)
    HAL_UART_Init                            0x080019c1   Thumb Code   100  stm32h7xx_hal_uart.o(.text.HAL_UART_Init)
    HAL_UART_MspInit                         0x08001a29   Thumb Code     2  stm32h7xx_hal_uart.o(.text.HAL_UART_MspInit)
    HardFault_Handler                        0x08001a31   Thumb Code     2  stm32h7xx_it.o(.text.HardFault_Handler)
    MX_USART3_Init                           0x08001a39   Thumb Code    46  stm32h7xx_nucleo.o(.text.MX_USART3_Init)
    MemManage_Handler                        0x08001a69   Thumb Code     2  stm32h7xx_it.o(.text.MemManage_Handler)
    NMI_Handler                              0x08001a71   Thumb Code     2  stm32h7xx_it.o(.text.NMI_Handler)
    PendSV_Handler                           0x08001a79   Thumb Code     2  stm32h7xx_it.o(.text.PendSV_Handler)
    SVC_Handler                              0x08001a81   Thumb Code     2  stm32h7xx_it.o(.text.SVC_Handler)
    SysTick_Handler                          0x08001a89   Thumb Code     4  stm32h7xx_it.o(.text.SysTick_Handler)
    SystemClock_Config                       0x08001a91   Thumb Code   216  main.o(.text.SystemClock_Config)
    SystemInit                               0x08001b69   Thumb Code   212  system_stm32h7xx.o(.text.SystemInit)
    UART_AdvFeatureConfig                    0x08001c41   Thumb Code   224  stm32h7xx_hal_uart.o(.text.UART_AdvFeatureConfig)
    UART_CheckIdleState                      0x08001d21   Thumb Code   374  stm32h7xx_hal_uart.o(.text.UART_CheckIdleState)
    UART_SetConfig                           0x08001e99   Thumb Code  1172  stm32h7xx_hal_uart.o(.text.UART_SetConfig)
    UART_WaitOnFlagUntilTimeout              0x08002339   Thumb Code   856  stm32h7xx_hal_uart.o(.text.UART_WaitOnFlagUntilTimeout)
    UsageFault_Handler                       0x08002691   Thumb Code     2  stm32h7xx_it.o(.text.UsageFault_Handler)
    main                                     0x08002699   Thumb Code   168  main.o(.text.main)
    _fp_init                                 0x08002741   Thumb Code    26  fpinit.o(x$fpl$fpinit)
    __fplib_config_fpu_vfp                   0x08002759   Thumb Code     0  fpinit.o(x$fpl$fpinit)
    __fplib_config_pureend_doubles           0x08002759   Thumb Code     0  fpinit.o(x$fpl$fpinit)
    D1CorePrescTable                         0x08002766   Data          16  system_stm32h7xx.o(.rodata.D1CorePrescTable)
    UARTPrescTable                           0x08002788   Data          24  stm32h7xx_hal_uart.o(.rodata.UARTPrescTable)
    Region$$Table$$Base                      0x080027a0   Number         0  anon$$obj.o(Region$$Table)
    Region$$Table$$Limit                     0x080027c0   Number         0  anon$$obj.o(Region$$Table)
    uwTickFreq                               0x24000000   Data           1  stm32h7xx_hal.o(.data..L_MergedGlobals)
    uwTickPrio                               0x24000004   Data           4  stm32h7xx_hal.o(.data..L_MergedGlobals)
    SystemCoreClock                          0x24000008   Data           4  system_stm32h7xx.o(.data..L_MergedGlobals)
    SystemD2Clock                            0x2400000c   Data           4  system_stm32h7xx.o(.data..L_MergedGlobals)
    COM_USART                                0x24000010   Data           4  stm32h7xx_nucleo.o(.data.COM_USART)
    __libspace_start                         0x24000018   Data          96  libspace.o(.bss)
    BspCOMInit                               0x24000078   Data          16  main.o(.bss.BspCOMInit)
    __temporary_stack_top$libspace           0x24000078   Data           0  libspace.o(.bss)
    hcom_uart                                0x24000088   Data         148  stm32h7xx_nucleo.o(.bss.hcom_uart)
    hpb_exti                                 0x2400011c   Data           8  stm32h7xx_nucleo.o(.bss.hpb_exti)
    uwTick                                   0x24000124   Data           4  stm32h7xx_hal.o(.bss.uwTick)



==============================================================================

Memory Map of the image

  Image Entry point : 0x080002ad

  Load Region LR_IROM1 (Base: 0x08000000, Size: 0x000027d8, Max: 0x00200000, ABSOLUTE)

    Execution Region ER_IROM1 (Exec base: 0x08000000, Load base: 0x08000000, Size: 0x000027c0, Max: 0x00200000, ABSOLUTE)

    Exec Addr    Load Addr    Size         Type   Attr      Idx    E Section Name        Object

    0x08000000   0x08000000   0x000002ac   Data   RO            3    RESET               startup_stm32h7a3xxq.o
    0x080002ac   0x080002ac   0x00000008   Code   RO         1150  * !!!main             c_w.l(__main.o)
    0x080002b4   0x080002b4   0x0000005c   Code   RO         1325    !!!scatter          c_w.l(__scatter.o)
    0x08000310   0x08000310   0x0000001a   Code   RO         1329    !!handler_copy      c_w.l(__scatter_copy.o)
    0x0800032a   0x0800032a   0x00000002   PAD
    0x0800032c   0x0800032c   0x00000002   Code   RO         1326    !!handler_null      c_w.l(__scatter.o)
    0x0800032e   0x0800032e   0x00000002   PAD
    0x08000330   0x08000330   0x0000001c   Code   RO         1331    !!handler_zi        c_w.l(__scatter_zi.o)
    0x0800034c   0x0800034c   0x00000002   Code   RO         1187    .ARM.Collect$$libinit$$00000000  c_w.l(libinit.o)
    0x0800034e   0x0800034e   0x00000004   Code   RO         1199    .ARM.Collect$$libinit$$00000001  c_w.l(libinit2.o)
    0x08000352   0x08000352   0x00000000   Code   RO         1202    .ARM.Collect$$libinit$$00000004  c_w.l(libinit2.o)
    0x08000352   0x08000352   0x00000000   Code   RO         1204    .ARM.Collect$$libinit$$00000006  c_w.l(libinit2.o)
    0x08000352   0x08000352   0x00000000   Code   RO         1207    .ARM.Collect$$libinit$$0000000C  c_w.l(libinit2.o)
    0x08000352   0x08000352   0x00000000   Code   RO         1209    .ARM.Collect$$libinit$$0000000E  c_w.l(libinit2.o)
    0x08000352   0x08000352   0x00000000   Code   RO         1211    .ARM.Collect$$libinit$$00000010  c_w.l(libinit2.o)
    0x08000352   0x08000352   0x00000000   Code   RO         1214    .ARM.Collect$$libinit$$00000013  c_w.l(libinit2.o)
    0x08000352   0x08000352   0x00000000   Code   RO         1216    .ARM.Collect$$libinit$$00000015  c_w.l(libinit2.o)
    0x08000352   0x08000352   0x00000000   Code   RO         1218    .ARM.Collect$$libinit$$00000017  c_w.l(libinit2.o)
    0x08000352   0x08000352   0x00000000   Code   RO         1220    .ARM.Collect$$libinit$$00000019  c_w.l(libinit2.o)
    0x08000352   0x08000352   0x00000000   Code   RO         1222    .ARM.Collect$$libinit$$0000001B  c_w.l(libinit2.o)
    0x08000352   0x08000352   0x00000000   Code   RO         1224    .ARM.Collect$$libinit$$0000001D  c_w.l(libinit2.o)
    0x08000352   0x08000352   0x00000000   Code   RO         1226    .ARM.Collect$$libinit$$0000001F  c_w.l(libinit2.o)
    0x08000352   0x08000352   0x00000000   Code   RO         1228    .ARM.Collect$$libinit$$00000021  c_w.l(libinit2.o)
    0x08000352   0x08000352   0x00000000   Code   RO         1230    .ARM.Collect$$libinit$$00000023  c_w.l(libinit2.o)
    0x08000352   0x08000352   0x00000000   Code   RO         1232    .ARM.Collect$$libinit$$00000025  c_w.l(libinit2.o)
    0x08000352   0x08000352   0x00000000   Code   RO         1234    .ARM.Collect$$libinit$$00000027  c_w.l(libinit2.o)
    0x08000352   0x08000352   0x00000000   Code   RO         1238    .ARM.Collect$$libinit$$0000002E  c_w.l(libinit2.o)
    0x08000352   0x08000352   0x00000000   Code   RO         1240    .ARM.Collect$$libinit$$00000030  c_w.l(libinit2.o)
    0x08000352   0x08000352   0x00000000   Code   RO         1242    .ARM.Collect$$libinit$$00000032  c_w.l(libinit2.o)
    0x08000352   0x08000352   0x00000000   Code   RO         1244    .ARM.Collect$$libinit$$00000034  c_w.l(libinit2.o)
    0x08000352   0x08000352   0x00000002   Code   RO         1245    .ARM.Collect$$libinit$$00000035  c_w.l(libinit2.o)
    0x08000354   0x08000354   0x00000002   Code   RO         1280    .ARM.Collect$$libshutdown$$00000000  c_w.l(libshutdown.o)
    0x08000356   0x08000356   0x00000000   Code   RO         1308    .ARM.Collect$$libshutdown$$00000002  c_w.l(libshutdown2.o)
    0x08000356   0x08000356   0x00000000   Code   RO         1310    .ARM.Collect$$libshutdown$$00000004  c_w.l(libshutdown2.o)
    0x08000356   0x08000356   0x00000000   Code   RO         1313    .ARM.Collect$$libshutdown$$00000007  c_w.l(libshutdown2.o)
    0x08000356   0x08000356   0x00000000   Code   RO         1316    .ARM.Collect$$libshutdown$$0000000A  c_w.l(libshutdown2.o)
    0x08000356   0x08000356   0x00000000   Code   RO         1318    .ARM.Collect$$libshutdown$$0000000C  c_w.l(libshutdown2.o)
    0x08000356   0x08000356   0x00000000   Code   RO         1321    .ARM.Collect$$libshutdown$$0000000F  c_w.l(libshutdown2.o)
    0x08000356   0x08000356   0x00000002   Code   RO         1322    .ARM.Collect$$libshutdown$$00000010  c_w.l(libshutdown2.o)
    0x08000358   0x08000358   0x00000000   Code   RO         1152    .ARM.Collect$$rtentry$$00000000  c_w.l(__rtentry.o)
    0x08000358   0x08000358   0x00000000   Code   RO         1158    .ARM.Collect$$rtentry$$00000002  c_w.l(__rtentry2.o)
    0x08000358   0x08000358   0x00000006   Code   RO         1170    .ARM.Collect$$rtentry$$00000004  c_w.l(__rtentry4.o)
    0x0800035e   0x0800035e   0x00000000   Code   RO         1160    .ARM.Collect$$rtentry$$00000009  c_w.l(__rtentry2.o)
    0x0800035e   0x0800035e   0x00000004   Code   RO         1161    .ARM.Collect$$rtentry$$0000000A  c_w.l(__rtentry2.o)
    0x08000362   0x08000362   0x00000000   Code   RO         1163    .ARM.Collect$$rtentry$$0000000C  c_w.l(__rtentry2.o)
    0x08000362   0x08000362   0x00000008   Code   RO         1164    .ARM.Collect$$rtentry$$0000000D  c_w.l(__rtentry2.o)
    0x0800036a   0x0800036a   0x00000002   Code   RO         1191    .ARM.Collect$$rtexit$$00000000  c_w.l(rtexit.o)
    0x0800036c   0x0800036c   0x00000000   Code   RO         1251    .ARM.Collect$$rtexit$$00000002  c_w.l(rtexit2.o)
    0x0800036c   0x0800036c   0x00000004   Code   RO         1252    .ARM.Collect$$rtexit$$00000003  c_w.l(rtexit2.o)
    0x08000370   0x08000370   0x00000006   Code   RO         1253    .ARM.Collect$$rtexit$$00000004  c_w.l(rtexit2.o)
    0x08000376   0x08000376   0x00000002   PAD
    0x08000378   0x08000378   0x00000048   Code   RO            4    .text               startup_stm32h7a3xxq.o
    0x080003c0   0x080003c0   0x000000f0   Code   RO         1146    .text               c_w.l(lludivv7m.o)
    0x080004b0   0x080004b0   0x00000006   Code   RO         1148    .text               c_w.l(heapauxi.o)
    0x080004b6   0x080004b6   0x0000004a   Code   RO         1174    .text               c_w.l(sys_stackheap_outer.o)
    0x08000500   0x08000500   0x00000012   Code   RO         1176    .text               c_w.l(exit.o)
    0x08000512   0x08000512   0x00000002   PAD
    0x08000514   0x08000514   0x00000008   Code   RO         1188    .text               c_w.l(libspace.o)
    0x0800051c   0x0800051c   0x0000000c   Code   RO         1246    .text               c_w.l(sys_exit.o)
    0x08000528   0x08000528   0x00000002   Code   RO         1269    .text               c_w.l(use_no_semi.o)
    0x0800052a   0x0800052a   0x00000000   Code   RO         1271    .text               c_w.l(indicate_semi.o)
    0x0800052a   0x0800052a   0x00000006   PAD
    0x08000530   0x08000530   0x000000aa   Code   RO           88    .text.BSP_COM_Init  stm32h7xx_nucleo.o
    0x080005da   0x080005da   0x00000006   PAD
    0x080005e0   0x080005e0   0x00000084   Code   RO           64    .text.BSP_LED_Init  stm32h7xx_nucleo.o
    0x08000664   0x08000664   0x00000004   PAD
    0x08000668   0x08000668   0x0000002e   Code   RO           72    .text.BSP_LED_Toggle  stm32h7xx_nucleo.o
    0x08000696   0x08000696   0x00000002   PAD
    0x08000698   0x08000698   0x00000002   Code   RO           86    .text.BSP_PB_Callback  stm32h7xx_nucleo.o
    0x0800069a   0x0800069a   0x00000006   PAD
    0x080006a0   0x080006a0   0x00000010   Code   RO           84    .text.BSP_PB_IRQHandler  stm32h7xx_nucleo.o
    0x080006b0   0x080006b0   0x00000094   Code   RO           76    .text.BSP_PB_Init   stm32h7xx_nucleo.o
    0x08000744   0x08000744   0x00000004   PAD
    0x08000748   0x08000748   0x00000006   Code   RO           78    .text.BUTTON_USER_EXTI_Callback  stm32h7xx_nucleo.o
    0x0800074e   0x0800074e   0x00000002   PAD
    0x08000750   0x08000750   0x00000002   Code   RO           33    .text.BusFault_Handler  stm32h7xx_it.o
    0x08000752   0x08000752   0x00000006   PAD
    0x08000758   0x08000758   0x00000002   Code   RO           39    .text.DebugMon_Handler  stm32h7xx_it.o
    0x0800075a   0x0800075a   0x00000006   PAD
    0x08000760   0x08000760   0x00000006   Code   RO           45    .text.EXTI15_10_IRQHandler  stm32h7xx_it.o
    0x08000766   0x08000766   0x00000002   PAD
    0x08000768   0x08000768   0x0000002c   Code   RO         1133    .text.ExitRun0Mode  system_stm32h7xx.o
    0x08000794   0x08000794   0x00000004   PAD
    0x08000798   0x08000798   0x00000028   Code   RO          651    .text.HAL_Delay     stm32h7xx_hal.o
    0x080007c0   0x080007c0   0x0000000c   Code   RO          921    .text.HAL_EXTI_GetHandle  stm32h7xx_hal_exti.o
    0x080007cc   0x080007cc   0x00000004   PAD
    0x080007d0   0x080007d0   0x0000003a   Code   RO          923    .text.HAL_EXTI_IRQHandler  stm32h7xx_hal_exti.o
    0x0800080a   0x0800080a   0x00000006   PAD
    0x08000810   0x08000810   0x00000014   Code   RO          919    .text.HAL_EXTI_RegisterCallback  stm32h7xx_hal_exti.o
    0x08000824   0x08000824   0x00000004   PAD
    0x08000828   0x08000828   0x000001c6   Code   RO          327    .text.HAL_GPIO_Init  stm32h7xx_hal_gpio.o
    0x080009ee   0x080009ee   0x00000002   PAD
    0x080009f0   0x080009f0   0x00000010   Code   RO          335    .text.HAL_GPIO_TogglePin  stm32h7xx_hal_gpio.o
    0x08000a00   0x08000a00   0x0000000a   Code   RO          333    .text.HAL_GPIO_WritePin  stm32h7xx_hal_gpio.o
    0x08000a0a   0x08000a0a   0x00000006   PAD
    0x08000a10   0x08000a10   0x0000000c   Code   RO          643    .text.HAL_GetTick   stm32h7xx_hal.o
    0x08000a1c   0x08000a1c   0x00000004   PAD
    0x08000a20   0x08000a20   0x0000001a   Code   RO          641    .text.HAL_IncTick   stm32h7xx_hal.o
    0x08000a3a   0x08000a3a   0x00000006   PAD
    0x08000a40   0x08000a40   0x00000064   Code   RO          631    .text.HAL_Init      stm32h7xx_hal.o
    0x08000aa4   0x08000aa4   0x00000004   PAD
    0x08000aa8   0x08000aa8   0x0000004c   Code   RO          633    .text.HAL_InitTick  stm32h7xx_hal.o
    0x08000af4   0x08000af4   0x00000004   PAD
    0x08000af8   0x08000af8   0x0000005e   Code   RO          134    .text.HAL_MPU_ConfigRegion  stm32h7xx_hal_cortex.o
    0x08000b56   0x08000b56   0x00000002   PAD
    0x08000b58   0x08000b58   0x0000001a   Code   RO          126    .text.HAL_MPU_Disable  stm32h7xx_hal_cortex.o
    0x08000b72   0x08000b72   0x00000006   PAD
    0x08000b78   0x08000b78   0x00000020   Code   RO          128    .text.HAL_MPU_Enable  stm32h7xx_hal_cortex.o
    0x08000b98   0x08000b98   0x00000020   Code   RO           54    .text.HAL_MspInit   stm32h7xx_hal_msp.o
    0x08000bb8   0x08000bb8   0x00000022   Code   RO          116    .text.HAL_NVIC_EnableIRQ  stm32h7xx_hal_cortex.o
    0x08000bda   0x08000bda   0x00000006   PAD
    0x08000be0   0x08000be0   0x0000005a   Code   RO          114    .text.HAL_NVIC_SetPriority  stm32h7xx_hal_cortex.o
    0x08000c3a   0x08000c3a   0x00000006   PAD
    0x08000c40   0x08000c40   0x00000020   Code   RO          112    .text.HAL_NVIC_SetPriorityGrouping  stm32h7xx_hal_cortex.o
    0x08000c60   0x08000c60   0x00000084   Code   RO          531    .text.HAL_PWREx_ConfigSupply  stm32h7xx_hal_pwr_ex.o
    0x08000ce4   0x08000ce4   0x00000004   PAD
    0x08000ce8   0x08000ce8   0x00000026   Code   RO          216    .text.HAL_RCCEx_GetD3PCLK1Freq  stm32h7xx_hal_rcc_ex.o
    0x08000d0e   0x08000d0e   0x00000002   PAD
    0x08000d10   0x08000d10   0x0000012c   Code   RO          212    .text.HAL_RCCEx_GetPLL2ClockFreq  stm32h7xx_hal_rcc_ex.o
    0x08000e3c   0x08000e3c   0x00000004   PAD
    0x08000e40   0x08000e40   0x0000012c   Code   RO          214    .text.HAL_RCCEx_GetPLL3ClockFreq  stm32h7xx_hal_rcc_ex.o
    0x08000f6c   0x08000f6c   0x00000004   PAD
    0x08000f70   0x08000f70   0x00000268   Code   RO          168    .text.HAL_RCC_ClockConfig  stm32h7xx_hal_rcc.o
    0x080011d8   0x080011d8   0x0000004c   Code   RO          178    .text.HAL_RCC_GetHCLKFreq  stm32h7xx_hal_rcc.o
    0x08001224   0x08001224   0x00000004   PAD
    0x08001228   0x08001228   0x00000060   Code   RO          180    .text.HAL_RCC_GetPCLK1Freq  stm32h7xx_hal_rcc.o
    0x08001288   0x08001288   0x00000060   Code   RO          182    .text.HAL_RCC_GetPCLK2Freq  stm32h7xx_hal_rcc.o
    0x080012e8   0x080012e8   0x00000118   Code   RO          170    .text.HAL_RCC_GetSysClockFreq  stm32h7xx_hal_rcc.o
    0x08001400   0x08001400   0x00000590   Code   RO          166    .text.HAL_RCC_OscConfig  stm32h7xx_hal_rcc.o
    0x08001990   0x08001990   0x0000002e   Code   RO          124    .text.HAL_SYSTICK_Config  stm32h7xx_hal_cortex.o
    0x080019be   0x080019be   0x00000002   PAD
    0x080019c0   0x080019c0   0x00000064   Code   RO          984    .text.HAL_UART_Init  stm32h7xx_hal_uart.o
    0x08001a24   0x08001a24   0x00000004   PAD
    0x08001a28   0x08001a28   0x00000002   Code   RO          986    .text.HAL_UART_MspInit  stm32h7xx_hal_uart.o
    0x08001a2a   0x08001a2a   0x00000006   PAD
    0x08001a30   0x08001a30   0x00000002   Code   RO           29    .text.HardFault_Handler  stm32h7xx_it.o
    0x08001a32   0x08001a32   0x00000006   PAD
    0x08001a38   0x08001a38   0x0000002e   Code   RO           90    .text.MX_USART3_Init  stm32h7xx_nucleo.o
    0x08001a66   0x08001a66   0x00000002   PAD
    0x08001a68   0x08001a68   0x00000002   Code   RO           31    .text.MemManage_Handler  stm32h7xx_it.o
    0x08001a6a   0x08001a6a   0x00000006   PAD
    0x08001a70   0x08001a70   0x00000002   Code   RO           27    .text.NMI_Handler   stm32h7xx_it.o
    0x08001a72   0x08001a72   0x00000006   PAD
    0x08001a78   0x08001a78   0x00000002   Code   RO           41    .text.PendSV_Handler  stm32h7xx_it.o
    0x08001a7a   0x08001a7a   0x00000006   PAD
    0x08001a80   0x08001a80   0x00000002   Code   RO           37    .text.SVC_Handler   stm32h7xx_it.o
    0x08001a82   0x08001a82   0x00000006   PAD
    0x08001a88   0x08001a88   0x00000004   Code   RO           43    .text.SysTick_Handler  stm32h7xx_it.o
    0x08001a8c   0x08001a8c   0x00000004   PAD
    0x08001a90   0x08001a90   0x000000d8   Code   RO           13    .text.SystemClock_Config  main.o
    0x08001b68   0x08001b68   0x000000d4   Code   RO         1129    .text.SystemInit    system_stm32h7xx.o
    0x08001c3c   0x08001c3c   0x00000004   PAD
    0x08001c40   0x08001c40   0x000000e0   Code   RO          988    .text.UART_AdvFeatureConfig  stm32h7xx_hal_uart.o
    0x08001d20   0x08001d20   0x00000176   Code   RO          992    .text.UART_CheckIdleState  stm32h7xx_hal_uart.o
    0x08001e96   0x08001e96   0x00000002   PAD
    0x08001e98   0x08001e98   0x0000049c   Code   RO          990    .text.UART_SetConfig  stm32h7xx_hal_uart.o
    0x08002334   0x08002334   0x00000004   PAD
    0x08002338   0x08002338   0x00000358   Code   RO         1006    .text.UART_WaitOnFlagUntilTimeout  stm32h7xx_hal_uart.o
    0x08002690   0x08002690   0x00000002   Code   RO           35    .text.UsageFault_Handler  stm32h7xx_it.o
    0x08002692   0x08002692   0x00000006   PAD
    0x08002698   0x08002698   0x000000a8   Code   RO           11    .text.main          main.o
    0x08002740   0x08002740   0x0000001a   Code   RO         1263    x$fpl$fpinit        fz_wv.l(fpinit.o)
    0x0800275a   0x0800275a   0x00000006   Data   RO         1119    .rodata..Lswitch.table.UART_SetConfig.7  stm32h7xx_hal_uart.o
    0x08002760   0x08002760   0x00000006   Data   RO         1120    .rodata..Lswitch.table.UART_SetConfig.9  stm32h7xx_hal_uart.o
    0x08002766   0x08002766   0x00000010   Data   RO         1135    .rodata.D1CorePrescTable  system_stm32h7xx.o
    0x08002776   0x08002776   0x00000006   Data   RO           99    .rodata.LED_PIN     stm32h7xx_nucleo.o
    0x0800277c   0x0800277c   0x0000000c   Data   RO          100    .rodata.LED_PORT    stm32h7xx_nucleo.o
    0x08002788   0x08002788   0x00000018   Data   RO         1118    .rodata.UARTPrescTable  stm32h7xx_hal_uart.o
    0x080027a0   0x080027a0   0x00000020   Data   RO         1324    Region$$Table       anon$$obj.o


    Execution Region RW_IRAM1 (Exec base: 0x20000000, Load base: 0x080027c0, Size: 0x00000000, Max: 0x00020000, ABSOLUTE)

    **** No section assigned to this execution region ****


    Execution Region RW_IRAM2 (Exec base: 0x24000000, Load base: 0x080027c0, Size: 0x00000728, Max: 0x00100000, ABSOLUTE)

    Exec Addr    Load Addr    Size         Type   Attr      Idx    E Section Name        Object

    0x24000000   0x080027c0   0x00000008   Data   RW          730    .data..L_MergedGlobals  stm32h7xx_hal.o
    0x24000008   0x080027c8   0x00000008   Data   RW         1136    .data..L_MergedGlobals  system_stm32h7xx.o
    0x24000010   0x080027d0   0x00000004   Data   RW           98    .data.COM_USART     stm32h7xx_nucleo.o
    0x24000014   0x080027d4   0x00000004   PAD
    0x24000018        -       0x00000060   Zero   RW         1189    .bss                c_w.l(libspace.o)
    0x24000078        -       0x00000010   Zero   RW           17    .bss.BspCOMInit     main.o
    0x24000088        -       0x00000094   Zero   RW          102    .bss.hcom_uart      stm32h7xx_nucleo.o
    0x2400011c        -       0x00000008   Zero   RW          101    .bss.hpb_exti       stm32h7xx_nucleo.o
    0x24000124        -       0x00000004   Zero   RW          729    .bss.uwTick         stm32h7xx_hal.o
    0x24000128        -       0x00000200   Zero   RW            2    HEAP                startup_stm32h7a3xxq.o
    0x24000328        -       0x00000400   Zero   RW            1    STACK               startup_stm32h7a3xxq.o


==============================================================================

Image component sizes


      Code (inc. data)   RO Data    RW Data    ZI Data      Debug   Object Name

       384          0          0          0         16       6657   main.o
        72         30        684          0       1536        844   startup_stm32h7a3xxq.o
       254          0          0          8          4      14481   stm32h7xx_hal.o
       354          0          0          0          0      12401   stm32h7xx_hal_cortex.o
        90          0          0          0          0       6577   stm32h7xx_hal_exti.o
       480          0          0          0          0       6665   stm32h7xx_hal_gpio.o
        32          0          0          0          0       2283   stm32h7xx_hal_msp.o
       132          0          0          0          0      10784   stm32h7xx_hal_pwr_ex.o
      2588         16          0          0          0      11917   stm32h7xx_hal_rcc.o
       638         32          0          0          0      19659   stm32h7xx_hal_rcc_ex.o
      2736        332         36          0          0      43926   stm32h7xx_hal_uart.o
        26          0          0          0          0       1490   stm32h7xx_it.o
       566          0         18          4        156      15656   stm32h7xx_nucleo.o
       256          0         16          8          0       6085   system_stm32h7xx.o

    ----------------------------------------------------------------------
      8792        422        786         20       1716     159425   Object Totals
         0          0         32          0          0          0   (incl. Generated)
       184         12          0          0          4          0   (incl. Padding)

    ----------------------------------------------------------------------

      Code (inc. data)   RO Data    RW Data    ZI Data      Debug   Library Member Name

         8          0          0          0          0         68   __main.o
         0          0          0          0          0          0   __rtentry.o
        12          0          0          0          0          0   __rtentry2.o
         6          0          0          0          0          0   __rtentry4.o
        94          8          0          0          0          0   __scatter.o
        26          0          0          0          0          0   __scatter_copy.o
        28          0          0          0          0          0   __scatter_zi.o
        18          0          0          0          0         80   exit.o
         6          0          0          0          0        152   heapauxi.o
         0          0          0          0          0          0   indicate_semi.o
         2          0          0          0          0          0   libinit.o
         6          0          0          0          0          0   libinit2.o
         2          0          0          0          0          0   libshutdown.o
         2          0          0          0          0          0   libshutdown2.o
         8          4          0          0         96         68   libspace.o
       240          0          0          0          0        100   lludivv7m.o
         2          0          0          0          0          0   rtexit.o
        10          0          0          0          0          0   rtexit2.o
        12          4          0          0          0         68   sys_exit.o
        74          0          0          0          0         80   sys_stackheap_outer.o
         2          0          0          0          0         68   use_no_semi.o
        26          0          0          0          0        116   fpinit.o

    ----------------------------------------------------------------------
       598         16          0          0         96        800   Library Totals
        14          0          0          0          0          0   (incl. Padding)

    ----------------------------------------------------------------------

      Code (inc. data)   RO Data    RW Data    ZI Data      Debug   Library Name

       558         16          0          0         96        684   c_w.l
        26          0          0          0          0        116   fz_wv.l

    ----------------------------------------------------------------------
       598         16          0          0         96        800   Library Totals

    ----------------------------------------------------------------------

==============================================================================


      Code (inc. data)   RO Data    RW Data    ZI Data      Debug   

      9390        438        786         20       1812     159845   Grand Totals
      9390        438        786         20       1812     159845   ELF Image Totals
      9390        438        786         20          0          0   ROM Totals

==============================================================================

    Total RO  Size (Code + RO Data)                10176 (   9.94kB)
    Total RW  Size (RW Data + ZI Data)              1832 (   1.79kB)
    Total ROM Size (Code + RO Data + RW Data)      10196 (   9.96kB)

==============================================================================

