<html>
<body>
<pre>
<h1>µVision Build Log</h1>
<h2>Tool Versions:</h2>
IDE-Version: ¦ÌVision V5.39.0.0
Copyright (C) 2023 ARM Ltd and ARM Germany GmbH. All rights reserved.
License Information: 1 1, 1, LIC=FYKYW-QZ1RA-X71RZ-J6IJH-BNK0G-G2A7J
 
Tool Versions:
Toolchain:       MDK-ARM Plus  Version: 5.39.0.0
Toolchain Path:  E:\App\Keil_v5\ARM\ARMCLANG\Bin
C Compiler:      ArmClang.exe V6.21
Assembler:       Armasm.exe V6.21
Linker/Locator:  ArmLink.exe V6.21
Library Manager: ArmAr.exe V6.21
Hex Converter:   FromElf.exe V6.21
CPU DLL:         SARMCM3.DLL V5.39.0.0
Dialog DLL:      DCM.DLL V1.17.5.0
Target DLL:      STLink\ST-LINKIII-KEIL_SWO.dll V3.2.0.0
Dialog DLL:      TCM.DLL V1.56.4.0
 
<h2>Project:</h2>
E:\Claude\CargoTracker-STM32H7\test1\MDK-ARM\test1.uvprojx
Project File Date:  07/07/2026

<h2>Output:</h2>
*** Using Compiler 'V6.21', folder: 'E:\App\Keil_v5\ARM\ARMCLANG\Bin'
Build target 'test1'
compiling stm32h7xx_hal_msp.c...
compiling freertos.c...
compiling pn532.c...
compiling power.c...
compiling gpio.c...
compiling state_machine.c...
compiling alarm.c...
compiling stm32h7xx_hal_timebase_tim.c...
compiling usart.c...
compiling stm32h7xx_it.c...
compiling sht31.c...
compiling main.c...
compiling app.c...
compiling gps.c...
compiling air780e.c...
compiling mqtt.c...
compiling w25q128.c...
compiling stm32h7xx_hal_cortex.c...
compiling stm32h7xx_hal_rcc.c...
compiling stm32h7xx_hal_tim_ex.c...
compiling stm32h7xx_hal_flash.c...
compiling stm32h7xx_hal_gpio.c...
compiling stm32h7xx_hal_flash_ex.c...
compiling stm32h7xx_hal_hsem.c...
compiling stm32h7xx_hal_rcc_ex.c...
compiling stm32h7xx_hal_dma_ex.c...
compiling stm32h7xx_hal_pwr.c...
compiling stm32h7xx_hal_tim.c...
compiling stm32h7xx_hal_mdma.c...
compiling stm32h7xx_hal_pwr_ex.c...
compiling stm32h7xx_hal_dma.c...
compiling stm32h7xx_hal.c...
compiling stm32h7xx_hal_i2c_ex.c...
compiling stm32h7xx_hal_exti.c...
compiling mpu_wrappers_v2.c...
compiling system_stm32h7xx.c...
compiling stm32h7xx_hal_uart_ex.c...
compiling croutine.c...
compiling list.c...
compiling event_groups.c...
compiling stm32h7xx_hal_uart.c...
compiling stream_buffer.c...
compiling stm32h7xx_hal_i2c.c...
compiling queue.c...
compiling port.c...
compiling timers.c...
compiling heap_4.c...
compiling tasks.c...
compiling cmsis_os2.c...
linking...
Program Size: Code=34584 RO-data=2196 RW-data=48 ZI-data=20128  
FromELF: creating hex file...
"test1\test1.axf" - 0 Error(s), 0 Warning(s).

<h2>Software Packages used:</h2>

Package Vendor: ARM
                https://www.keil.com/pack/ARM.CMSIS.6.3.0.pack
                ARM::CMSIS@6.3.0
                CMSIS (Common Microcontroller Software Interface Standard)
   * Component: CORE Version: 6.2.0

<h2>Collection of Component include folders:</h2>
  ./RTE/_test1
  E:/App/Keil_v5/Packs/ARM/CMSIS/6.3.0/CMSIS/Core/Include

<h2>Collection of Component Files used:</h2>

   * Component: ARM::CMSIS:CORE@6.2.0
      Include file:  CMSIS/Core/Include/tz_context.h
Build Time Elapsed:  00:00:03
</pre>
</body>
</html>
