<!doctype html public "-//w3c//dtd html 4.0 transitional//en">
<html><head>
<title>Static Call Graph - [test1\test1.axf]</title></head>
<body><HR>
<H1>Static Call Graph for image test1\test1.axf</H1><HR>
<BR><P>#&#060CALLGRAPH&#062# ARM Linker, 6210000: Last Updated: Tue Jul  7 16:58:43 2026
<BR><P>
<H3>Maximum Stack Usage =        496 bytes + Unknown(Cycles, Untraceable Function Pointers)</H3><H3>
Call chain for Maximum Stack Depth:</H3>
StartTask_GPS &rArr; App_TaskGPS &rArr; GPS_GetLocation &rArr; __hardfp_atof &rArr; __strtod_int &rArr; _local_sscanf &rArr; _scanf_real
<P>
<H3>
Mutually Recursive functions
</H3> <LI><a href="#[1c]">ADC_IRQHandler</a>&nbsp;&nbsp;&nbsp;&rArr;&nbsp;&nbsp;&nbsp;<a href="#[1c]">ADC_IRQHandler</a><BR>
 <LI><a href="#[4]">BusFault_Handler</a>&nbsp;&nbsp;&nbsp;&rArr;&nbsp;&nbsp;&nbsp;<a href="#[4]">BusFault_Handler</a><BR>
 <LI><a href="#[2]">HardFault_Handler</a>&nbsp;&nbsp;&nbsp;&rArr;&nbsp;&nbsp;&nbsp;<a href="#[2]">HardFault_Handler</a><BR>
 <LI><a href="#[3]">MemManage_Handler</a>&nbsp;&nbsp;&nbsp;&rArr;&nbsp;&nbsp;&nbsp;<a href="#[3]">MemManage_Handler</a><BR>
 <LI><a href="#[1]">NMI_Handler</a>&nbsp;&nbsp;&nbsp;&rArr;&nbsp;&nbsp;&nbsp;<a href="#[1]">NMI_Handler</a><BR>
 <LI><a href="#[ca]">App_TaskAlarm</a>&nbsp;&nbsp;&nbsp;&rArr;&nbsp;&nbsp;&nbsp;<a href="#[ca]">App_TaskAlarm</a><BR>
 <LI><a href="#[5]">UsageFault_Handler</a>&nbsp;&nbsp;&nbsp;&rArr;&nbsp;&nbsp;&nbsp;<a href="#[5]">UsageFault_Handler</a><BR>
</UL>
<P>
<H3>
Function Pointers
</H3><UL>
 <LI><a href="#[1c]">ADC_IRQHandler</a> from startup_stm32h7a3xxq.o(.text) referenced from startup_stm32h7a3xxq.o(RESET)
 <LI><a href="#[8e]">BDMA1_IRQHandler</a> from startup_stm32h7a3xxq.o(.text) referenced from startup_stm32h7a3xxq.o(RESET)
 <LI><a href="#[7a]">BDMA2_Channel0_IRQHandler</a> from startup_stm32h7a3xxq.o(.text) referenced from startup_stm32h7a3xxq.o(RESET)
 <LI><a href="#[7b]">BDMA2_Channel1_IRQHandler</a> from startup_stm32h7a3xxq.o(.text) referenced from startup_stm32h7a3xxq.o(RESET)
 <LI><a href="#[7c]">BDMA2_Channel2_IRQHandler</a> from startup_stm32h7a3xxq.o(.text) referenced from startup_stm32h7a3xxq.o(RESET)
 <LI><a href="#[7d]">BDMA2_Channel3_IRQHandler</a> from startup_stm32h7a3xxq.o(.text) referenced from startup_stm32h7a3xxq.o(RESET)
 <LI><a href="#[7e]">BDMA2_Channel4_IRQHandler</a> from startup_stm32h7a3xxq.o(.text) referenced from startup_stm32h7a3xxq.o(RESET)
 <LI><a href="#[7f]">BDMA2_Channel5_IRQHandler</a> from startup_stm32h7a3xxq.o(.text) referenced from startup_stm32h7a3xxq.o(RESET)
 <LI><a href="#[80]">BDMA2_Channel6_IRQHandler</a> from startup_stm32h7a3xxq.o(.text) referenced from startup_stm32h7a3xxq.o(RESET)
 <LI><a href="#[81]">BDMA2_Channel7_IRQHandler</a> from startup_stm32h7a3xxq.o(.text) referenced from startup_stm32h7a3xxq.o(RESET)
 <LI><a href="#[4]">BusFault_Handler</a> from stm32h7xx_it.o(.text.BusFault_Handler) referenced from startup_stm32h7a3xxq.o(RESET)
 <LI><a href="#[65]">CEC_IRQHandler</a> from startup_stm32h7a3xxq.o(.text) referenced from startup_stm32h7a3xxq.o(RESET)
 <LI><a href="#[82]">COMP_IRQHandler</a> from startup_stm32h7a3xxq.o(.text) referenced from startup_stm32h7a3xxq.o(RESET)
 <LI><a href="#[88]">CRS_IRQHandler</a> from startup_stm32h7a3xxq.o(.text) referenced from startup_stm32h7a3xxq.o(RESET)
 <LI><a href="#[78]">DAC2_IRQHandler</a> from startup_stm32h7a3xxq.o(.text) referenced from startup_stm32h7a3xxq.o(RESET)
 <LI><a href="#[56]">DCMI_PSSI_IRQHandler</a> from startup_stm32h7a3xxq.o(.text) referenced from startup_stm32h7a3xxq.o(RESET)
 <LI><a href="#[6a]">DFSDM1_FLT0_IRQHandler</a> from startup_stm32h7a3xxq.o(.text) referenced from startup_stm32h7a3xxq.o(RESET)
 <LI><a href="#[6b]">DFSDM1_FLT1_IRQHandler</a> from startup_stm32h7a3xxq.o(.text) referenced from startup_stm32h7a3xxq.o(RESET)
 <LI><a href="#[6c]">DFSDM1_FLT2_IRQHandler</a> from startup_stm32h7a3xxq.o(.text) referenced from startup_stm32h7a3xxq.o(RESET)
 <LI><a href="#[6d]">DFSDM1_FLT3_IRQHandler</a> from startup_stm32h7a3xxq.o(.text) referenced from startup_stm32h7a3xxq.o(RESET)
 <LI><a href="#[48]">DFSDM1_FLT4_IRQHandler</a> from startup_stm32h7a3xxq.o(.text) referenced from startup_stm32h7a3xxq.o(RESET)
 <LI><a href="#[49]">DFSDM1_FLT5_IRQHandler</a> from startup_stm32h7a3xxq.o(.text) referenced from startup_stm32h7a3xxq.o(RESET)
 <LI><a href="#[4a]">DFSDM1_FLT6_IRQHandler</a> from startup_stm32h7a3xxq.o(.text) referenced from startup_stm32h7a3xxq.o(RESET)
 <LI><a href="#[4b]">DFSDM1_FLT7_IRQHandler</a> from startup_stm32h7a3xxq.o(.text) referenced from startup_stm32h7a3xxq.o(RESET)
 <LI><a href="#[34]">DFSDM2_IRQHandler</a> from startup_stm32h7a3xxq.o(.text) referenced from startup_stm32h7a3xxq.o(RESET)
 <LI><a href="#[15]">DMA1_Stream0_IRQHandler</a> from startup_stm32h7a3xxq.o(.text) referenced from startup_stm32h7a3xxq.o(RESET)
 <LI><a href="#[16]">DMA1_Stream1_IRQHandler</a> from startup_stm32h7a3xxq.o(.text) referenced from startup_stm32h7a3xxq.o(RESET)
 <LI><a href="#[17]">DMA1_Stream2_IRQHandler</a> from startup_stm32h7a3xxq.o(.text) referenced from startup_stm32h7a3xxq.o(RESET)
 <LI><a href="#[18]">DMA1_Stream3_IRQHandler</a> from startup_stm32h7a3xxq.o(.text) referenced from startup_stm32h7a3xxq.o(RESET)
 <LI><a href="#[19]">DMA1_Stream4_IRQHandler</a> from startup_stm32h7a3xxq.o(.text) referenced from startup_stm32h7a3xxq.o(RESET)
 <LI><a href="#[1a]">DMA1_Stream5_IRQHandler</a> from startup_stm32h7a3xxq.o(.text) referenced from startup_stm32h7a3xxq.o(RESET)
 <LI><a href="#[1b]">DMA1_Stream6_IRQHandler</a> from startup_stm32h7a3xxq.o(.text) referenced from startup_stm32h7a3xxq.o(RESET)
 <LI><a href="#[39]">DMA1_Stream7_IRQHandler</a> from startup_stm32h7a3xxq.o(.text) referenced from startup_stm32h7a3xxq.o(RESET)
 <LI><a href="#[61]">DMA2D_IRQHandler</a> from startup_stm32h7a3xxq.o(.text) referenced from startup_stm32h7a3xxq.o(RESET)
 <LI><a href="#[42]">DMA2_Stream0_IRQHandler</a> from startup_stm32h7a3xxq.o(.text) referenced from startup_stm32h7a3xxq.o(RESET)
 <LI><a href="#[43]">DMA2_Stream1_IRQHandler</a> from startup_stm32h7a3xxq.o(.text) referenced from startup_stm32h7a3xxq.o(RESET)
 <LI><a href="#[44]">DMA2_Stream2_IRQHandler</a> from startup_stm32h7a3xxq.o(.text) referenced from startup_stm32h7a3xxq.o(RESET)
 <LI><a href="#[45]">DMA2_Stream3_IRQHandler</a> from startup_stm32h7a3xxq.o(.text) referenced from startup_stm32h7a3xxq.o(RESET)
 <LI><a href="#[46]">DMA2_Stream4_IRQHandler</a> from startup_stm32h7a3xxq.o(.text) referenced from startup_stm32h7a3xxq.o(RESET)
 <LI><a href="#[4c]">DMA2_Stream5_IRQHandler</a> from startup_stm32h7a3xxq.o(.text) referenced from startup_stm32h7a3xxq.o(RESET)
 <LI><a href="#[4d]">DMA2_Stream6_IRQHandler</a> from startup_stm32h7a3xxq.o(.text) referenced from startup_stm32h7a3xxq.o(RESET)
 <LI><a href="#[4e]">DMA2_Stream7_IRQHandler</a> from startup_stm32h7a3xxq.o(.text) referenced from startup_stm32h7a3xxq.o(RESET)
 <LI><a href="#[69]">DMAMUX1_OVR_IRQHandler</a> from startup_stm32h7a3xxq.o(.text) referenced from startup_stm32h7a3xxq.o(RESET)
 <LI><a href="#[79]">DMAMUX2_OVR_IRQHandler</a> from startup_stm32h7a3xxq.o(.text) referenced from startup_stm32h7a3xxq.o(RESET)
 <LI><a href="#[8a]">DTS_IRQHandler</a> from startup_stm32h7a3xxq.o(.text) referenced from startup_stm32h7a3xxq.o(RESET)
 <LI><a href="#[7]">DebugMon_Handler</a> from stm32h7xx_it.o(.text.DebugMon_Handler) referenced from startup_stm32h7a3xxq.o(RESET)
 <LI><a href="#[89]">ECC_IRQHandler</a> from startup_stm32h7a3xxq.o(.text) referenced from startup_stm32h7a3xxq.o(RESET)
 <LI><a href="#[10]">EXTI0_IRQHandler</a> from startup_stm32h7a3xxq.o(.text) referenced from startup_stm32h7a3xxq.o(RESET)
 <LI><a href="#[32]">EXTI15_10_IRQHandler</a> from stm32h7xx_it.o(.text.EXTI15_10_IRQHandler) referenced from startup_stm32h7a3xxq.o(RESET)
 <LI><a href="#[11]">EXTI1_IRQHandler</a> from startup_stm32h7a3xxq.o(.text) referenced from startup_stm32h7a3xxq.o(RESET)
 <LI><a href="#[12]">EXTI2_IRQHandler</a> from startup_stm32h7a3xxq.o(.text) referenced from startup_stm32h7a3xxq.o(RESET)
 <LI><a href="#[13]">EXTI3_IRQHandler</a> from startup_stm32h7a3xxq.o(.text) referenced from startup_stm32h7a3xxq.o(RESET)
 <LI><a href="#[14]">EXTI4_IRQHandler</a> from startup_stm32h7a3xxq.o(.text) referenced from startup_stm32h7a3xxq.o(RESET)
 <LI><a href="#[21]">EXTI9_5_IRQHandler</a> from startup_stm32h7a3xxq.o(.text) referenced from startup_stm32h7a3xxq.o(RESET)
 <LI><a href="#[90]">ExitRun0Mode</a> from system_stm32h7xx.o(.text.ExitRun0Mode) referenced from startup_stm32h7a3xxq.o(.text)
 <LI><a href="#[1d]">FDCAN1_IT0_IRQHandler</a> from startup_stm32h7a3xxq.o(.text) referenced from startup_stm32h7a3xxq.o(RESET)
 <LI><a href="#[1f]">FDCAN1_IT1_IRQHandler</a> from startup_stm32h7a3xxq.o(.text) referenced from startup_stm32h7a3xxq.o(RESET)
 <LI><a href="#[1e]">FDCAN2_IT0_IRQHandler</a> from startup_stm32h7a3xxq.o(.text) referenced from startup_stm32h7a3xxq.o(RESET)
 <LI><a href="#[20]">FDCAN2_IT1_IRQHandler</a> from startup_stm32h7a3xxq.o(.text) referenced from startup_stm32h7a3xxq.o(RESET)
 <LI><a href="#[47]">FDCAN_CAL_IRQHandler</a> from startup_stm32h7a3xxq.o(.text) referenced from startup_stm32h7a3xxq.o(RESET)
 <LI><a href="#[e]">FLASH_IRQHandler</a> from startup_stm32h7a3xxq.o(.text) referenced from startup_stm32h7a3xxq.o(RESET)
 <LI><a href="#[3a]">FMC_IRQHandler</a> from startup_stm32h7a3xxq.o(.text) referenced from startup_stm32h7a3xxq.o(RESET)
 <LI><a href="#[58]">FPU_IRQHandler</a> from startup_stm32h7a3xxq.o(.text) referenced from startup_stm32h7a3xxq.o(RESET)
 <LI><a href="#[8d]">GFXMMU_IRQHandler</a> from startup_stm32h7a3xxq.o(.text) referenced from startup_stm32h7a3xxq.o(RESET)
 <LI><a href="#[77]">HSEM1_IRQHandler</a> from startup_stm32h7a3xxq.o(.text) referenced from startup_stm32h7a3xxq.o(RESET)
 <LI><a href="#[2]">HardFault_Handler</a> from stm32h7xx_it.o(.text.HardFault_Handler) referenced from startup_stm32h7a3xxq.o(RESET)
 <LI><a href="#[2a]">I2C1_ER_IRQHandler</a> from startup_stm32h7a3xxq.o(.text) referenced from startup_stm32h7a3xxq.o(RESET)
 <LI><a href="#[29]">I2C1_EV_IRQHandler</a> from startup_stm32h7a3xxq.o(.text) referenced from startup_stm32h7a3xxq.o(RESET)
 <LI><a href="#[2c]">I2C2_ER_IRQHandler</a> from startup_stm32h7a3xxq.o(.text) referenced from startup_stm32h7a3xxq.o(RESET)
 <LI><a href="#[2b]">I2C2_EV_IRQHandler</a> from startup_stm32h7a3xxq.o(.text) referenced from startup_stm32h7a3xxq.o(RESET)
 <LI><a href="#[51]">I2C3_ER_IRQHandler</a> from startup_stm32h7a3xxq.o(.text) referenced from startup_stm32h7a3xxq.o(RESET)
 <LI><a href="#[50]">I2C3_EV_IRQHandler</a> from startup_stm32h7a3xxq.o(.text) referenced from startup_stm32h7a3xxq.o(RESET)
 <LI><a href="#[67]">I2C4_ER_IRQHandler</a> from startup_stm32h7a3xxq.o(.text) referenced from startup_stm32h7a3xxq.o(RESET)
 <LI><a href="#[66]">I2C4_EV_IRQHandler</a> from startup_stm32h7a3xxq.o(.text) referenced from startup_stm32h7a3xxq.o(RESET)
 <LI><a href="#[74]">JPEG_IRQHandler</a> from startup_stm32h7a3xxq.o(.text) referenced from startup_stm32h7a3xxq.o(RESET)
 <LI><a href="#[64]">LPTIM1_IRQHandler</a> from startup_stm32h7a3xxq.o(.text) referenced from startup_stm32h7a3xxq.o(RESET)
 <LI><a href="#[83]">LPTIM2_IRQHandler</a> from startup_stm32h7a3xxq.o(.text) referenced from startup_stm32h7a3xxq.o(RESET)
 <LI><a href="#[84]">LPTIM3_IRQHandler</a> from startup_stm32h7a3xxq.o(.text) referenced from startup_stm32h7a3xxq.o(RESET)
 <LI><a href="#[87]">LPUART1_IRQHandler</a> from startup_stm32h7a3xxq.o(.text) referenced from startup_stm32h7a3xxq.o(RESET)
 <LI><a href="#[60]">LTDC_ER_IRQHandler</a> from startup_stm32h7a3xxq.o(.text) referenced from startup_stm32h7a3xxq.o(RESET)
 <LI><a href="#[5f]">LTDC_IRQHandler</a> from startup_stm32h7a3xxq.o(.text) referenced from startup_stm32h7a3xxq.o(RESET)
 <LI><a href="#[73]">MDIOS_IRQHandler</a> from startup_stm32h7a3xxq.o(.text) referenced from startup_stm32h7a3xxq.o(RESET)
 <LI><a href="#[72]">MDIOS_WKUP_IRQHandler</a> from startup_stm32h7a3xxq.o(.text) referenced from startup_stm32h7a3xxq.o(RESET)
 <LI><a href="#[75]">MDMA_IRQHandler</a> from startup_stm32h7a3xxq.o(.text) referenced from startup_stm32h7a3xxq.o(RESET)
 <LI><a href="#[3]">MemManage_Handler</a> from stm32h7xx_it.o(.text.MemManage_Handler) referenced from startup_stm32h7a3xxq.o(RESET)
 <LI><a href="#[1]">NMI_Handler</a> from stm32h7xx_it.o(.text.NMI_Handler) referenced from startup_stm32h7a3xxq.o(RESET)
 <LI><a href="#[63]">OCTOSPI1_IRQHandler</a> from startup_stm32h7a3xxq.o(.text) referenced from startup_stm32h7a3xxq.o(RESET)
 <LI><a href="#[8c]">OCTOSPI2_IRQHandler</a> from startup_stm32h7a3xxq.o(.text) referenced from startup_stm32h7a3xxq.o(RESET)
 <LI><a href="#[53]">OTG_HS_EP1_IN_IRQHandler</a> from startup_stm32h7a3xxq.o(.text) referenced from startup_stm32h7a3xxq.o(RESET)
 <LI><a href="#[52]">OTG_HS_EP1_OUT_IRQHandler</a> from startup_stm32h7a3xxq.o(.text) referenced from startup_stm32h7a3xxq.o(RESET)
 <LI><a href="#[55]">OTG_HS_IRQHandler</a> from startup_stm32h7a3xxq.o(.text) referenced from startup_stm32h7a3xxq.o(RESET)
 <LI><a href="#[54]">OTG_HS_WKUP_IRQHandler</a> from startup_stm32h7a3xxq.o(.text) referenced from startup_stm32h7a3xxq.o(RESET)
 <LI><a href="#[b]">PVD_PVM_IRQHandler</a> from startup_stm32h7a3xxq.o(.text) referenced from startup_stm32h7a3xxq.o(RESET)
 <LI><a href="#[8]">PendSV_Handler</a> from port.o(.text.PendSV_Handler) referenced from startup_stm32h7a3xxq.o(RESET)
 <LI><a href="#[f]">RCC_IRQHandler</a> from startup_stm32h7a3xxq.o(.text) referenced from startup_stm32h7a3xxq.o(RESET)
 <LI><a href="#[57]">RNG_IRQHandler</a> from startup_stm32h7a3xxq.o(.text) referenced from startup_stm32h7a3xxq.o(RESET)
 <LI><a href="#[33]">RTC_Alarm_IRQHandler</a> from startup_stm32h7a3xxq.o(.text) referenced from startup_stm32h7a3xxq.o(RESET)
 <LI><a href="#[c]">RTC_TAMP_STAMP_CSS_LSE_IRQHandler</a> from startup_stm32h7a3xxq.o(.text) referenced from startup_stm32h7a3xxq.o(RESET)
 <LI><a href="#[d]">RTC_WKUP_IRQHandler</a> from startup_stm32h7a3xxq.o(.text) referenced from startup_stm32h7a3xxq.o(RESET)
 <LI><a href="#[0]">Reset_Handler</a> from startup_stm32h7a3xxq.o(.text) referenced from startup_stm32h7a3xxq.o(RESET)
 <LI><a href="#[5e]">SAI1_IRQHandler</a> from startup_stm32h7a3xxq.o(.text) referenced from startup_stm32h7a3xxq.o(RESET)
 <LI><a href="#[62]">SAI2_IRQHandler</a> from startup_stm32h7a3xxq.o(.text) referenced from startup_stm32h7a3xxq.o(RESET)
 <LI><a href="#[3b]">SDMMC1_IRQHandler</a> from startup_stm32h7a3xxq.o(.text) referenced from startup_stm32h7a3xxq.o(RESET)
 <LI><a href="#[76]">SDMMC2_IRQHandler</a> from startup_stm32h7a3xxq.o(.text) referenced from startup_stm32h7a3xxq.o(RESET)
 <LI><a href="#[68]">SPDIF_RX_IRQHandler</a> from startup_stm32h7a3xxq.o(.text) referenced from startup_stm32h7a3xxq.o(RESET)
 <LI><a href="#[2d]">SPI1_IRQHandler</a> from startup_stm32h7a3xxq.o(.text) referenced from startup_stm32h7a3xxq.o(RESET)
 <LI><a href="#[2e]">SPI2_IRQHandler</a> from startup_stm32h7a3xxq.o(.text) referenced from startup_stm32h7a3xxq.o(RESET)
 <LI><a href="#[3d]">SPI3_IRQHandler</a> from startup_stm32h7a3xxq.o(.text) referenced from startup_stm32h7a3xxq.o(RESET)
 <LI><a href="#[5b]">SPI4_IRQHandler</a> from startup_stm32h7a3xxq.o(.text) referenced from startup_stm32h7a3xxq.o(RESET)
 <LI><a href="#[5c]">SPI5_IRQHandler</a> from startup_stm32h7a3xxq.o(.text) referenced from startup_stm32h7a3xxq.o(RESET)
 <LI><a href="#[5d]">SPI6_IRQHandler</a> from startup_stm32h7a3xxq.o(.text) referenced from startup_stm32h7a3xxq.o(RESET)
 <LI><a href="#[6]">SVC_Handler</a> from port.o(.text.SVC_Handler) referenced from startup_stm32h7a3xxq.o(RESET)
 <LI><a href="#[6e]">SWPMI1_IRQHandler</a> from startup_stm32h7a3xxq.o(.text) referenced from startup_stm32h7a3xxq.o(RESET)
 <LI><a href="#[98]">StartTask_4G_MQTT</a> from freertos.o(.text.StartTask_4G_MQTT) referenced 2 times from freertos.o(.text.MX_FREERTOS_Init)
 <LI><a href="#[9c]">StartTask_Alarm</a> from freertos.o(.text.StartTask_Alarm) referenced 2 times from freertos.o(.text.MX_FREERTOS_Init)
 <LI><a href="#[9b]">StartTask_Flash</a> from freertos.o(.text.StartTask_Flash) referenced 2 times from freertos.o(.text.MX_FREERTOS_Init)
 <LI><a href="#[9a]">StartTask_GPS</a> from freertos.o(.text.StartTask_GPS) referenced 2 times from freertos.o(.text.MX_FREERTOS_Init)
 <LI><a href="#[99]">StartTask_I2C_Sensors</a> from freertos.o(.text.StartTask_I2C_Sensors) referenced 2 times from freertos.o(.text.MX_FREERTOS_Init)
 <LI><a href="#[97]">StartTask_StateMachine</a> from freertos.o(.text.StartTask_StateMachine) referenced 2 times from freertos.o(.text.MX_FREERTOS_Init)
 <LI><a href="#[9]">SysTick_Handler</a> from cmsis_os2.o(.text.SysTick_Handler) referenced from startup_stm32h7a3xxq.o(RESET)
 <LI><a href="#[91]">SystemInit</a> from system_stm32h7xx.o(.text.SystemInit) referenced from startup_stm32h7a3xxq.o(.text)
 <LI><a href="#[6f]">TIM15_IRQHandler</a> from startup_stm32h7a3xxq.o(.text) referenced from startup_stm32h7a3xxq.o(RESET)
 <LI><a href="#[70]">TIM16_IRQHandler</a> from startup_stm32h7a3xxq.o(.text) referenced from startup_stm32h7a3xxq.o(RESET)
 <LI><a href="#[71]">TIM17_IRQHandler</a> from startup_stm32h7a3xxq.o(.text) referenced from startup_stm32h7a3xxq.o(RESET)
 <LI><a href="#[22]">TIM1_BRK_IRQHandler</a> from startup_stm32h7a3xxq.o(.text) referenced from startup_stm32h7a3xxq.o(RESET)
 <LI><a href="#[25]">TIM1_CC_IRQHandler</a> from startup_stm32h7a3xxq.o(.text) referenced from startup_stm32h7a3xxq.o(RESET)
 <LI><a href="#[24]">TIM1_TRG_COM_IRQHandler</a> from startup_stm32h7a3xxq.o(.text) referenced from startup_stm32h7a3xxq.o(RESET)
 <LI><a href="#[23]">TIM1_UP_IRQHandler</a> from startup_stm32h7a3xxq.o(.text) referenced from startup_stm32h7a3xxq.o(RESET)
 <LI><a href="#[26]">TIM2_IRQHandler</a> from startup_stm32h7a3xxq.o(.text) referenced from startup_stm32h7a3xxq.o(RESET)
 <LI><a href="#[27]">TIM3_IRQHandler</a> from startup_stm32h7a3xxq.o(.text) referenced from startup_stm32h7a3xxq.o(RESET)
 <LI><a href="#[28]">TIM4_IRQHandler</a> from startup_stm32h7a3xxq.o(.text) referenced from startup_stm32h7a3xxq.o(RESET)
 <LI><a href="#[3c]">TIM5_IRQHandler</a> from startup_stm32h7a3xxq.o(.text) referenced from startup_stm32h7a3xxq.o(RESET)
 <LI><a href="#[40]">TIM6_DAC_IRQHandler</a> from stm32h7xx_it.o(.text.TIM6_DAC_IRQHandler) referenced from startup_stm32h7a3xxq.o(RESET)
 <LI><a href="#[41]">TIM7_IRQHandler</a> from startup_stm32h7a3xxq.o(.text) referenced from startup_stm32h7a3xxq.o(RESET)
 <LI><a href="#[35]">TIM8_BRK_TIM12_IRQHandler</a> from startup_stm32h7a3xxq.o(.text) referenced from startup_stm32h7a3xxq.o(RESET)
 <LI><a href="#[38]">TIM8_CC_IRQHandler</a> from startup_stm32h7a3xxq.o(.text) referenced from startup_stm32h7a3xxq.o(RESET)
 <LI><a href="#[37]">TIM8_TRG_COM_TIM14_IRQHandler</a> from startup_stm32h7a3xxq.o(.text) referenced from startup_stm32h7a3xxq.o(RESET)
 <LI><a href="#[36]">TIM8_UP_TIM13_IRQHandler</a> from startup_stm32h7a3xxq.o(.text) referenced from startup_stm32h7a3xxq.o(RESET)
 <LI><a href="#[3e]">UART4_IRQHandler</a> from startup_stm32h7a3xxq.o(.text) referenced from startup_stm32h7a3xxq.o(RESET)
 <LI><a href="#[3f]">UART5_IRQHandler</a> from startup_stm32h7a3xxq.o(.text) referenced from startup_stm32h7a3xxq.o(RESET)
 <LI><a href="#[59]">UART7_IRQHandler</a> from startup_stm32h7a3xxq.o(.text) referenced from startup_stm32h7a3xxq.o(RESET)
 <LI><a href="#[5a]">UART8_IRQHandler</a> from startup_stm32h7a3xxq.o(.text) referenced from startup_stm32h7a3xxq.o(RESET)
 <LI><a href="#[85]">UART9_IRQHandler</a> from startup_stm32h7a3xxq.o(.text) referenced from startup_stm32h7a3xxq.o(RESET)
 <LI><a href="#[86]">USART10_IRQHandler</a> from startup_stm32h7a3xxq.o(.text) referenced from startup_stm32h7a3xxq.o(RESET)
 <LI><a href="#[2f]">USART1_IRQHandler</a> from startup_stm32h7a3xxq.o(.text) referenced from startup_stm32h7a3xxq.o(RESET)
 <LI><a href="#[30]">USART2_IRQHandler</a> from startup_stm32h7a3xxq.o(.text) referenced from startup_stm32h7a3xxq.o(RESET)
 <LI><a href="#[31]">USART3_IRQHandler</a> from startup_stm32h7a3xxq.o(.text) referenced from startup_stm32h7a3xxq.o(RESET)
 <LI><a href="#[4f]">USART6_IRQHandler</a> from startup_stm32h7a3xxq.o(.text) referenced from startup_stm32h7a3xxq.o(RESET)
 <LI><a href="#[5]">UsageFault_Handler</a> from stm32h7xx_it.o(.text.UsageFault_Handler) referenced from startup_stm32h7a3xxq.o(RESET)
 <LI><a href="#[8b]">WAKEUP_PIN_IRQHandler</a> from startup_stm32h7a3xxq.o(.text) referenced from startup_stm32h7a3xxq.o(RESET)
 <LI><a href="#[a]">WWDG_IRQHandler</a> from startup_stm32h7a3xxq.o(.text) referenced from startup_stm32h7a3xxq.o(RESET)
 <LI><a href="#[92]">__main</a> from entry.o(.ARM.Collect$$$$00000000) referenced from startup_stm32h7a3xxq.o(.text)
 <LI><a href="#[94]">_sbackspace</a> from _sgetc.o(.text) referenced 2 times from __0sscanf.o(.text)
 <LI><a href="#[95]">_scanf_char_input</a> from scanf_char.o(.text) referenced from scanf_char.o(.text)
 <LI><a href="#[93]">_sgetc</a> from _sgetc.o(.text) referenced 2 times from __0sscanf.o(.text)
 <LI><a href="#[a1]">_snputc</a> from printf6.o(i._snputc) referenced from printf6.o(i.__0snprintf$6)
 <LI><a href="#[a0]">fputc</a> from main.o(.text.fputc) referenced from printf6.o(i.__0printf$6)
 <LI><a href="#[96]">isspace</a> from isspace_c.o(.text) referenced 2 times from scanf_char.o(.text)
 <LI><a href="#[8f]">main</a> from main.o(.text.main) referenced from entry9a.o(.ARM.Collect$$$$0000000B)
 <LI><a href="#[9e]">prvIdleTask</a> from tasks.o(.text.prvIdleTask) referenced 2 times from tasks.o(.text.vTaskStartScheduler)
 <LI><a href="#[9d]">prvTaskExitError</a> from port.o(.text.prvTaskExitError) referenced 2 times from port.o(.text.pxPortInitialiseStack)
 <LI><a href="#[9f]">prvTimerTask</a> from timers.o(.text.prvTimerTask) referenced 2 times from timers.o(.text.xTimerCreateTimerTask)
</UL>
<P>
<H3>
Global Symbols
</H3>
<P><STRONG><a name="[92]"></a>__main</STRONG> (Thumb, 0 bytes, Stack size unknown bytes, entry.o(.ARM.Collect$$$$00000000))
<BR>[Address Reference Count : 1]<UL><LI> startup_stm32h7a3xxq.o(.text)
</UL>
<P><STRONG><a name="[162]"></a>_main_stk</STRONG> (Thumb, 0 bytes, Stack size unknown bytes, entry2.o(.ARM.Collect$$$$00000001))

<P><STRONG><a name="[a3]"></a>_main_scatterload</STRONG> (Thumb, 0 bytes, Stack size unknown bytes, entry5.o(.ARM.Collect$$$$00000004))
<BR><BR>[Calls]<UL><LI><a href="#[a4]">&gt;&gt;</a>&nbsp;&nbsp;&nbsp;__scatterload
</UL>

<P><STRONG><a name="[b7]"></a>__main_after_scatterload</STRONG> (Thumb, 0 bytes, Stack size unknown bytes, entry5.o(.ARM.Collect$$$$00000004))
<BR><BR>[Called By]<UL><LI><a href="#[a4]">&gt;&gt;</a>&nbsp;&nbsp;&nbsp;__scatterload
</UL>

<P><STRONG><a name="[163]"></a>_main_clock</STRONG> (Thumb, 0 bytes, Stack size unknown bytes, entry7b.o(.ARM.Collect$$$$00000008))

<P><STRONG><a name="[164]"></a>_main_cpp_init</STRONG> (Thumb, 0 bytes, Stack size unknown bytes, entry8b.o(.ARM.Collect$$$$0000000A))

<P><STRONG><a name="[165]"></a>_main_init</STRONG> (Thumb, 0 bytes, Stack size unknown bytes, entry9a.o(.ARM.Collect$$$$0000000B))

<P><STRONG><a name="[166]"></a>__rt_final_cpp</STRONG> (Thumb, 0 bytes, Stack size unknown bytes, entry10a.o(.ARM.Collect$$$$0000000D))

<P><STRONG><a name="[167]"></a>__rt_final_exit</STRONG> (Thumb, 0 bytes, Stack size unknown bytes, entry11a.o(.ARM.Collect$$$$0000000F))

<P><STRONG><a name="[0]"></a>Reset_Handler</STRONG> (Thumb, 12 bytes, Stack size 0 bytes, startup_stm32h7a3xxq.o(.text))
<BR>[Address Reference Count : 1]<UL><LI> startup_stm32h7a3xxq.o(RESET)
</UL>
<P><STRONG><a name="[1c]"></a>ADC_IRQHandler</STRONG> (Thumb, 0 bytes, Stack size 0 bytes, startup_stm32h7a3xxq.o(.text))
<BR><BR>[Calls]<UL><LI><a href="#[1c]">&gt;&gt;</a>&nbsp;&nbsp;&nbsp;ADC_IRQHandler
</UL>
<BR>[Called By]<UL><LI><a href="#[1c]">&gt;&gt;</a>&nbsp;&nbsp;&nbsp;ADC_IRQHandler
</UL>
<BR>[Address Reference Count : 1]<UL><LI> startup_stm32h7a3xxq.o(RESET)
</UL>
<P><STRONG><a name="[8e]"></a>BDMA1_IRQHandler</STRONG> (Thumb, 0 bytes, Stack size 0 bytes, startup_stm32h7a3xxq.o(.text))
<BR>[Address Reference Count : 1]<UL><LI> startup_stm32h7a3xxq.o(RESET)
</UL>
<P><STRONG><a name="[7a]"></a>BDMA2_Channel0_IRQHandler</STRONG> (Thumb, 0 bytes, Stack size 0 bytes, startup_stm32h7a3xxq.o(.text))
<BR>[Address Reference Count : 1]<UL><LI> startup_stm32h7a3xxq.o(RESET)
</UL>
<P><STRONG><a name="[7b]"></a>BDMA2_Channel1_IRQHandler</STRONG> (Thumb, 0 bytes, Stack size 0 bytes, startup_stm32h7a3xxq.o(.text))
<BR>[Address Reference Count : 1]<UL><LI> startup_stm32h7a3xxq.o(RESET)
</UL>
<P><STRONG><a name="[7c]"></a>BDMA2_Channel2_IRQHandler</STRONG> (Thumb, 0 bytes, Stack size 0 bytes, startup_stm32h7a3xxq.o(.text))
<BR>[Address Reference Count : 1]<UL><LI> startup_stm32h7a3xxq.o(RESET)
</UL>
<P><STRONG><a name="[7d]"></a>BDMA2_Channel3_IRQHandler</STRONG> (Thumb, 0 bytes, Stack size 0 bytes, startup_stm32h7a3xxq.o(.text))
<BR>[Address Reference Count : 1]<UL><LI> startup_stm32h7a3xxq.o(RESET)
</UL>
<P><STRONG><a name="[7e]"></a>BDMA2_Channel4_IRQHandler</STRONG> (Thumb, 0 bytes, Stack size 0 bytes, startup_stm32h7a3xxq.o(.text))
<BR>[Address Reference Count : 1]<UL><LI> startup_stm32h7a3xxq.o(RESET)
</UL>
<P><STRONG><a name="[7f]"></a>BDMA2_Channel5_IRQHandler</STRONG> (Thumb, 0 bytes, Stack size 0 bytes, startup_stm32h7a3xxq.o(.text))
<BR>[Address Reference Count : 1]<UL><LI> startup_stm32h7a3xxq.o(RESET)
</UL>
<P><STRONG><a name="[80]"></a>BDMA2_Channel6_IRQHandler</STRONG> (Thumb, 0 bytes, Stack size 0 bytes, startup_stm32h7a3xxq.o(.text))
<BR>[Address Reference Count : 1]<UL><LI> startup_stm32h7a3xxq.o(RESET)
</UL>
<P><STRONG><a name="[81]"></a>BDMA2_Channel7_IRQHandler</STRONG> (Thumb, 0 bytes, Stack size 0 bytes, startup_stm32h7a3xxq.o(.text))
<BR>[Address Reference Count : 1]<UL><LI> startup_stm32h7a3xxq.o(RESET)
</UL>
<P><STRONG><a name="[65]"></a>CEC_IRQHandler</STRONG> (Thumb, 0 bytes, Stack size 0 bytes, startup_stm32h7a3xxq.o(.text))
<BR>[Address Reference Count : 1]<UL><LI> startup_stm32h7a3xxq.o(RESET)
</UL>
<P><STRONG><a name="[82]"></a>COMP_IRQHandler</STRONG> (Thumb, 0 bytes, Stack size 0 bytes, startup_stm32h7a3xxq.o(.text))
<BR>[Address Reference Count : 1]<UL><LI> startup_stm32h7a3xxq.o(RESET)
</UL>
<P><STRONG><a name="[88]"></a>CRS_IRQHandler</STRONG> (Thumb, 0 bytes, Stack size 0 bytes, startup_stm32h7a3xxq.o(.text))
<BR>[Address Reference Count : 1]<UL><LI> startup_stm32h7a3xxq.o(RESET)
</UL>
<P><STRONG><a name="[78]"></a>DAC2_IRQHandler</STRONG> (Thumb, 0 bytes, Stack size 0 bytes, startup_stm32h7a3xxq.o(.text))
<BR>[Address Reference Count : 1]<UL><LI> startup_stm32h7a3xxq.o(RESET)
</UL>
<P><STRONG><a name="[56]"></a>DCMI_PSSI_IRQHandler</STRONG> (Thumb, 0 bytes, Stack size 0 bytes, startup_stm32h7a3xxq.o(.text))
<BR>[Address Reference Count : 1]<UL><LI> startup_stm32h7a3xxq.o(RESET)
</UL>
<P><STRONG><a name="[6a]"></a>DFSDM1_FLT0_IRQHandler</STRONG> (Thumb, 0 bytes, Stack size 0 bytes, startup_stm32h7a3xxq.o(.text))
<BR>[Address Reference Count : 1]<UL><LI> startup_stm32h7a3xxq.o(RESET)
</UL>
<P><STRONG><a name="[6b]"></a>DFSDM1_FLT1_IRQHandler</STRONG> (Thumb, 0 bytes, Stack size 0 bytes, startup_stm32h7a3xxq.o(.text))
<BR>[Address Reference Count : 1]<UL><LI> startup_stm32h7a3xxq.o(RESET)
</UL>
<P><STRONG><a name="[6c]"></a>DFSDM1_FLT2_IRQHandler</STRONG> (Thumb, 0 bytes, Stack size 0 bytes, startup_stm32h7a3xxq.o(.text))
<BR>[Address Reference Count : 1]<UL><LI> startup_stm32h7a3xxq.o(RESET)
</UL>
<P><STRONG><a name="[6d]"></a>DFSDM1_FLT3_IRQHandler</STRONG> (Thumb, 0 bytes, Stack size 0 bytes, startup_stm32h7a3xxq.o(.text))
<BR>[Address Reference Count : 1]<UL><LI> startup_stm32h7a3xxq.o(RESET)
</UL>
<P><STRONG><a name="[48]"></a>DFSDM1_FLT4_IRQHandler</STRONG> (Thumb, 0 bytes, Stack size 0 bytes, startup_stm32h7a3xxq.o(.text))
<BR>[Address Reference Count : 1]<UL><LI> startup_stm32h7a3xxq.o(RESET)
</UL>
<P><STRONG><a name="[49]"></a>DFSDM1_FLT5_IRQHandler</STRONG> (Thumb, 0 bytes, Stack size 0 bytes, startup_stm32h7a3xxq.o(.text))
<BR>[Address Reference Count : 1]<UL><LI> startup_stm32h7a3xxq.o(RESET)
</UL>
<P><STRONG><a name="[4a]"></a>DFSDM1_FLT6_IRQHandler</STRONG> (Thumb, 0 bytes, Stack size 0 bytes, startup_stm32h7a3xxq.o(.text))
<BR>[Address Reference Count : 1]<UL><LI> startup_stm32h7a3xxq.o(RESET)
</UL>
<P><STRONG><a name="[4b]"></a>DFSDM1_FLT7_IRQHandler</STRONG> (Thumb, 0 bytes, Stack size 0 bytes, startup_stm32h7a3xxq.o(.text))
<BR>[Address Reference Count : 1]<UL><LI> startup_stm32h7a3xxq.o(RESET)
</UL>
<P><STRONG><a name="[34]"></a>DFSDM2_IRQHandler</STRONG> (Thumb, 0 bytes, Stack size 0 bytes, startup_stm32h7a3xxq.o(.text))
<BR>[Address Reference Count : 1]<UL><LI> startup_stm32h7a3xxq.o(RESET)
</UL>
<P><STRONG><a name="[15]"></a>DMA1_Stream0_IRQHandler</STRONG> (Thumb, 0 bytes, Stack size 0 bytes, startup_stm32h7a3xxq.o(.text))
<BR>[Address Reference Count : 1]<UL><LI> startup_stm32h7a3xxq.o(RESET)
</UL>
<P><STRONG><a name="[16]"></a>DMA1_Stream1_IRQHandler</STRONG> (Thumb, 0 bytes, Stack size 0 bytes, startup_stm32h7a3xxq.o(.text))
<BR>[Address Reference Count : 1]<UL><LI> startup_stm32h7a3xxq.o(RESET)
</UL>
<P><STRONG><a name="[17]"></a>DMA1_Stream2_IRQHandler</STRONG> (Thumb, 0 bytes, Stack size 0 bytes, startup_stm32h7a3xxq.o(.text))
<BR>[Address Reference Count : 1]<UL><LI> startup_stm32h7a3xxq.o(RESET)
</UL>
<P><STRONG><a name="[18]"></a>DMA1_Stream3_IRQHandler</STRONG> (Thumb, 0 bytes, Stack size 0 bytes, startup_stm32h7a3xxq.o(.text))
<BR>[Address Reference Count : 1]<UL><LI> startup_stm32h7a3xxq.o(RESET)
</UL>
<P><STRONG><a name="[19]"></a>DMA1_Stream4_IRQHandler</STRONG> (Thumb, 0 bytes, Stack size 0 bytes, startup_stm32h7a3xxq.o(.text))
<BR>[Address Reference Count : 1]<UL><LI> startup_stm32h7a3xxq.o(RESET)
</UL>
<P><STRONG><a name="[1a]"></a>DMA1_Stream5_IRQHandler</STRONG> (Thumb, 0 bytes, Stack size 0 bytes, startup_stm32h7a3xxq.o(.text))
<BR>[Address Reference Count : 1]<UL><LI> startup_stm32h7a3xxq.o(RESET)
</UL>
<P><STRONG><a name="[1b]"></a>DMA1_Stream6_IRQHandler</STRONG> (Thumb, 0 bytes, Stack size 0 bytes, startup_stm32h7a3xxq.o(.text))
<BR>[Address Reference Count : 1]<UL><LI> startup_stm32h7a3xxq.o(RESET)
</UL>
<P><STRONG><a name="[39]"></a>DMA1_Stream7_IRQHandler</STRONG> (Thumb, 0 bytes, Stack size 0 bytes, startup_stm32h7a3xxq.o(.text))
<BR>[Address Reference Count : 1]<UL><LI> startup_stm32h7a3xxq.o(RESET)
</UL>
<P><STRONG><a name="[61]"></a>DMA2D_IRQHandler</STRONG> (Thumb, 0 bytes, Stack size 0 bytes, startup_stm32h7a3xxq.o(.text))
<BR>[Address Reference Count : 1]<UL><LI> startup_stm32h7a3xxq.o(RESET)
</UL>
<P><STRONG><a name="[42]"></a>DMA2_Stream0_IRQHandler</STRONG> (Thumb, 0 bytes, Stack size 0 bytes, startup_stm32h7a3xxq.o(.text))
<BR>[Address Reference Count : 1]<UL><LI> startup_stm32h7a3xxq.o(RESET)
</UL>
<P><STRONG><a name="[43]"></a>DMA2_Stream1_IRQHandler</STRONG> (Thumb, 0 bytes, Stack size 0 bytes, startup_stm32h7a3xxq.o(.text))
<BR>[Address Reference Count : 1]<UL><LI> startup_stm32h7a3xxq.o(RESET)
</UL>
<P><STRONG><a name="[44]"></a>DMA2_Stream2_IRQHandler</STRONG> (Thumb, 0 bytes, Stack size 0 bytes, startup_stm32h7a3xxq.o(.text))
<BR>[Address Reference Count : 1]<UL><LI> startup_stm32h7a3xxq.o(RESET)
</UL>
<P><STRONG><a name="[45]"></a>DMA2_Stream3_IRQHandler</STRONG> (Thumb, 0 bytes, Stack size 0 bytes, startup_stm32h7a3xxq.o(.text))
<BR>[Address Reference Count : 1]<UL><LI> startup_stm32h7a3xxq.o(RESET)
</UL>
<P><STRONG><a name="[46]"></a>DMA2_Stream4_IRQHandler</STRONG> (Thumb, 0 bytes, Stack size 0 bytes, startup_stm32h7a3xxq.o(.text))
<BR>[Address Reference Count : 1]<UL><LI> startup_stm32h7a3xxq.o(RESET)
</UL>
<P><STRONG><a name="[4c]"></a>DMA2_Stream5_IRQHandler</STRONG> (Thumb, 0 bytes, Stack size 0 bytes, startup_stm32h7a3xxq.o(.text))
<BR>[Address Reference Count : 1]<UL><LI> startup_stm32h7a3xxq.o(RESET)
</UL>
<P><STRONG><a name="[4d]"></a>DMA2_Stream6_IRQHandler</STRONG> (Thumb, 0 bytes, Stack size 0 bytes, startup_stm32h7a3xxq.o(.text))
<BR>[Address Reference Count : 1]<UL><LI> startup_stm32h7a3xxq.o(RESET)
</UL>
<P><STRONG><a name="[4e]"></a>DMA2_Stream7_IRQHandler</STRONG> (Thumb, 0 bytes, Stack size 0 bytes, startup_stm32h7a3xxq.o(.text))
<BR>[Address Reference Count : 1]<UL><LI> startup_stm32h7a3xxq.o(RESET)
</UL>
<P><STRONG><a name="[69]"></a>DMAMUX1_OVR_IRQHandler</STRONG> (Thumb, 0 bytes, Stack size 0 bytes, startup_stm32h7a3xxq.o(.text))
<BR>[Address Reference Count : 1]<UL><LI> startup_stm32h7a3xxq.o(RESET)
</UL>
<P><STRONG><a name="[79]"></a>DMAMUX2_OVR_IRQHandler</STRONG> (Thumb, 0 bytes, Stack size 0 bytes, startup_stm32h7a3xxq.o(.text))
<BR>[Address Reference Count : 1]<UL><LI> startup_stm32h7a3xxq.o(RESET)
</UL>
<P><STRONG><a name="[8a]"></a>DTS_IRQHandler</STRONG> (Thumb, 0 bytes, Stack size 0 bytes, startup_stm32h7a3xxq.o(.text))
<BR>[Address Reference Count : 1]<UL><LI> startup_stm32h7a3xxq.o(RESET)
</UL>
<P><STRONG><a name="[89]"></a>ECC_IRQHandler</STRONG> (Thumb, 0 bytes, Stack size 0 bytes, startup_stm32h7a3xxq.o(.text))
<BR>[Address Reference Count : 1]<UL><LI> startup_stm32h7a3xxq.o(RESET)
</UL>
<P><STRONG><a name="[10]"></a>EXTI0_IRQHandler</STRONG> (Thumb, 0 bytes, Stack size 0 bytes, startup_stm32h7a3xxq.o(.text))
<BR>[Address Reference Count : 1]<UL><LI> startup_stm32h7a3xxq.o(RESET)
</UL>
<P><STRONG><a name="[11]"></a>EXTI1_IRQHandler</STRONG> (Thumb, 0 bytes, Stack size 0 bytes, startup_stm32h7a3xxq.o(.text))
<BR>[Address Reference Count : 1]<UL><LI> startup_stm32h7a3xxq.o(RESET)
</UL>
<P><STRONG><a name="[12]"></a>EXTI2_IRQHandler</STRONG> (Thumb, 0 bytes, Stack size 0 bytes, startup_stm32h7a3xxq.o(.text))
<BR>[Address Reference Count : 1]<UL><LI> startup_stm32h7a3xxq.o(RESET)
</UL>
<P><STRONG><a name="[13]"></a>EXTI3_IRQHandler</STRONG> (Thumb, 0 bytes, Stack size 0 bytes, startup_stm32h7a3xxq.o(.text))
<BR>[Address Reference Count : 1]<UL><LI> startup_stm32h7a3xxq.o(RESET)
</UL>
<P><STRONG><a name="[14]"></a>EXTI4_IRQHandler</STRONG> (Thumb, 0 bytes, Stack size 0 bytes, startup_stm32h7a3xxq.o(.text))
<BR>[Address Reference Count : 1]<UL><LI> startup_stm32h7a3xxq.o(RESET)
</UL>
<P><STRONG><a name="[21]"></a>EXTI9_5_IRQHandler</STRONG> (Thumb, 0 bytes, Stack size 0 bytes, startup_stm32h7a3xxq.o(.text))
<BR>[Address Reference Count : 1]<UL><LI> startup_stm32h7a3xxq.o(RESET)
</UL>
<P><STRONG><a name="[1d]"></a>FDCAN1_IT0_IRQHandler</STRONG> (Thumb, 0 bytes, Stack size 0 bytes, startup_stm32h7a3xxq.o(.text))
<BR>[Address Reference Count : 1]<UL><LI> startup_stm32h7a3xxq.o(RESET)
</UL>
<P><STRONG><a name="[1f]"></a>FDCAN1_IT1_IRQHandler</STRONG> (Thumb, 0 bytes, Stack size 0 bytes, startup_stm32h7a3xxq.o(.text))
<BR>[Address Reference Count : 1]<UL><LI> startup_stm32h7a3xxq.o(RESET)
</UL>
<P><STRONG><a name="[1e]"></a>FDCAN2_IT0_IRQHandler</STRONG> (Thumb, 0 bytes, Stack size 0 bytes, startup_stm32h7a3xxq.o(.text))
<BR>[Address Reference Count : 1]<UL><LI> startup_stm32h7a3xxq.o(RESET)
</UL>
<P><STRONG><a name="[20]"></a>FDCAN2_IT1_IRQHandler</STRONG> (Thumb, 0 bytes, Stack size 0 bytes, startup_stm32h7a3xxq.o(.text))
<BR>[Address Reference Count : 1]<UL><LI> startup_stm32h7a3xxq.o(RESET)
</UL>
<P><STRONG><a name="[47]"></a>FDCAN_CAL_IRQHandler</STRONG> (Thumb, 0 bytes, Stack size 0 bytes, startup_stm32h7a3xxq.o(.text))
<BR>[Address Reference Count : 1]<UL><LI> startup_stm32h7a3xxq.o(RESET)
</UL>
<P><STRONG><a name="[e]"></a>FLASH_IRQHandler</STRONG> (Thumb, 0 bytes, Stack size 0 bytes, startup_stm32h7a3xxq.o(.text))
<BR>[Address Reference Count : 1]<UL><LI> startup_stm32h7a3xxq.o(RESET)
</UL>
<P><STRONG><a name="[3a]"></a>FMC_IRQHandler</STRONG> (Thumb, 0 bytes, Stack size 0 bytes, startup_stm32h7a3xxq.o(.text))
<BR>[Address Reference Count : 1]<UL><LI> startup_stm32h7a3xxq.o(RESET)
</UL>
<P><STRONG><a name="[58]"></a>FPU_IRQHandler</STRONG> (Thumb, 0 bytes, Stack size 0 bytes, startup_stm32h7a3xxq.o(.text))
<BR>[Address Reference Count : 1]<UL><LI> startup_stm32h7a3xxq.o(RESET)
</UL>
<P><STRONG><a name="[8d]"></a>GFXMMU_IRQHandler</STRONG> (Thumb, 0 bytes, Stack size 0 bytes, startup_stm32h7a3xxq.o(.text))
<BR>[Address Reference Count : 1]<UL><LI> startup_stm32h7a3xxq.o(RESET)
</UL>
<P><STRONG><a name="[77]"></a>HSEM1_IRQHandler</STRONG> (Thumb, 0 bytes, Stack size 0 bytes, startup_stm32h7a3xxq.o(.text))
<BR>[Address Reference Count : 1]<UL><LI> startup_stm32h7a3xxq.o(RESET)
</UL>
<P><STRONG><a name="[2a]"></a>I2C1_ER_IRQHandler</STRONG> (Thumb, 0 bytes, Stack size 0 bytes, startup_stm32h7a3xxq.o(.text))
<BR>[Address Reference Count : 1]<UL><LI> startup_stm32h7a3xxq.o(RESET)
</UL>
<P><STRONG><a name="[29]"></a>I2C1_EV_IRQHandler</STRONG> (Thumb, 0 bytes, Stack size 0 bytes, startup_stm32h7a3xxq.o(.text))
<BR>[Address Reference Count : 1]<UL><LI> startup_stm32h7a3xxq.o(RESET)
</UL>
<P><STRONG><a name="[2c]"></a>I2C2_ER_IRQHandler</STRONG> (Thumb, 0 bytes, Stack size 0 bytes, startup_stm32h7a3xxq.o(.text))
<BR>[Address Reference Count : 1]<UL><LI> startup_stm32h7a3xxq.o(RESET)
</UL>
<P><STRONG><a name="[2b]"></a>I2C2_EV_IRQHandler</STRONG> (Thumb, 0 bytes, Stack size 0 bytes, startup_stm32h7a3xxq.o(.text))
<BR>[Address Reference Count : 1]<UL><LI> startup_stm32h7a3xxq.o(RESET)
</UL>
<P><STRONG><a name="[51]"></a>I2C3_ER_IRQHandler</STRONG> (Thumb, 0 bytes, Stack size 0 bytes, startup_stm32h7a3xxq.o(.text))
<BR>[Address Reference Count : 1]<UL><LI> startup_stm32h7a3xxq.o(RESET)
</UL>
<P><STRONG><a name="[50]"></a>I2C3_EV_IRQHandler</STRONG> (Thumb, 0 bytes, Stack size 0 bytes, startup_stm32h7a3xxq.o(.text))
<BR>[Address Reference Count : 1]<UL><LI> startup_stm32h7a3xxq.o(RESET)
</UL>
<P><STRONG><a name="[67]"></a>I2C4_ER_IRQHandler</STRONG> (Thumb, 0 bytes, Stack size 0 bytes, startup_stm32h7a3xxq.o(.text))
<BR>[Address Reference Count : 1]<UL><LI> startup_stm32h7a3xxq.o(RESET)
</UL>
<P><STRONG><a name="[66]"></a>I2C4_EV_IRQHandler</STRONG> (Thumb, 0 bytes, Stack size 0 bytes, startup_stm32h7a3xxq.o(.text))
<BR>[Address Reference Count : 1]<UL><LI> startup_stm32h7a3xxq.o(RESET)
</UL>
<P><STRONG><a name="[74]"></a>JPEG_IRQHandler</STRONG> (Thumb, 0 bytes, Stack size 0 bytes, startup_stm32h7a3xxq.o(.text))
<BR>[Address Reference Count : 1]<UL><LI> startup_stm32h7a3xxq.o(RESET)
</UL>
<P><STRONG><a name="[64]"></a>LPTIM1_IRQHandler</STRONG> (Thumb, 0 bytes, Stack size 0 bytes, startup_stm32h7a3xxq.o(.text))
<BR>[Address Reference Count : 1]<UL><LI> startup_stm32h7a3xxq.o(RESET)
</UL>
<P><STRONG><a name="[83]"></a>LPTIM2_IRQHandler</STRONG> (Thumb, 0 bytes, Stack size 0 bytes, startup_stm32h7a3xxq.o(.text))
<BR>[Address Reference Count : 1]<UL><LI> startup_stm32h7a3xxq.o(RESET)
</UL>
<P><STRONG><a name="[84]"></a>LPTIM3_IRQHandler</STRONG> (Thumb, 0 bytes, Stack size 0 bytes, startup_stm32h7a3xxq.o(.text))
<BR>[Address Reference Count : 1]<UL><LI> startup_stm32h7a3xxq.o(RESET)
</UL>
<P><STRONG><a name="[87]"></a>LPUART1_IRQHandler</STRONG> (Thumb, 0 bytes, Stack size 0 bytes, startup_stm32h7a3xxq.o(.text))
<BR>[Address Reference Count : 1]<UL><LI> startup_stm32h7a3xxq.o(RESET)
</UL>
<P><STRONG><a name="[60]"></a>LTDC_ER_IRQHandler</STRONG> (Thumb, 0 bytes, Stack size 0 bytes, startup_stm32h7a3xxq.o(.text))
<BR>[Address Reference Count : 1]<UL><LI> startup_stm32h7a3xxq.o(RESET)
</UL>
<P><STRONG><a name="[5f]"></a>LTDC_IRQHandler</STRONG> (Thumb, 0 bytes, Stack size 0 bytes, startup_stm32h7a3xxq.o(.text))
<BR>[Address Reference Count : 1]<UL><LI> startup_stm32h7a3xxq.o(RESET)
</UL>
<P><STRONG><a name="[73]"></a>MDIOS_IRQHandler</STRONG> (Thumb, 0 bytes, Stack size 0 bytes, startup_stm32h7a3xxq.o(.text))
<BR>[Address Reference Count : 1]<UL><LI> startup_stm32h7a3xxq.o(RESET)
</UL>
<P><STRONG><a name="[72]"></a>MDIOS_WKUP_IRQHandler</STRONG> (Thumb, 0 bytes, Stack size 0 bytes, startup_stm32h7a3xxq.o(.text))
<BR>[Address Reference Count : 1]<UL><LI> startup_stm32h7a3xxq.o(RESET)
</UL>
<P><STRONG><a name="[75]"></a>MDMA_IRQHandler</STRONG> (Thumb, 0 bytes, Stack size 0 bytes, startup_stm32h7a3xxq.o(.text))
<BR>[Address Reference Count : 1]<UL><LI> startup_stm32h7a3xxq.o(RESET)
</UL>
<P><STRONG><a name="[63]"></a>OCTOSPI1_IRQHandler</STRONG> (Thumb, 0 bytes, Stack size 0 bytes, startup_stm32h7a3xxq.o(.text))
<BR>[Address Reference Count : 1]<UL><LI> startup_stm32h7a3xxq.o(RESET)
</UL>
<P><STRONG><a name="[8c]"></a>OCTOSPI2_IRQHandler</STRONG> (Thumb, 0 bytes, Stack size 0 bytes, startup_stm32h7a3xxq.o(.text))
<BR>[Address Reference Count : 1]<UL><LI> startup_stm32h7a3xxq.o(RESET)
</UL>
<P><STRONG><a name="[53]"></a>OTG_HS_EP1_IN_IRQHandler</STRONG> (Thumb, 0 bytes, Stack size 0 bytes, startup_stm32h7a3xxq.o(.text))
<BR>[Address Reference Count : 1]<UL><LI> startup_stm32h7a3xxq.o(RESET)
</UL>
<P><STRONG><a name="[52]"></a>OTG_HS_EP1_OUT_IRQHandler</STRONG> (Thumb, 0 bytes, Stack size 0 bytes, startup_stm32h7a3xxq.o(.text))
<BR>[Address Reference Count : 1]<UL><LI> startup_stm32h7a3xxq.o(RESET)
</UL>
<P><STRONG><a name="[55]"></a>OTG_HS_IRQHandler</STRONG> (Thumb, 0 bytes, Stack size 0 bytes, startup_stm32h7a3xxq.o(.text))
<BR>[Address Reference Count : 1]<UL><LI> startup_stm32h7a3xxq.o(RESET)
</UL>
<P><STRONG><a name="[54]"></a>OTG_HS_WKUP_IRQHandler</STRONG> (Thumb, 0 bytes, Stack size 0 bytes, startup_stm32h7a3xxq.o(.text))
<BR>[Address Reference Count : 1]<UL><LI> startup_stm32h7a3xxq.o(RESET)
</UL>
<P><STRONG><a name="[b]"></a>PVD_PVM_IRQHandler</STRONG> (Thumb, 0 bytes, Stack size 0 bytes, startup_stm32h7a3xxq.o(.text))
<BR>[Address Reference Count : 1]<UL><LI> startup_stm32h7a3xxq.o(RESET)
</UL>
<P><STRONG><a name="[f]"></a>RCC_IRQHandler</STRONG> (Thumb, 0 bytes, Stack size 0 bytes, startup_stm32h7a3xxq.o(.text))
<BR>[Address Reference Count : 1]<UL><LI> startup_stm32h7a3xxq.o(RESET)
</UL>
<P><STRONG><a name="[57]"></a>RNG_IRQHandler</STRONG> (Thumb, 0 bytes, Stack size 0 bytes, startup_stm32h7a3xxq.o(.text))
<BR>[Address Reference Count : 1]<UL><LI> startup_stm32h7a3xxq.o(RESET)
</UL>
<P><STRONG><a name="[33]"></a>RTC_Alarm_IRQHandler</STRONG> (Thumb, 0 bytes, Stack size 0 bytes, startup_stm32h7a3xxq.o(.text))
<BR>[Address Reference Count : 1]<UL><LI> startup_stm32h7a3xxq.o(RESET)
</UL>
<P><STRONG><a name="[c]"></a>RTC_TAMP_STAMP_CSS_LSE_IRQHandler</STRONG> (Thumb, 0 bytes, Stack size 0 bytes, startup_stm32h7a3xxq.o(.text))
<BR>[Address Reference Count : 1]<UL><LI> startup_stm32h7a3xxq.o(RESET)
</UL>
<P><STRONG><a name="[d]"></a>RTC_WKUP_IRQHandler</STRONG> (Thumb, 0 bytes, Stack size 0 bytes, startup_stm32h7a3xxq.o(.text))
<BR>[Address Reference Count : 1]<UL><LI> startup_stm32h7a3xxq.o(RESET)
</UL>
<P><STRONG><a name="[5e]"></a>SAI1_IRQHandler</STRONG> (Thumb, 0 bytes, Stack size 0 bytes, startup_stm32h7a3xxq.o(.text))
<BR>[Address Reference Count : 1]<UL><LI> startup_stm32h7a3xxq.o(RESET)
</UL>
<P><STRONG><a name="[62]"></a>SAI2_IRQHandler</STRONG> (Thumb, 0 bytes, Stack size 0 bytes, startup_stm32h7a3xxq.o(.text))
<BR>[Address Reference Count : 1]<UL><LI> startup_stm32h7a3xxq.o(RESET)
</UL>
<P><STRONG><a name="[3b]"></a>SDMMC1_IRQHandler</STRONG> (Thumb, 0 bytes, Stack size 0 bytes, startup_stm32h7a3xxq.o(.text))
<BR>[Address Reference Count : 1]<UL><LI> startup_stm32h7a3xxq.o(RESET)
</UL>
<P><STRONG><a name="[76]"></a>SDMMC2_IRQHandler</STRONG> (Thumb, 0 bytes, Stack size 0 bytes, startup_stm32h7a3xxq.o(.text))
<BR>[Address Reference Count : 1]<UL><LI> startup_stm32h7a3xxq.o(RESET)
</UL>
<P><STRONG><a name="[68]"></a>SPDIF_RX_IRQHandler</STRONG> (Thumb, 0 bytes, Stack size 0 bytes, startup_stm32h7a3xxq.o(.text))
<BR>[Address Reference Count : 1]<UL><LI> startup_stm32h7a3xxq.o(RESET)
</UL>
<P><STRONG><a name="[2d]"></a>SPI1_IRQHandler</STRONG> (Thumb, 0 bytes, Stack size 0 bytes, startup_stm32h7a3xxq.o(.text))
<BR>[Address Reference Count : 1]<UL><LI> startup_stm32h7a3xxq.o(RESET)
</UL>
<P><STRONG><a name="[2e]"></a>SPI2_IRQHandler</STRONG> (Thumb, 0 bytes, Stack size 0 bytes, startup_stm32h7a3xxq.o(.text))
<BR>[Address Reference Count : 1]<UL><LI> startup_stm32h7a3xxq.o(RESET)
</UL>
<P><STRONG><a name="[3d]"></a>SPI3_IRQHandler</STRONG> (Thumb, 0 bytes, Stack size 0 bytes, startup_stm32h7a3xxq.o(.text))
<BR>[Address Reference Count : 1]<UL><LI> startup_stm32h7a3xxq.o(RESET)
</UL>
<P><STRONG><a name="[5b]"></a>SPI4_IRQHandler</STRONG> (Thumb, 0 bytes, Stack size 0 bytes, startup_stm32h7a3xxq.o(.text))
<BR>[Address Reference Count : 1]<UL><LI> startup_stm32h7a3xxq.o(RESET)
</UL>
<P><STRONG><a name="[5c]"></a>SPI5_IRQHandler</STRONG> (Thumb, 0 bytes, Stack size 0 bytes, startup_stm32h7a3xxq.o(.text))
<BR>[Address Reference Count : 1]<UL><LI> startup_stm32h7a3xxq.o(RESET)
</UL>
<P><STRONG><a name="[5d]"></a>SPI6_IRQHandler</STRONG> (Thumb, 0 bytes, Stack size 0 bytes, startup_stm32h7a3xxq.o(.text))
<BR>[Address Reference Count : 1]<UL><LI> startup_stm32h7a3xxq.o(RESET)
</UL>
<P><STRONG><a name="[6e]"></a>SWPMI1_IRQHandler</STRONG> (Thumb, 0 bytes, Stack size 0 bytes, startup_stm32h7a3xxq.o(.text))
<BR>[Address Reference Count : 1]<UL><LI> startup_stm32h7a3xxq.o(RESET)
</UL>
<P><STRONG><a name="[6f]"></a>TIM15_IRQHandler</STRONG> (Thumb, 0 bytes, Stack size 0 bytes, startup_stm32h7a3xxq.o(.text))
<BR>[Address Reference Count : 1]<UL><LI> startup_stm32h7a3xxq.o(RESET)
</UL>
<P><STRONG><a name="[70]"></a>TIM16_IRQHandler</STRONG> (Thumb, 0 bytes, Stack size 0 bytes, startup_stm32h7a3xxq.o(.text))
<BR>[Address Reference Count : 1]<UL><LI> startup_stm32h7a3xxq.o(RESET)
</UL>
<P><STRONG><a name="[71]"></a>TIM17_IRQHandler</STRONG> (Thumb, 0 bytes, Stack size 0 bytes, startup_stm32h7a3xxq.o(.text))
<BR>[Address Reference Count : 1]<UL><LI> startup_stm32h7a3xxq.o(RESET)
</UL>
<P><STRONG><a name="[22]"></a>TIM1_BRK_IRQHandler</STRONG> (Thumb, 0 bytes, Stack size 0 bytes, startup_stm32h7a3xxq.o(.text))
<BR>[Address Reference Count : 1]<UL><LI> startup_stm32h7a3xxq.o(RESET)
</UL>
<P><STRONG><a name="[25]"></a>TIM1_CC_IRQHandler</STRONG> (Thumb, 0 bytes, Stack size 0 bytes, startup_stm32h7a3xxq.o(.text))
<BR>[Address Reference Count : 1]<UL><LI> startup_stm32h7a3xxq.o(RESET)
</UL>
<P><STRONG><a name="[24]"></a>TIM1_TRG_COM_IRQHandler</STRONG> (Thumb, 0 bytes, Stack size 0 bytes, startup_stm32h7a3xxq.o(.text))
<BR>[Address Reference Count : 1]<UL><LI> startup_stm32h7a3xxq.o(RESET)
</UL>
<P><STRONG><a name="[23]"></a>TIM1_UP_IRQHandler</STRONG> (Thumb, 0 bytes, Stack size 0 bytes, startup_stm32h7a3xxq.o(.text))
<BR>[Address Reference Count : 1]<UL><LI> startup_stm32h7a3xxq.o(RESET)
</UL>
<P><STRONG><a name="[26]"></a>TIM2_IRQHandler</STRONG> (Thumb, 0 bytes, Stack size 0 bytes, startup_stm32h7a3xxq.o(.text))
<BR>[Address Reference Count : 1]<UL><LI> startup_stm32h7a3xxq.o(RESET)
</UL>
<P><STRONG><a name="[27]"></a>TIM3_IRQHandler</STRONG> (Thumb, 0 bytes, Stack size 0 bytes, startup_stm32h7a3xxq.o(.text))
<BR>[Address Reference Count : 1]<UL><LI> startup_stm32h7a3xxq.o(RESET)
</UL>
<P><STRONG><a name="[28]"></a>TIM4_IRQHandler</STRONG> (Thumb, 0 bytes, Stack size 0 bytes, startup_stm32h7a3xxq.o(.text))
<BR>[Address Reference Count : 1]<UL><LI> startup_stm32h7a3xxq.o(RESET)
</UL>
<P><STRONG><a name="[3c]"></a>TIM5_IRQHandler</STRONG> (Thumb, 0 bytes, Stack size 0 bytes, startup_stm32h7a3xxq.o(.text))
<BR>[Address Reference Count : 1]<UL><LI> startup_stm32h7a3xxq.o(RESET)
</UL>
<P><STRONG><a name="[41]"></a>TIM7_IRQHandler</STRONG> (Thumb, 0 bytes, Stack size 0 bytes, startup_stm32h7a3xxq.o(.text))
<BR>[Address Reference Count : 1]<UL><LI> startup_stm32h7a3xxq.o(RESET)
</UL>
<P><STRONG><a name="[35]"></a>TIM8_BRK_TIM12_IRQHandler</STRONG> (Thumb, 0 bytes, Stack size 0 bytes, startup_stm32h7a3xxq.o(.text))
<BR>[Address Reference Count : 1]<UL><LI> startup_stm32h7a3xxq.o(RESET)
</UL>
<P><STRONG><a name="[38]"></a>TIM8_CC_IRQHandler</STRONG> (Thumb, 0 bytes, Stack size 0 bytes, startup_stm32h7a3xxq.o(.text))
<BR>[Address Reference Count : 1]<UL><LI> startup_stm32h7a3xxq.o(RESET)
</UL>
<P><STRONG><a name="[37]"></a>TIM8_TRG_COM_TIM14_IRQHandler</STRONG> (Thumb, 0 bytes, Stack size 0 bytes, startup_stm32h7a3xxq.o(.text))
<BR>[Address Reference Count : 1]<UL><LI> startup_stm32h7a3xxq.o(RESET)
</UL>
<P><STRONG><a name="[36]"></a>TIM8_UP_TIM13_IRQHandler</STRONG> (Thumb, 0 bytes, Stack size 0 bytes, startup_stm32h7a3xxq.o(.text))
<BR>[Address Reference Count : 1]<UL><LI> startup_stm32h7a3xxq.o(RESET)
</UL>
<P><STRONG><a name="[3e]"></a>UART4_IRQHandler</STRONG> (Thumb, 0 bytes, Stack size 0 bytes, startup_stm32h7a3xxq.o(.text))
<BR>[Address Reference Count : 1]<UL><LI> startup_stm32h7a3xxq.o(RESET)
</UL>
<P><STRONG><a name="[3f]"></a>UART5_IRQHandler</STRONG> (Thumb, 0 bytes, Stack size 0 bytes, startup_stm32h7a3xxq.o(.text))
<BR>[Address Reference Count : 1]<UL><LI> startup_stm32h7a3xxq.o(RESET)
</UL>
<P><STRONG><a name="[59]"></a>UART7_IRQHandler</STRONG> (Thumb, 0 bytes, Stack size 0 bytes, startup_stm32h7a3xxq.o(.text))
<BR>[Address Reference Count : 1]<UL><LI> startup_stm32h7a3xxq.o(RESET)
</UL>
<P><STRONG><a name="[5a]"></a>UART8_IRQHandler</STRONG> (Thumb, 0 bytes, Stack size 0 bytes, startup_stm32h7a3xxq.o(.text))
<BR>[Address Reference Count : 1]<UL><LI> startup_stm32h7a3xxq.o(RESET)
</UL>
<P><STRONG><a name="[85]"></a>UART9_IRQHandler</STRONG> (Thumb, 0 bytes, Stack size 0 bytes, startup_stm32h7a3xxq.o(.text))
<BR>[Address Reference Count : 1]<UL><LI> startup_stm32h7a3xxq.o(RESET)
</UL>
<P><STRONG><a name="[86]"></a>USART10_IRQHandler</STRONG> (Thumb, 0 bytes, Stack size 0 bytes, startup_stm32h7a3xxq.o(.text))
<BR>[Address Reference Count : 1]<UL><LI> startup_stm32h7a3xxq.o(RESET)
</UL>
<P><STRONG><a name="[2f]"></a>USART1_IRQHandler</STRONG> (Thumb, 0 bytes, Stack size 0 bytes, startup_stm32h7a3xxq.o(.text))
<BR>[Address Reference Count : 1]<UL><LI> startup_stm32h7a3xxq.o(RESET)
</UL>
<P><STRONG><a name="[30]"></a>USART2_IRQHandler</STRONG> (Thumb, 0 bytes, Stack size 0 bytes, startup_stm32h7a3xxq.o(.text))
<BR>[Address Reference Count : 1]<UL><LI> startup_stm32h7a3xxq.o(RESET)
</UL>
<P><STRONG><a name="[31]"></a>USART3_IRQHandler</STRONG> (Thumb, 0 bytes, Stack size 0 bytes, startup_stm32h7a3xxq.o(.text))
<BR>[Address Reference Count : 1]<UL><LI> startup_stm32h7a3xxq.o(RESET)
</UL>
<P><STRONG><a name="[4f]"></a>USART6_IRQHandler</STRONG> (Thumb, 0 bytes, Stack size 0 bytes, startup_stm32h7a3xxq.o(.text))
<BR>[Address Reference Count : 1]<UL><LI> startup_stm32h7a3xxq.o(RESET)
</UL>
<P><STRONG><a name="[8b]"></a>WAKEUP_PIN_IRQHandler</STRONG> (Thumb, 0 bytes, Stack size 0 bytes, startup_stm32h7a3xxq.o(.text))
<BR>[Address Reference Count : 1]<UL><LI> startup_stm32h7a3xxq.o(RESET)
</UL>
<P><STRONG><a name="[a]"></a>WWDG_IRQHandler</STRONG> (Thumb, 0 bytes, Stack size 0 bytes, startup_stm32h7a3xxq.o(.text))
<BR>[Address Reference Count : 1]<UL><LI> startup_stm32h7a3xxq.o(RESET)
</UL>
<P><STRONG><a name="[a5]"></a>__aeabi_uldivmod</STRONG> (Thumb, 98 bytes, Stack size 40 bytes, uldiv.o(.text))
<BR><BR>[Stack]<UL><LI>Max Depth = 40<LI>Call Chain = __aeabi_uldivmod
</UL>
<BR>[Calls]<UL><LI><a href="#[a6]">&gt;&gt;</a>&nbsp;&nbsp;&nbsp;__aeabi_llsr
<LI><a href="#[a7]">&gt;&gt;</a>&nbsp;&nbsp;&nbsp;__aeabi_llsl
</UL>
<BR>[Called By]<UL><LI><a href="#[10e]">&gt;&gt;</a>&nbsp;&nbsp;&nbsp;UART_SetConfig
</UL>

<P><STRONG><a name="[155]"></a>__aeabi_memcpy</STRONG> (Thumb, 36 bytes, Stack size 0 bytes, memcpya.o(.text))
<BR><BR>[Called By]<UL><LI><a href="#[12e]">&gt;&gt;</a>&nbsp;&nbsp;&nbsp;xQueueReceiveFromISR
<LI><a href="#[12d]">&gt;&gt;</a>&nbsp;&nbsp;&nbsp;xQueueReceive
<LI><a href="#[133]">&gt;&gt;</a>&nbsp;&nbsp;&nbsp;xQueueGenericSendFromISR
<LI><a href="#[132]">&gt;&gt;</a>&nbsp;&nbsp;&nbsp;xQueueGenericSend
</UL>

<P><STRONG><a name="[168]"></a>__aeabi_memcpy4</STRONG> (Thumb, 0 bytes, Stack size 0 bytes, memcpya.o(.text), UNUSED)

<P><STRONG><a name="[169]"></a>__aeabi_memcpy8</STRONG> (Thumb, 0 bytes, Stack size 0 bytes, memcpya.o(.text), UNUSED)

<P><STRONG><a name="[a9]"></a>__aeabi_memset</STRONG> (Thumb, 14 bytes, Stack size 0 bytes, memseta.o(.text))
<BR><BR>[Called By]<UL><LI><a href="#[aa]">&gt;&gt;</a>&nbsp;&nbsp;&nbsp;_memset$wrapper
<LI><a href="#[a8]">&gt;&gt;</a>&nbsp;&nbsp;&nbsp;__aeabi_memclr
</UL>

<P><STRONG><a name="[140]"></a>__aeabi_memset4</STRONG> (Thumb, 0 bytes, Stack size 0 bytes, memseta.o(.text))
<BR><BR>[Called By]<UL><LI><a href="#[13f]">&gt;&gt;</a>&nbsp;&nbsp;&nbsp;prvInitialiseNewTask
</UL>

<P><STRONG><a name="[16a]"></a>__aeabi_memset8</STRONG> (Thumb, 0 bytes, Stack size 0 bytes, memseta.o(.text), UNUSED)

<P><STRONG><a name="[a8]"></a>__aeabi_memclr</STRONG> (Thumb, 4 bytes, Stack size 0 bytes, memseta.o(.text))
<BR><BR>[Calls]<UL><LI><a href="#[a9]">&gt;&gt;</a>&nbsp;&nbsp;&nbsp;__aeabi_memset
</UL>
<BR>[Called By]<UL><LI><a href="#[12c]">&gt;&gt;</a>&nbsp;&nbsp;&nbsp;vTaskStartScheduler
<LI><a href="#[136]">&gt;&gt;</a>&nbsp;&nbsp;&nbsp;xTaskCreate
<LI><a href="#[135]">&gt;&gt;</a>&nbsp;&nbsp;&nbsp;xTaskCreateStatic
</UL>

<P><STRONG><a name="[16b]"></a>__aeabi_memclr4</STRONG> (Thumb, 0 bytes, Stack size 0 bytes, memseta.o(.text), UNUSED)

<P><STRONG><a name="[110]"></a>__aeabi_memclr8</STRONG> (Thumb, 0 bytes, Stack size 0 bytes, memseta.o(.text))
<BR><BR>[Called By]<UL><LI><a href="#[10c]">&gt;&gt;</a>&nbsp;&nbsp;&nbsp;HAL_UART_MspInit
</UL>

<P><STRONG><a name="[aa]"></a>_memset$wrapper</STRONG> (Thumb, 18 bytes, Stack size 8 bytes, memseta.o(.text), UNUSED)
<BR><BR>[Calls]<UL><LI><a href="#[a9]">&gt;&gt;</a>&nbsp;&nbsp;&nbsp;__aeabi_memset
</UL>

<P><STRONG><a name="[115]"></a>strstr</STRONG> (Thumb, 36 bytes, Stack size 12 bytes, strstr.o(.text))
<BR><BR>[Stack]<UL><LI>Max Depth = 12<LI>Call Chain = strstr
</UL>
<BR>[Called By]<UL><LI><a href="#[c9]">&gt;&gt;</a>&nbsp;&nbsp;&nbsp;MQTT_PollCommand
</UL>

<P><STRONG><a name="[e6]"></a>memcmp</STRONG> (Thumb, 26 bytes, Stack size 12 bytes, memcmp.o(.text))
<BR><BR>[Stack]<UL><LI>Max Depth = 12<LI>Call Chain = memcmp
</UL>
<BR>[Called By]<UL><LI><a href="#[d0]">&gt;&gt;</a>&nbsp;&nbsp;&nbsp;GPS_GetLocation
</UL>

<P><STRONG><a name="[e7]"></a>strtok</STRONG> (Thumb, 62 bytes, Stack size 16 bytes, strtok.o(.text))
<BR><BR>[Stack]<UL><LI>Max Depth = 16<LI>Call Chain = strtok
</UL>
<BR>[Called By]<UL><LI><a href="#[d0]">&gt;&gt;</a>&nbsp;&nbsp;&nbsp;GPS_GetLocation
</UL>

<P><STRONG><a name="[ab]"></a>__0sscanf</STRONG> (Thumb, 48 bytes, Stack size 72 bytes, __0sscanf.o(.text))
<BR><BR>[Stack]<UL><LI>Max Depth = 264<LI>Call Chain = __0sscanf &rArr; __vfscanf_char &rArr; __vfscanf &rArr; _scanf_real
</UL>
<BR>[Calls]<UL><LI><a href="#[ac]">&gt;&gt;</a>&nbsp;&nbsp;&nbsp;__vfscanf_char
</UL>
<BR>[Called By]<UL><LI><a href="#[be]">&gt;&gt;</a>&nbsp;&nbsp;&nbsp;Air780E_Init
</UL>

<P><STRONG><a name="[ad]"></a>_scanf_int</STRONG> (Thumb, 332 bytes, Stack size 56 bytes, _scanf_int.o(.text))
<BR><BR>[Stack]<UL><LI>Max Depth = 56<LI>Call Chain = _scanf_int
</UL>
<BR>[Calls]<UL><LI><a href="#[ae]">&gt;&gt;</a>&nbsp;&nbsp;&nbsp;_chval
</UL>
<BR>[Called By]<UL><LI><a href="#[af]">&gt;&gt;</a>&nbsp;&nbsp;&nbsp;__vfscanf
</UL>

<P><STRONG><a name="[16c]"></a>__aeabi_uidiv</STRONG> (Thumb, 0 bytes, Stack size 12 bytes, uidiv.o(.text), UNUSED)

<P><STRONG><a name="[160]"></a>__aeabi_uidivmod</STRONG> (Thumb, 44 bytes, Stack size 12 bytes, uidiv.o(.text), UNUSED)
<BR><BR>[Called By]<UL><LI><a href="#[15b]">&gt;&gt;</a>&nbsp;&nbsp;&nbsp;_printf_core
</UL>

<P><STRONG><a name="[a7]"></a>__aeabi_llsl</STRONG> (Thumb, 30 bytes, Stack size 0 bytes, llshl.o(.text))
<BR><BR>[Called By]<UL><LI><a href="#[a5]">&gt;&gt;</a>&nbsp;&nbsp;&nbsp;__aeabi_uldivmod
<LI><a href="#[b4]">&gt;&gt;</a>&nbsp;&nbsp;&nbsp;_double_epilogue
</UL>

<P><STRONG><a name="[16d]"></a>_ll_shift_l</STRONG> (Thumb, 0 bytes, Stack size 0 bytes, llshl.o(.text), UNUSED)

<P><STRONG><a name="[a6]"></a>__aeabi_llsr</STRONG> (Thumb, 32 bytes, Stack size 0 bytes, llushr.o(.text))
<BR><BR>[Called By]<UL><LI><a href="#[a5]">&gt;&gt;</a>&nbsp;&nbsp;&nbsp;__aeabi_uldivmod
<LI><a href="#[b4]">&gt;&gt;</a>&nbsp;&nbsp;&nbsp;_double_epilogue
</UL>

<P><STRONG><a name="[16e]"></a>_ll_ushift_r</STRONG> (Thumb, 0 bytes, Stack size 0 bytes, llushr.o(.text), UNUSED)

<P><STRONG><a name="[ae]"></a>_chval</STRONG> (Thumb, 28 bytes, Stack size 0 bytes, _chval.o(.text))
<BR><BR>[Called By]<UL><LI><a href="#[ad]">&gt;&gt;</a>&nbsp;&nbsp;&nbsp;_scanf_int
</UL>

<P><STRONG><a name="[ac]"></a>__vfscanf_char</STRONG> (Thumb, 20 bytes, Stack size 0 bytes, scanf_char.o(.text))
<BR><BR>[Stack]<UL><LI>Max Depth = 192<LI>Call Chain = __vfscanf_char &rArr; __vfscanf &rArr; _scanf_real
</UL>
<BR>[Calls]<UL><LI><a href="#[af]">&gt;&gt;</a>&nbsp;&nbsp;&nbsp;__vfscanf
</UL>
<BR>[Called By]<UL><LI><a href="#[ab]">&gt;&gt;</a>&nbsp;&nbsp;&nbsp;__0sscanf
</UL>

<P><STRONG><a name="[93]"></a>_sgetc</STRONG> (Thumb, 30 bytes, Stack size 0 bytes, _sgetc.o(.text))
<BR>[Address Reference Count : 2]<UL><LI> __0sscanf.o(.text)
<LI> strtod.o(.text)
</UL>
<P><STRONG><a name="[94]"></a>_sbackspace</STRONG> (Thumb, 34 bytes, Stack size 0 bytes, _sgetc.o(.text))
<BR>[Address Reference Count : 2]<UL><LI> __0sscanf.o(.text)
<LI> strtod.o(.text)
</UL>
<P><STRONG><a name="[b2]"></a>__strtod_int</STRONG> (Thumb, 94 bytes, Stack size 40 bytes, strtod.o(.text))
<BR><BR>[Stack]<UL><LI>Max Depth = 208<LI>Call Chain = __strtod_int &rArr; _local_sscanf &rArr; _scanf_real
</UL>
<BR>[Calls]<UL><LI><a href="#[b0]">&gt;&gt;</a>&nbsp;&nbsp;&nbsp;_local_sscanf
</UL>
<BR>[Called By]<UL><LI><a href="#[e8]">&gt;&gt;</a>&nbsp;&nbsp;&nbsp;__hardfp_atof
</UL>

<P><STRONG><a name="[16f]"></a>__I$use$fp</STRONG> (Thumb, 0 bytes, Stack size 48 bytes, iusefp.o(.text), UNUSED)

<P><STRONG><a name="[b3]"></a>__aeabi_dmul</STRONG> (Thumb, 228 bytes, Stack size 48 bytes, dmul.o(.text), UNUSED)
<BR><BR>[Calls]<UL><LI><a href="#[b4]">&gt;&gt;</a>&nbsp;&nbsp;&nbsp;_double_epilogue
</UL>
<BR>[Called By]<UL><LI><a href="#[b9]">&gt;&gt;</a>&nbsp;&nbsp;&nbsp;_fp_value
</UL>

<P><STRONG><a name="[b5]"></a>__aeabi_ddiv</STRONG> (Thumb, 222 bytes, Stack size 32 bytes, ddiv.o(.text), UNUSED)
<BR><BR>[Calls]<UL><LI><a href="#[b6]">&gt;&gt;</a>&nbsp;&nbsp;&nbsp;_double_round
</UL>
<BR>[Called By]<UL><LI><a href="#[b9]">&gt;&gt;</a>&nbsp;&nbsp;&nbsp;_fp_value
</UL>

<P><STRONG><a name="[a4]"></a>__scatterload</STRONG> (Thumb, 38 bytes, Stack size 0 bytes, init.o(.text))
<BR><BR>[Calls]<UL><LI><a href="#[b7]">&gt;&gt;</a>&nbsp;&nbsp;&nbsp;__main_after_scatterload
</UL>
<BR>[Called By]<UL><LI><a href="#[a3]">&gt;&gt;</a>&nbsp;&nbsp;&nbsp;_main_scatterload
</UL>

<P><STRONG><a name="[170]"></a>__scatterload_rt2</STRONG> (Thumb, 0 bytes, Stack size 0 bytes, init.o(.text), UNUSED)

<P><STRONG><a name="[96]"></a>isspace</STRONG> (Thumb, 10 bytes, Stack size 0 bytes, isspace_c.o(.text))
<BR><BR>[Calls]<UL><LI><a href="#[b8]">&gt;&gt;</a>&nbsp;&nbsp;&nbsp;__ctype_lookup
</UL>
<BR>[Address Reference Count : 2]<UL><LI> scanf_char.o(.text)
<LI> strtod.o(.text)
</UL>
<P><STRONG><a name="[af]"></a>__vfscanf</STRONG> (Thumb, 808 bytes, Stack size 88 bytes, _scanf.o(.text))
<BR><BR>[Stack]<UL><LI>Max Depth = 192<LI>Call Chain = __vfscanf &rArr; _scanf_real
</UL>
<BR>[Calls]<UL><LI><a href="#[b1]">&gt;&gt;</a>&nbsp;&nbsp;&nbsp;_scanf_real
<LI><a href="#[ad]">&gt;&gt;</a>&nbsp;&nbsp;&nbsp;_scanf_int
</UL>
<BR>[Called By]<UL><LI><a href="#[ac]">&gt;&gt;</a>&nbsp;&nbsp;&nbsp;__vfscanf_char
</UL>

<P><STRONG><a name="[b1]"></a>_scanf_real</STRONG> (Thumb, 0 bytes, Stack size 104 bytes, scanf_fp.o(.text))
<BR><BR>[Stack]<UL><LI>Max Depth = 104<LI>Call Chain = _scanf_real
</UL>
<BR>[Called By]<UL><LI><a href="#[af]">&gt;&gt;</a>&nbsp;&nbsp;&nbsp;__vfscanf
<LI><a href="#[b0]">&gt;&gt;</a>&nbsp;&nbsp;&nbsp;_local_sscanf
</UL>

<P><STRONG><a name="[bb]"></a>_scanf_really_real</STRONG> (Thumb, 556 bytes, Stack size 104 bytes, scanf_fp.o(.text), UNUSED)
<BR><BR>[Calls]<UL><LI><a href="#[bd]">&gt;&gt;</a>&nbsp;&nbsp;&nbsp;__aeabi_d2f
<LI><a href="#[bc]">&gt;&gt;</a>&nbsp;&nbsp;&nbsp;_is_digit
<LI><a href="#[b9]">&gt;&gt;</a>&nbsp;&nbsp;&nbsp;_fp_value
</UL>

<P><STRONG><a name="[b6]"></a>_double_round</STRONG> (Thumb, 30 bytes, Stack size 8 bytes, depilogue.o(.text), UNUSED)
<BR><BR>[Called By]<UL><LI><a href="#[b4]">&gt;&gt;</a>&nbsp;&nbsp;&nbsp;_double_epilogue
<LI><a href="#[b5]">&gt;&gt;</a>&nbsp;&nbsp;&nbsp;__aeabi_ddiv
</UL>

<P><STRONG><a name="[b4]"></a>_double_epilogue</STRONG> (Thumb, 156 bytes, Stack size 32 bytes, depilogue.o(.text), UNUSED)
<BR><BR>[Calls]<UL><LI><a href="#[b6]">&gt;&gt;</a>&nbsp;&nbsp;&nbsp;_double_round
<LI><a href="#[a6]">&gt;&gt;</a>&nbsp;&nbsp;&nbsp;__aeabi_llsr
<LI><a href="#[a7]">&gt;&gt;</a>&nbsp;&nbsp;&nbsp;__aeabi_llsl
</UL>
<BR>[Called By]<UL><LI><a href="#[ba]">&gt;&gt;</a>&nbsp;&nbsp;&nbsp;__aeabi_ul2d
<LI><a href="#[b3]">&gt;&gt;</a>&nbsp;&nbsp;&nbsp;__aeabi_dmul
</UL>

<P><STRONG><a name="[b8]"></a>__ctype_lookup</STRONG> (Thumb, 34 bytes, Stack size 0 bytes, ctype_c.o(.text))
<BR><BR>[Called By]<UL><LI><a href="#[96]">&gt;&gt;</a>&nbsp;&nbsp;&nbsp;isspace
</UL>

<P><STRONG><a name="[ba]"></a>__aeabi_ul2d</STRONG> (Thumb, 24 bytes, Stack size 16 bytes, dfltul.o(.text), UNUSED)
<BR><BR>[Calls]<UL><LI><a href="#[b4]">&gt;&gt;</a>&nbsp;&nbsp;&nbsp;_double_epilogue
</UL>
<BR>[Called By]<UL><LI><a href="#[b9]">&gt;&gt;</a>&nbsp;&nbsp;&nbsp;_fp_value
</UL>

<P><STRONG><a name="[bd]"></a>__aeabi_d2f</STRONG> (Thumb, 56 bytes, Stack size 8 bytes, d2f.o(.text), UNUSED)
<BR><BR>[Called By]<UL><LI><a href="#[bb]">&gt;&gt;</a>&nbsp;&nbsp;&nbsp;_scanf_really_real
</UL>

<P><STRONG><a name="[171]"></a>_float_round</STRONG> (Thumb, 18 bytes, Stack size 0 bytes, fepilogue.o(.text), UNUSED)

<P><STRONG><a name="[172]"></a>_float_epilogue</STRONG> (Thumb, 92 bytes, Stack size 4 bytes, fepilogue.o(.text), UNUSED)

<P><STRONG><a name="[be]"></a>Air780E_Init</STRONG> (Thumb, 212 bytes, Stack size 24 bytes, air780e.o(.text.Air780E_Init))
<BR><BR>[Stack]<UL><LI>Max Depth = 288<LI>Call Chain = Air780E_Init &rArr; __0sscanf &rArr; __vfscanf_char &rArr; __vfscanf &rArr; _scanf_real
</UL>
<BR>[Calls]<UL><LI><a href="#[c0]">&gt;&gt;</a>&nbsp;&nbsp;&nbsp;__2printf
<LI><a href="#[bf]">&gt;&gt;</a>&nbsp;&nbsp;&nbsp;puts
<LI><a href="#[ab]">&gt;&gt;</a>&nbsp;&nbsp;&nbsp;__0sscanf
</UL>
<BR>[Called By]<UL><LI><a href="#[c6]">&gt;&gt;</a>&nbsp;&nbsp;&nbsp;App_Task4GMQTT
</UL>

<P><STRONG><a name="[114]"></a>Air780E_IsNetworkReady</STRONG> (Thumb, 12 bytes, Stack size 0 bytes, air780e.o(.text.Air780E_IsNetworkReady))
<BR><BR>[Called By]<UL><LI><a href="#[c7]">&gt;&gt;</a>&nbsp;&nbsp;&nbsp;MQTT_Init
<LI><a href="#[e2]">&gt;&gt;</a>&nbsp;&nbsp;&nbsp;MQTT_PublishTelemetry
</UL>

<P><STRONG><a name="[e0]"></a>Alarm_CheckEnv</STRONG> (Thumb, 56 bytes, Stack size 0 bytes, alarm.o(.text.Alarm_CheckEnv))
<BR><BR>[Called By]<UL><LI><a href="#[d7]">&gt;&gt;</a>&nbsp;&nbsp;&nbsp;App_TaskStateMachine
</UL>

<P><STRONG><a name="[c1]"></a>Alarm_Init</STRONG> (Thumb, 52 bytes, Stack size 8 bytes, alarm.o(.text.Alarm_Init))
<BR><BR>[Stack]<UL><LI>Max Depth = 64<LI>Call Chain = Alarm_Init &rArr; puts &rArr; fputc &rArr; HAL_UART_Transmit
</UL>
<BR>[Calls]<UL><LI><a href="#[c2]">&gt;&gt;</a>&nbsp;&nbsp;&nbsp;HAL_GPIO_WritePin
<LI><a href="#[bf]">&gt;&gt;</a>&nbsp;&nbsp;&nbsp;puts
</UL>
<BR>[Called By]<UL><LI><a href="#[d7]">&gt;&gt;</a>&nbsp;&nbsp;&nbsp;App_TaskStateMachine
</UL>

<P><STRONG><a name="[e1]"></a>Alarm_SetActive</STRONG> (Thumb, 18 bytes, Stack size 0 bytes, alarm.o(.text.Alarm_SetActive))
<BR><BR>[Called By]<UL><LI><a href="#[d7]">&gt;&gt;</a>&nbsp;&nbsp;&nbsp;App_TaskStateMachine
</UL>

<P><STRONG><a name="[c3]"></a>Alarm_Task</STRONG> (Thumb, 72 bytes, Stack size 16 bytes, alarm.o(.text.Alarm_Task))
<BR><BR>[Stack]<UL><LI>Max Depth = 40<LI>Call Chain = Alarm_Task &rArr; __2printf
</UL>
<BR>[Calls]<UL><LI><a href="#[c2]">&gt;&gt;</a>&nbsp;&nbsp;&nbsp;HAL_GPIO_WritePin
<LI><a href="#[c0]">&gt;&gt;</a>&nbsp;&nbsp;&nbsp;__2printf
</UL>
<BR>[Called By]<UL><LI><a href="#[ca]">&gt;&gt;</a>&nbsp;&nbsp;&nbsp;App_TaskAlarm
</UL>

<P><STRONG><a name="[c4]"></a>App_SendActivationFromISR</STRONG> (Thumb, 44 bytes, Stack size 16 bytes, app.o(.text.App_SendActivationFromISR))
<BR><BR>[Stack]<UL><LI>Max Depth = 152<LI>Call Chain = App_SendActivationFromISR &rArr; osMessageQueuePut &rArr; xQueueGenericSend &rArr; xTaskResumeAll &rArr; xTaskIncrementTick
</UL>
<BR>[Calls]<UL><LI><a href="#[c5]">&gt;&gt;</a>&nbsp;&nbsp;&nbsp;osMessageQueuePut
</UL>
<BR>[Called By]<UL><LI><a href="#[e9]">&gt;&gt;</a>&nbsp;&nbsp;&nbsp;HAL_GPIO_EXTI_Callback
</UL>

<P><STRONG><a name="[c6]"></a>App_Task4GMQTT</STRONG> (Thumb, 58 bytes, Stack size 8 bytes, app.o(.text.App_Task4GMQTT))
<BR><BR>[Stack]<UL><LI>Max Depth = 296<LI>Call Chain = App_Task4GMQTT &rArr; Air780E_Init &rArr; __0sscanf &rArr; __vfscanf_char &rArr; __vfscanf &rArr; _scanf_real
</UL>
<BR>[Calls]<UL><LI><a href="#[c9]">&gt;&gt;</a>&nbsp;&nbsp;&nbsp;MQTT_PollCommand
<LI><a href="#[c7]">&gt;&gt;</a>&nbsp;&nbsp;&nbsp;MQTT_Init
<LI><a href="#[be]">&gt;&gt;</a>&nbsp;&nbsp;&nbsp;Air780E_Init
<LI><a href="#[c8]">&gt;&gt;</a>&nbsp;&nbsp;&nbsp;osDelay
<LI><a href="#[c5]">&gt;&gt;</a>&nbsp;&nbsp;&nbsp;osMessageQueuePut
</UL>
<BR>[Called By]<UL><LI><a href="#[98]">&gt;&gt;</a>&nbsp;&nbsp;&nbsp;StartTask_4G_MQTT
</UL>

<P><STRONG><a name="[ca]"></a>App_TaskAlarm</STRONG> (Thumb, 14 bytes, Stack size 0 bytes, app.o(.text.App_TaskAlarm))
<BR><BR>[Stack]<UL><LI>Max Depth = 96 + In Cycle
<LI>Call Chain = App_TaskAlarm &rArr;  App_TaskAlarm (Cycle)
</UL>
<BR>[Calls]<UL><LI><a href="#[c3]">&gt;&gt;</a>&nbsp;&nbsp;&nbsp;Alarm_Task
<LI><a href="#[c8]">&gt;&gt;</a>&nbsp;&nbsp;&nbsp;osDelay
<LI><a href="#[ca]">&gt;&gt;</a>&nbsp;&nbsp;&nbsp;App_TaskAlarm
</UL>
<BR>[Called By]<UL><LI><a href="#[ca]">&gt;&gt;</a>&nbsp;&nbsp;&nbsp;App_TaskAlarm
<LI><a href="#[9c]">&gt;&gt;</a>&nbsp;&nbsp;&nbsp;StartTask_Alarm
</UL>

<P><STRONG><a name="[cb]"></a>App_TaskFlash</STRONG> (Thumb, 18 bytes, Stack size 0 bytes, app.o(.text.App_TaskFlash))
<BR><BR>[Stack]<UL><LI>Max Depth = 96<LI>Call Chain = App_TaskFlash &rArr; osDelay &rArr; vTaskDelay &rArr; xTaskResumeAll &rArr; xTaskIncrementTick
</UL>
<BR>[Calls]<UL><LI><a href="#[cd]">&gt;&gt;</a>&nbsp;&nbsp;&nbsp;W25Q128_Task
<LI><a href="#[cc]">&gt;&gt;</a>&nbsp;&nbsp;&nbsp;W25Q128_Init
<LI><a href="#[c8]">&gt;&gt;</a>&nbsp;&nbsp;&nbsp;osDelay
</UL>
<BR>[Called By]<UL><LI><a href="#[9b]">&gt;&gt;</a>&nbsp;&nbsp;&nbsp;StartTask_Flash
</UL>

<P><STRONG><a name="[ce]"></a>App_TaskGPS</STRONG> (Thumb, 128 bytes, Stack size 16 bytes, app.o(.text.App_TaskGPS))
<BR><BR>[Stack]<UL><LI>Max Depth = 496<LI>Call Chain = App_TaskGPS &rArr; GPS_GetLocation &rArr; __hardfp_atof &rArr; __strtod_int &rArr; _local_sscanf &rArr; _scanf_real
</UL>
<BR>[Calls]<UL><LI><a href="#[d0]">&gt;&gt;</a>&nbsp;&nbsp;&nbsp;GPS_GetLocation
<LI><a href="#[cf]">&gt;&gt;</a>&nbsp;&nbsp;&nbsp;GPS_Init
<LI><a href="#[c8]">&gt;&gt;</a>&nbsp;&nbsp;&nbsp;osDelay
<LI><a href="#[c5]">&gt;&gt;</a>&nbsp;&nbsp;&nbsp;osMessageQueuePut
<LI><a href="#[c0]">&gt;&gt;</a>&nbsp;&nbsp;&nbsp;__2printf
</UL>
<BR>[Called By]<UL><LI><a href="#[9a]">&gt;&gt;</a>&nbsp;&nbsp;&nbsp;StartTask_GPS
</UL>

<P><STRONG><a name="[d1]"></a>App_TaskI2CSensors</STRONG> (Thumb, 172 bytes, Stack size 32 bytes, app.o(.text.App_TaskI2CSensors))
<BR><BR>[Stack]<UL><LI>Max Depth = 168<LI>Call Chain = App_TaskI2CSensors &rArr; osMessageQueuePut &rArr; xQueueGenericSend &rArr; xTaskResumeAll &rArr; xTaskIncrementTick
</UL>
<BR>[Calls]<UL><LI><a href="#[d6]">&gt;&gt;</a>&nbsp;&nbsp;&nbsp;SHT31_ReadHumidity
<LI><a href="#[d5]">&gt;&gt;</a>&nbsp;&nbsp;&nbsp;SHT31_ReadTemperature
<LI><a href="#[d4]">&gt;&gt;</a>&nbsp;&nbsp;&nbsp;PN532_ReadCard
<LI><a href="#[c8]">&gt;&gt;</a>&nbsp;&nbsp;&nbsp;osDelay
<LI><a href="#[d3]">&gt;&gt;</a>&nbsp;&nbsp;&nbsp;PN532_Init
<LI><a href="#[d2]">&gt;&gt;</a>&nbsp;&nbsp;&nbsp;SHT31_Init
<LI><a href="#[c5]">&gt;&gt;</a>&nbsp;&nbsp;&nbsp;osMessageQueuePut
<LI><a href="#[c0]">&gt;&gt;</a>&nbsp;&nbsp;&nbsp;__2printf
</UL>
<BR>[Called By]<UL><LI><a href="#[99]">&gt;&gt;</a>&nbsp;&nbsp;&nbsp;StartTask_I2C_Sensors
</UL>

<P><STRONG><a name="[d7]"></a>App_TaskStateMachine</STRONG> (Thumb, 632 bytes, Stack size 56 bytes, app.o(.text.App_TaskStateMachine))
<BR><BR>[Stack]<UL><LI>Max Depth = 248<LI>Call Chain = App_TaskStateMachine &rArr; MQTT_PublishTelemetry &rArr; __2snprintf
</UL>
<BR>[Calls]<UL><LI><a href="#[e3]">&gt;&gt;</a>&nbsp;&nbsp;&nbsp;W25Q128_WriteTelemetry
<LI><a href="#[e2]">&gt;&gt;</a>&nbsp;&nbsp;&nbsp;MQTT_PublishTelemetry
<LI><a href="#[e1]">&gt;&gt;</a>&nbsp;&nbsp;&nbsp;Alarm_SetActive
<LI><a href="#[e0]">&gt;&gt;</a>&nbsp;&nbsp;&nbsp;Alarm_CheckEnv
<LI><a href="#[df]">&gt;&gt;</a>&nbsp;&nbsp;&nbsp;osKernelGetTickCount
<LI><a href="#[de]">&gt;&gt;</a>&nbsp;&nbsp;&nbsp;osMessageQueueReset
<LI><a href="#[dd]">&gt;&gt;</a>&nbsp;&nbsp;&nbsp;osMessageQueueGet
<LI><a href="#[dc]">&gt;&gt;</a>&nbsp;&nbsp;&nbsp;HAL_GPIO_TogglePin
<LI><a href="#[db]">&gt;&gt;</a>&nbsp;&nbsp;&nbsp;Power_EnterStopStub
<LI><a href="#[da]">&gt;&gt;</a>&nbsp;&nbsp;&nbsp;StateMachine_Set
<LI><a href="#[d9]">&gt;&gt;</a>&nbsp;&nbsp;&nbsp;Power_Init
<LI><a href="#[c1]">&gt;&gt;</a>&nbsp;&nbsp;&nbsp;Alarm_Init
<LI><a href="#[d8]">&gt;&gt;</a>&nbsp;&nbsp;&nbsp;StateMachine_Init
<LI><a href="#[c2]">&gt;&gt;</a>&nbsp;&nbsp;&nbsp;HAL_GPIO_WritePin
<LI><a href="#[c0]">&gt;&gt;</a>&nbsp;&nbsp;&nbsp;__2printf
<LI><a href="#[bf]">&gt;&gt;</a>&nbsp;&nbsp;&nbsp;puts
</UL>
<BR>[Called By]<UL><LI><a href="#[97]">&gt;&gt;</a>&nbsp;&nbsp;&nbsp;StartTask_StateMachine
</UL>

<P><STRONG><a name="[4]"></a>BusFault_Handler</STRONG> (Thumb, 2 bytes, Stack size 0 bytes, stm32h7xx_it.o(.text.BusFault_Handler))
<BR><BR>[Calls]<UL><LI><a href="#[4]">&gt;&gt;</a>&nbsp;&nbsp;&nbsp;BusFault_Handler
</UL>
<BR>[Called By]<UL><LI><a href="#[4]">&gt;&gt;</a>&nbsp;&nbsp;&nbsp;BusFault_Handler
</UL>
<BR>[Address Reference Count : 1]<UL><LI> startup_stm32h7a3xxq.o(RESET)
</UL>
<P><STRONG><a name="[7]"></a>DebugMon_Handler</STRONG> (Thumb, 2 bytes, Stack size 0 bytes, stm32h7xx_it.o(.text.DebugMon_Handler))
<BR>[Address Reference Count : 1]<UL><LI> startup_stm32h7a3xxq.o(RESET)
</UL>
<P><STRONG><a name="[32]"></a>EXTI15_10_IRQHandler</STRONG> (Thumb, 8 bytes, Stack size 0 bytes, stm32h7xx_it.o(.text.EXTI15_10_IRQHandler))
<BR><BR>[Stack]<UL><LI>Max Depth = 160<LI>Call Chain = EXTI15_10_IRQHandler &rArr; HAL_GPIO_EXTI_IRQHandler &rArr; HAL_GPIO_EXTI_Callback &rArr; App_SendActivationFromISR &rArr; osMessageQueuePut &rArr; xQueueGenericSend &rArr; xTaskResumeAll &rArr; xTaskIncrementTick
</UL>
<BR>[Calls]<UL><LI><a href="#[e4]">&gt;&gt;</a>&nbsp;&nbsp;&nbsp;HAL_GPIO_EXTI_IRQHandler
</UL>
<BR>[Address Reference Count : 1]<UL><LI> startup_stm32h7a3xxq.o(RESET)
</UL>
<P><STRONG><a name="[111]"></a>Error_Handler</STRONG> (Thumb, 6 bytes, Stack size 0 bytes, main.o(.text.Error_Handler))
<BR><BR>[Called By]<UL><LI><a href="#[10c]">&gt;&gt;</a>&nbsp;&nbsp;&nbsp;HAL_UART_MspInit
<LI><a href="#[11a]">&gt;&gt;</a>&nbsp;&nbsp;&nbsp;MX_USART3_UART_Init
</UL>

<P><STRONG><a name="[90]"></a>ExitRun0Mode</STRONG> (Thumb, 44 bytes, Stack size 0 bytes, system_stm32h7xx.o(.text.ExitRun0Mode))
<BR>[Address Reference Count : 1]<UL><LI> startup_stm32h7a3xxq.o(.text)
</UL>
<P><STRONG><a name="[d0]"></a>GPS_GetLocation</STRONG> (Thumb, 1080 bytes, Stack size 248 bytes, gps.o(.text.GPS_GetLocation))
<BR><BR>[Stack]<UL><LI>Max Depth = 480<LI>Call Chain = GPS_GetLocation &rArr; __hardfp_atof &rArr; __strtod_int &rArr; _local_sscanf &rArr; _scanf_real
</UL>
<BR>[Calls]<UL><LI><a href="#[e5]">&gt;&gt;</a>&nbsp;&nbsp;&nbsp;__2snprintf
<LI><a href="#[e7]">&gt;&gt;</a>&nbsp;&nbsp;&nbsp;strtok
<LI><a href="#[e6]">&gt;&gt;</a>&nbsp;&nbsp;&nbsp;memcmp
<LI><a href="#[e8]">&gt;&gt;</a>&nbsp;&nbsp;&nbsp;__hardfp_atof
</UL>
<BR>[Called By]<UL><LI><a href="#[ce]">&gt;&gt;</a>&nbsp;&nbsp;&nbsp;App_TaskGPS
</UL>

<P><STRONG><a name="[cf]"></a>GPS_Init</STRONG> (Thumb, 12 bytes, Stack size 0 bytes, gps.o(.text.GPS_Init))
<BR><BR>[Stack]<UL><LI>Max Depth = 56<LI>Call Chain = GPS_Init &rArr; puts &rArr; fputc &rArr; HAL_UART_Transmit
</UL>
<BR>[Calls]<UL><LI><a href="#[bf]">&gt;&gt;</a>&nbsp;&nbsp;&nbsp;puts
</UL>
<BR>[Called By]<UL><LI><a href="#[ce]">&gt;&gt;</a>&nbsp;&nbsp;&nbsp;App_TaskGPS
</UL>

<P><STRONG><a name="[e9]"></a>HAL_GPIO_EXTI_Callback</STRONG> (Thumb, 48 bytes, Stack size 8 bytes, main.o(.text.HAL_GPIO_EXTI_Callback))
<BR><BR>[Stack]<UL><LI>Max Depth = 160<LI>Call Chain = HAL_GPIO_EXTI_Callback &rArr; App_SendActivationFromISR &rArr; osMessageQueuePut &rArr; xQueueGenericSend &rArr; xTaskResumeAll &rArr; xTaskIncrementTick
</UL>
<BR>[Calls]<UL><LI><a href="#[c4]">&gt;&gt;</a>&nbsp;&nbsp;&nbsp;App_SendActivationFromISR
<LI><a href="#[ea]">&gt;&gt;</a>&nbsp;&nbsp;&nbsp;HAL_GetTick
</UL>
<BR>[Called By]<UL><LI><a href="#[e4]">&gt;&gt;</a>&nbsp;&nbsp;&nbsp;HAL_GPIO_EXTI_IRQHandler
</UL>

<P><STRONG><a name="[e4]"></a>HAL_GPIO_EXTI_IRQHandler</STRONG> (Thumb, 20 bytes, Stack size 0 bytes, stm32h7xx_hal_gpio.o(.text.HAL_GPIO_EXTI_IRQHandler))
<BR><BR>[Stack]<UL><LI>Max Depth = 160<LI>Call Chain = HAL_GPIO_EXTI_IRQHandler &rArr; HAL_GPIO_EXTI_Callback &rArr; App_SendActivationFromISR &rArr; osMessageQueuePut &rArr; xQueueGenericSend &rArr; xTaskResumeAll &rArr; xTaskIncrementTick
</UL>
<BR>[Calls]<UL><LI><a href="#[e9]">&gt;&gt;</a>&nbsp;&nbsp;&nbsp;HAL_GPIO_EXTI_Callback
</UL>
<BR>[Called By]<UL><LI><a href="#[32]">&gt;&gt;</a>&nbsp;&nbsp;&nbsp;EXTI15_10_IRQHandler
</UL>

<P><STRONG><a name="[112]"></a>HAL_GPIO_Init</STRONG> (Thumb, 454 bytes, Stack size 44 bytes, stm32h7xx_hal_gpio.o(.text.HAL_GPIO_Init))
<BR><BR>[Stack]<UL><LI>Max Depth = 44<LI>Call Chain = HAL_GPIO_Init
</UL>
<BR>[Called By]<UL><LI><a href="#[10c]">&gt;&gt;</a>&nbsp;&nbsp;&nbsp;HAL_UART_MspInit
<LI><a href="#[119]">&gt;&gt;</a>&nbsp;&nbsp;&nbsp;MX_GPIO_Init
</UL>

<P><STRONG><a name="[dc]"></a>HAL_GPIO_TogglePin</STRONG> (Thumb, 16 bytes, Stack size 0 bytes, stm32h7xx_hal_gpio.o(.text.HAL_GPIO_TogglePin))
<BR><BR>[Called By]<UL><LI><a href="#[d7]">&gt;&gt;</a>&nbsp;&nbsp;&nbsp;App_TaskStateMachine
</UL>

<P><STRONG><a name="[c2]"></a>HAL_GPIO_WritePin</STRONG> (Thumb, 10 bytes, Stack size 0 bytes, stm32h7xx_hal_gpio.o(.text.HAL_GPIO_WritePin))
<BR><BR>[Called By]<UL><LI><a href="#[c3]">&gt;&gt;</a>&nbsp;&nbsp;&nbsp;Alarm_Task
<LI><a href="#[c1]">&gt;&gt;</a>&nbsp;&nbsp;&nbsp;Alarm_Init
<LI><a href="#[d7]">&gt;&gt;</a>&nbsp;&nbsp;&nbsp;App_TaskStateMachine
<LI><a href="#[119]">&gt;&gt;</a>&nbsp;&nbsp;&nbsp;MX_GPIO_Init
</UL>

<P><STRONG><a name="[ea]"></a>HAL_GetTick</STRONG> (Thumb, 12 bytes, Stack size 0 bytes, stm32h7xx_hal.o(.text.HAL_GetTick))
<BR><BR>[Called By]<UL><LI><a href="#[fb]">&gt;&gt;</a>&nbsp;&nbsp;&nbsp;RCCEx_PLL3_Config
<LI><a href="#[fa]">&gt;&gt;</a>&nbsp;&nbsp;&nbsp;RCCEx_PLL2_Config
<LI><a href="#[f9]">&gt;&gt;</a>&nbsp;&nbsp;&nbsp;HAL_RCCEx_PeriphCLKConfig
<LI><a href="#[e9]">&gt;&gt;</a>&nbsp;&nbsp;&nbsp;HAL_GPIO_EXTI_Callback
<LI><a href="#[fc]">&gt;&gt;</a>&nbsp;&nbsp;&nbsp;HAL_RCC_ClockConfig
<LI><a href="#[fe]">&gt;&gt;</a>&nbsp;&nbsp;&nbsp;HAL_RCC_OscConfig
<LI><a href="#[f6]">&gt;&gt;</a>&nbsp;&nbsp;&nbsp;HAL_PWREx_ConfigSupply
<LI><a href="#[113]">&gt;&gt;</a>&nbsp;&nbsp;&nbsp;HAL_UART_Transmit
<LI><a href="#[121]">&gt;&gt;</a>&nbsp;&nbsp;&nbsp;UART_WaitOnFlagUntilTimeout
<LI><a href="#[10f]">&gt;&gt;</a>&nbsp;&nbsp;&nbsp;UART_CheckIdleState
</UL>

<P><STRONG><a name="[10a]"></a>HAL_IncTick</STRONG> (Thumb, 26 bytes, Stack size 0 bytes, stm32h7xx_hal.o(.text.HAL_IncTick))
<BR><BR>[Called By]<UL><LI><a href="#[105]">&gt;&gt;</a>&nbsp;&nbsp;&nbsp;HAL_TIM_PeriodElapsedCallback
</UL>

<P><STRONG><a name="[eb]"></a>HAL_Init</STRONG> (Thumb, 100 bytes, Stack size 8 bytes, stm32h7xx_hal.o(.text.HAL_Init))
<BR><BR>[Stack]<UL><LI>Max Depth = 80<LI>Call Chain = HAL_Init &rArr; HAL_InitTick &rArr; HAL_TIM_Base_Init &rArr; TIM_Base_SetConfig
</UL>
<BR>[Calls]<UL><LI><a href="#[ed]">&gt;&gt;</a>&nbsp;&nbsp;&nbsp;HAL_RCC_GetSysClockFreq
<LI><a href="#[ec]">&gt;&gt;</a>&nbsp;&nbsp;&nbsp;HAL_NVIC_SetPriorityGrouping
<LI><a href="#[ee]">&gt;&gt;</a>&nbsp;&nbsp;&nbsp;HAL_InitTick
<LI><a href="#[ef]">&gt;&gt;</a>&nbsp;&nbsp;&nbsp;HAL_MspInit
</UL>
<BR>[Called By]<UL><LI><a href="#[8f]">&gt;&gt;</a>&nbsp;&nbsp;&nbsp;main
</UL>

<P><STRONG><a name="[ee]"></a>HAL_InitTick</STRONG> (Thumb, 168 bytes, Stack size 56 bytes, stm32h7xx_hal_timebase_tim.o(.text.HAL_InitTick))
<BR><BR>[Stack]<UL><LI>Max Depth = 72<LI>Call Chain = HAL_InitTick &rArr; HAL_TIM_Base_Init &rArr; TIM_Base_SetConfig
</UL>
<BR>[Calls]<UL><LI><a href="#[f5]">&gt;&gt;</a>&nbsp;&nbsp;&nbsp;HAL_TIM_Base_Start_IT
<LI><a href="#[f4]">&gt;&gt;</a>&nbsp;&nbsp;&nbsp;HAL_TIM_Base_Init
<LI><a href="#[f3]">&gt;&gt;</a>&nbsp;&nbsp;&nbsp;HAL_RCC_GetPCLK1Freq
<LI><a href="#[f2]">&gt;&gt;</a>&nbsp;&nbsp;&nbsp;HAL_RCC_GetClockConfig
<LI><a href="#[f1]">&gt;&gt;</a>&nbsp;&nbsp;&nbsp;HAL_NVIC_EnableIRQ
<LI><a href="#[f0]">&gt;&gt;</a>&nbsp;&nbsp;&nbsp;HAL_NVIC_SetPriority
</UL>
<BR>[Called By]<UL><LI><a href="#[fc]">&gt;&gt;</a>&nbsp;&nbsp;&nbsp;HAL_RCC_ClockConfig
<LI><a href="#[eb]">&gt;&gt;</a>&nbsp;&nbsp;&nbsp;HAL_Init
</UL>

<P><STRONG><a name="[125]"></a>HAL_MPU_ConfigRegion</STRONG> (Thumb, 94 bytes, Stack size 8 bytes, stm32h7xx_hal_cortex.o(.text.HAL_MPU_ConfigRegion))
<BR><BR>[Stack]<UL><LI>Max Depth = 8<LI>Call Chain = HAL_MPU_ConfigRegion
</UL>
<BR>[Called By]<UL><LI><a href="#[8f]">&gt;&gt;</a>&nbsp;&nbsp;&nbsp;main
</UL>

<P><STRONG><a name="[124]"></a>HAL_MPU_Disable</STRONG> (Thumb, 26 bytes, Stack size 0 bytes, stm32h7xx_hal_cortex.o(.text.HAL_MPU_Disable))
<BR><BR>[Called By]<UL><LI><a href="#[8f]">&gt;&gt;</a>&nbsp;&nbsp;&nbsp;main
</UL>

<P><STRONG><a name="[126]"></a>HAL_MPU_Enable</STRONG> (Thumb, 32 bytes, Stack size 0 bytes, stm32h7xx_hal_cortex.o(.text.HAL_MPU_Enable))
<BR><BR>[Called By]<UL><LI><a href="#[8f]">&gt;&gt;</a>&nbsp;&nbsp;&nbsp;main
</UL>

<P><STRONG><a name="[ef]"></a>HAL_MspInit</STRONG> (Thumb, 42 bytes, Stack size 4 bytes, stm32h7xx_hal_msp.o(.text.HAL_MspInit))
<BR><BR>[Stack]<UL><LI>Max Depth = 20<LI>Call Chain = HAL_MspInit &rArr; HAL_NVIC_SetPriority
</UL>
<BR>[Calls]<UL><LI><a href="#[f0]">&gt;&gt;</a>&nbsp;&nbsp;&nbsp;HAL_NVIC_SetPriority
</UL>
<BR>[Called By]<UL><LI><a href="#[eb]">&gt;&gt;</a>&nbsp;&nbsp;&nbsp;HAL_Init
</UL>

<P><STRONG><a name="[f1]"></a>HAL_NVIC_EnableIRQ</STRONG> (Thumb, 34 bytes, Stack size 0 bytes, stm32h7xx_hal_cortex.o(.text.HAL_NVIC_EnableIRQ))
<BR><BR>[Called By]<UL><LI><a href="#[ee]">&gt;&gt;</a>&nbsp;&nbsp;&nbsp;HAL_InitTick
<LI><a href="#[119]">&gt;&gt;</a>&nbsp;&nbsp;&nbsp;MX_GPIO_Init
</UL>

<P><STRONG><a name="[f0]"></a>HAL_NVIC_SetPriority</STRONG> (Thumb, 90 bytes, Stack size 16 bytes, stm32h7xx_hal_cortex.o(.text.HAL_NVIC_SetPriority))
<BR><BR>[Stack]<UL><LI>Max Depth = 16<LI>Call Chain = HAL_NVIC_SetPriority
</UL>
<BR>[Called By]<UL><LI><a href="#[ee]">&gt;&gt;</a>&nbsp;&nbsp;&nbsp;HAL_InitTick
<LI><a href="#[ef]">&gt;&gt;</a>&nbsp;&nbsp;&nbsp;HAL_MspInit
<LI><a href="#[119]">&gt;&gt;</a>&nbsp;&nbsp;&nbsp;MX_GPIO_Init
</UL>

<P><STRONG><a name="[ec]"></a>HAL_NVIC_SetPriorityGrouping</STRONG> (Thumb, 32 bytes, Stack size 0 bytes, stm32h7xx_hal_cortex.o(.text.HAL_NVIC_SetPriorityGrouping))
<BR><BR>[Called By]<UL><LI><a href="#[eb]">&gt;&gt;</a>&nbsp;&nbsp;&nbsp;HAL_Init
</UL>

<P><STRONG><a name="[f6]"></a>HAL_PWREx_ConfigSupply</STRONG> (Thumb, 132 bytes, Stack size 16 bytes, stm32h7xx_hal_pwr_ex.o(.text.HAL_PWREx_ConfigSupply))
<BR><BR>[Stack]<UL><LI>Max Depth = 16<LI>Call Chain = HAL_PWREx_ConfigSupply
</UL>
<BR>[Calls]<UL><LI><a href="#[ea]">&gt;&gt;</a>&nbsp;&nbsp;&nbsp;HAL_GetTick
</UL>
<BR>[Called By]<UL><LI><a href="#[120]">&gt;&gt;</a>&nbsp;&nbsp;&nbsp;SystemClock_Config
</UL>

<P><STRONG><a name="[f7]"></a>HAL_RCCEx_GetD3PCLK1Freq</STRONG> (Thumb, 38 bytes, Stack size 8 bytes, stm32h7xx_hal_rcc_ex.o(.text.HAL_RCCEx_GetD3PCLK1Freq))
<BR><BR>[Stack]<UL><LI>Max Depth = 16<LI>Call Chain = HAL_RCCEx_GetD3PCLK1Freq &rArr; HAL_RCC_GetHCLKFreq
</UL>
<BR>[Calls]<UL><LI><a href="#[f8]">&gt;&gt;</a>&nbsp;&nbsp;&nbsp;HAL_RCC_GetHCLKFreq
</UL>
<BR>[Called By]<UL><LI><a href="#[10e]">&gt;&gt;</a>&nbsp;&nbsp;&nbsp;UART_SetConfig
</UL>

[...]
<LI><a href="#[147]">&gt;&gt;</a>&nbsp;&nbsp;&nbsp;xTaskRemoveFromEventList
<LI><a href="#[155]">&gt;&gt;</a>&nbsp;&nbsp;&nbsp;__aeabi_memcpy
</UL>
<BR>[Called By]<UL><LI><a href="#[dd]">&gt;&gt;</a>&nbsp;&nbsp;&nbsp;osMessageQueueGet
</UL>

<P><STRONG><a name="[154]"></a>xTaskCheckForTimeOut</STRONG> (Thumb, 158 bytes, Stack size 16 bytes, tasks.o(.text.xTaskCheckForTimeOut))
<BR><BR>[Stack]<UL><LI>Max Depth = 16<LI>Call Chain = xTaskCheckForTimeOut
</UL>
<BR>[Calls]<UL><LI><a href="#[13d]">&gt;&gt;</a>&nbsp;&nbsp;&nbsp;vPortExitCritical
<LI><a href="#[13b]">&gt;&gt;</a>&nbsp;&nbsp;&nbsp;vPortEnterCritical
</UL>
<BR>[Called By]<UL><LI><a href="#[12d]">&gt;&gt;</a>&nbsp;&nbsp;&nbsp;xQueueReceive
<LI><a href="#[132]">&gt;&gt;</a>&nbsp;&nbsp;&nbsp;xQueueGenericSend
</UL>

<P><STRONG><a name="[136]"></a>xTaskCreate</STRONG> (Thumb, 96 bytes, Stack size 48 bytes, tasks.o(.text.xTaskCreate))
<BR><BR>[Stack]<UL><LI>Max Depth = 128<LI>Call Chain = xTaskCreate &rArr; vPortFree &rArr; xTaskResumeAll &rArr; xTaskIncrementTick
</UL>
<BR>[Calls]<UL><LI><a href="#[13e]">&gt;&gt;</a>&nbsp;&nbsp;&nbsp;vPortFree
<LI><a href="#[149]">&gt;&gt;</a>&nbsp;&nbsp;&nbsp;pvPortMalloc
<LI><a href="#[a8]">&gt;&gt;</a>&nbsp;&nbsp;&nbsp;__aeabi_memclr
<LI><a href="#[13a]">&gt;&gt;</a>&nbsp;&nbsp;&nbsp;prvAddNewTaskToReadyList
<LI><a href="#[13f]">&gt;&gt;</a>&nbsp;&nbsp;&nbsp;prvInitialiseNewTask
</UL>
<BR>[Called By]<UL><LI><a href="#[118]">&gt;&gt;</a>&nbsp;&nbsp;&nbsp;osThreadNew
</UL>

<P><STRONG><a name="[135]"></a>xTaskCreateStatic</STRONG> (Thumb, 170 bytes, Stack size 56 bytes, tasks.o(.text.xTaskCreateStatic))
<BR><BR>[Stack]<UL><LI>Max Depth = 88<LI>Call Chain = xTaskCreateStatic &rArr; prvAddNewTaskToReadyList
</UL>
<BR>[Calls]<UL><LI><a href="#[a8]">&gt;&gt;</a>&nbsp;&nbsp;&nbsp;__aeabi_memclr
<LI><a href="#[13a]">&gt;&gt;</a>&nbsp;&nbsp;&nbsp;prvAddNewTaskToReadyList
<LI><a href="#[13f]">&gt;&gt;</a>&nbsp;&nbsp;&nbsp;prvInitialiseNewTask
</UL>
<BR>[Called By]<UL><LI><a href="#[118]">&gt;&gt;</a>&nbsp;&nbsp;&nbsp;osThreadNew
<LI><a href="#[14d]">&gt;&gt;</a>&nbsp;&nbsp;&nbsp;xTimerCreateTimerTask
</UL>

<P><STRONG><a name="[11e]"></a>xTaskGetSchedulerState</STRONG> (Thumb, 28 bytes, Stack size 0 bytes, tasks.o(.text.xTaskGetSchedulerState))
<BR><BR>[Called By]<UL><LI><a href="#[c8]">&gt;&gt;</a>&nbsp;&nbsp;&nbsp;osDelay
<LI><a href="#[df]">&gt;&gt;</a>&nbsp;&nbsp;&nbsp;osKernelGetTickCount
<LI><a href="#[de]">&gt;&gt;</a>&nbsp;&nbsp;&nbsp;osMessageQueueReset
<LI><a href="#[dd]">&gt;&gt;</a>&nbsp;&nbsp;&nbsp;osMessageQueueGet
<LI><a href="#[c5]">&gt;&gt;</a>&nbsp;&nbsp;&nbsp;osMessageQueuePut
<LI><a href="#[118]">&gt;&gt;</a>&nbsp;&nbsp;&nbsp;osThreadNew
<LI><a href="#[117]">&gt;&gt;</a>&nbsp;&nbsp;&nbsp;osMessageQueueNew
<LI><a href="#[128]">&gt;&gt;</a>&nbsp;&nbsp;&nbsp;osKernelStart
<LI><a href="#[127]">&gt;&gt;</a>&nbsp;&nbsp;&nbsp;osKernelInitialize
<LI><a href="#[12d]">&gt;&gt;</a>&nbsp;&nbsp;&nbsp;xQueueReceive
<LI><a href="#[132]">&gt;&gt;</a>&nbsp;&nbsp;&nbsp;xQueueGenericSend
<LI><a href="#[9]">&gt;&gt;</a>&nbsp;&nbsp;&nbsp;SysTick_Handler
</UL>

<P><STRONG><a name="[12b]"></a>xTaskGetTickCount</STRONG> (Thumb, 12 bytes, Stack size 0 bytes, tasks.o(.text.xTaskGetTickCount))
<BR><BR>[Called By]<UL><LI><a href="#[df]">&gt;&gt;</a>&nbsp;&nbsp;&nbsp;osKernelGetTickCount
<LI><a href="#[9f]">&gt;&gt;</a>&nbsp;&nbsp;&nbsp;prvTimerTask
</UL>

<P><STRONG><a name="[12a]"></a>xTaskGetTickCountFromISR</STRONG> (Thumb, 18 bytes, Stack size 8 bytes, tasks.o(.text.xTaskGetTickCountFromISR))
<BR><BR>[Stack]<UL><LI>Max Depth = 8<LI>Call Chain = xTaskGetTickCountFromISR
</UL>
<BR>[Calls]<UL><LI><a href="#[157]">&gt;&gt;</a>&nbsp;&nbsp;&nbsp;vPortValidateInterruptPriority
</UL>
<BR>[Called By]<UL><LI><a href="#[df]">&gt;&gt;</a>&nbsp;&nbsp;&nbsp;osKernelGetTickCount
</UL>

<P><STRONG><a name="[152]"></a>xTaskIncrementTick</STRONG> (Thumb, 386 bytes, Stack size 32 bytes, tasks.o(.text.xTaskIncrementTick))
<BR><BR>[Stack]<UL><LI>Max Depth = 32<LI>Call Chain = xTaskIncrementTick
</UL>
<BR>[Called By]<UL><LI><a href="#[144]">&gt;&gt;</a>&nbsp;&nbsp;&nbsp;xTaskResumeAll
<LI><a href="#[11f]">&gt;&gt;</a>&nbsp;&nbsp;&nbsp;xPortSysTickHandler
</UL>

<P><STRONG><a name="[156]"></a>xTaskPriorityDisinherit</STRONG> (Thumb, 174 bytes, Stack size 16 bytes, tasks.o(.text.xTaskPriorityDisinherit))
<BR><BR>[Stack]<UL><LI>Max Depth = 16<LI>Call Chain = xTaskPriorityDisinherit
</UL>
<BR>[Calls]<UL><LI><a href="#[138]">&gt;&gt;</a>&nbsp;&nbsp;&nbsp;uxListRemove
</UL>
<BR>[Called By]<UL><LI><a href="#[133]">&gt;&gt;</a>&nbsp;&nbsp;&nbsp;xQueueGenericSendFromISR
<LI><a href="#[132]">&gt;&gt;</a>&nbsp;&nbsp;&nbsp;xQueueGenericSend
</UL>

<P><STRONG><a name="[147]"></a>xTaskRemoveFromEventList</STRONG> (Thumb, 248 bytes, Stack size 16 bytes, tasks.o(.text.xTaskRemoveFromEventList))
<BR><BR>[Stack]<UL><LI>Max Depth = 16<LI>Call Chain = xTaskRemoveFromEventList
</UL>
<BR>[Called By]<UL><LI><a href="#[12e]">&gt;&gt;</a>&nbsp;&nbsp;&nbsp;xQueueReceiveFromISR
<LI><a href="#[12d]">&gt;&gt;</a>&nbsp;&nbsp;&nbsp;xQueueReceive
<LI><a href="#[133]">&gt;&gt;</a>&nbsp;&nbsp;&nbsp;xQueueGenericSendFromISR
<LI><a href="#[132]">&gt;&gt;</a>&nbsp;&nbsp;&nbsp;xQueueGenericSend
<LI><a href="#[134]">&gt;&gt;</a>&nbsp;&nbsp;&nbsp;xQueueGenericReset
<LI><a href="#[146]">&gt;&gt;</a>&nbsp;&nbsp;&nbsp;prvUnlockQueue
</UL>

<P><STRONG><a name="[144]"></a>xTaskResumeAll</STRONG> (Thumb, 326 bytes, Stack size 32 bytes, tasks.o(.text.xTaskResumeAll))
<BR><BR>[Stack]<UL><LI>Max Depth = 64<LI>Call Chain = xTaskResumeAll &rArr; xTaskIncrementTick
</UL>
<BR>[Calls]<UL><LI><a href="#[13d]">&gt;&gt;</a>&nbsp;&nbsp;&nbsp;vPortExitCritical
<LI><a href="#[13b]">&gt;&gt;</a>&nbsp;&nbsp;&nbsp;vPortEnterCritical
<LI><a href="#[152]">&gt;&gt;</a>&nbsp;&nbsp;&nbsp;xTaskIncrementTick
</UL>
<BR>[Called By]<UL><LI><a href="#[12d]">&gt;&gt;</a>&nbsp;&nbsp;&nbsp;xQueueReceive
<LI><a href="#[132]">&gt;&gt;</a>&nbsp;&nbsp;&nbsp;xQueueGenericSend
<LI><a href="#[13e]">&gt;&gt;</a>&nbsp;&nbsp;&nbsp;vPortFree
<LI><a href="#[149]">&gt;&gt;</a>&nbsp;&nbsp;&nbsp;pvPortMalloc
<LI><a href="#[9f]">&gt;&gt;</a>&nbsp;&nbsp;&nbsp;prvTimerTask
<LI><a href="#[129]">&gt;&gt;</a>&nbsp;&nbsp;&nbsp;vTaskDelay
</UL>

<P><STRONG><a name="[14d]"></a>xTimerCreateTimerTask</STRONG> (Thumb, 176 bytes, Stack size 40 bytes, timers.o(.text.xTimerCreateTimerTask))
<BR><BR>[Stack]<UL><LI>Max Depth = 128<LI>Call Chain = xTimerCreateTimerTask &rArr; xTaskCreateStatic &rArr; prvAddNewTaskToReadyList
</UL>
<BR>[Calls]<UL><LI><a href="#[12f]">&gt;&gt;</a>&nbsp;&nbsp;&nbsp;xQueueGenericCreateStatic
<LI><a href="#[13d]">&gt;&gt;</a>&nbsp;&nbsp;&nbsp;vPortExitCritical
<LI><a href="#[13b]">&gt;&gt;</a>&nbsp;&nbsp;&nbsp;vPortEnterCritical
<LI><a href="#[13c]">&gt;&gt;</a>&nbsp;&nbsp;&nbsp;vListInitialise
<LI><a href="#[159]">&gt;&gt;</a>&nbsp;&nbsp;&nbsp;vApplicationGetTimerTaskMemory
<LI><a href="#[135]">&gt;&gt;</a>&nbsp;&nbsp;&nbsp;xTaskCreateStatic
<LI><a href="#[131]">&gt;&gt;</a>&nbsp;&nbsp;&nbsp;vQueueAddToRegistry
</UL>
<BR>[Called By]<UL><LI><a href="#[12c]">&gt;&gt;</a>&nbsp;&nbsp;&nbsp;vTaskStartScheduler
</UL>

<P><STRONG><a name="[15a]"></a>__0printf$6</STRONG> (Thumb, 22 bytes, Stack size 24 bytes, printf6.o(i.__0printf$6), UNUSED)
<BR><BR>[Calls]<UL><LI><a href="#[15b]">&gt;&gt;</a>&nbsp;&nbsp;&nbsp;_printf_core
</UL>

<P><STRONG><a name="[173]"></a>__1printf$6</STRONG> (Thumb, 0 bytes, Stack size 24 bytes, printf6.o(i.__0printf$6), UNUSED)

<P><STRONG><a name="[c0]"></a>__2printf</STRONG> (Thumb, 0 bytes, Stack size 24 bytes, printf6.o(i.__0printf$6))
<BR><BR>[Stack]<UL><LI>Max Depth = 24<LI>Call Chain = __2printf
</UL>
<BR>[Called By]<UL><LI><a href="#[c3]">&gt;&gt;</a>&nbsp;&nbsp;&nbsp;Alarm_Task
<LI><a href="#[c9]">&gt;&gt;</a>&nbsp;&nbsp;&nbsp;MQTT_PollCommand
<LI><a href="#[c7]">&gt;&gt;</a>&nbsp;&nbsp;&nbsp;MQTT_Init
<LI><a href="#[be]">&gt;&gt;</a>&nbsp;&nbsp;&nbsp;Air780E_Init
<LI><a href="#[e3]">&gt;&gt;</a>&nbsp;&nbsp;&nbsp;W25Q128_WriteTelemetry
<LI><a href="#[e2]">&gt;&gt;</a>&nbsp;&nbsp;&nbsp;MQTT_PublishTelemetry
<LI><a href="#[da]">&gt;&gt;</a>&nbsp;&nbsp;&nbsp;StateMachine_Set
<LI><a href="#[d8]">&gt;&gt;</a>&nbsp;&nbsp;&nbsp;StateMachine_Init
<LI><a href="#[ce]">&gt;&gt;</a>&nbsp;&nbsp;&nbsp;App_TaskGPS
<LI><a href="#[d1]">&gt;&gt;</a>&nbsp;&nbsp;&nbsp;App_TaskI2CSensors
<LI><a href="#[d7]">&gt;&gt;</a>&nbsp;&nbsp;&nbsp;App_TaskStateMachine
</UL>

<P><STRONG><a name="[15c]"></a>__0snprintf$6</STRONG> (Thumb, 48 bytes, Stack size 40 bytes, printf6.o(i.__0snprintf$6), UNUSED)
<BR><BR>[Calls]<UL><LI><a href="#[15b]">&gt;&gt;</a>&nbsp;&nbsp;&nbsp;_printf_core
</UL>

<P><STRONG><a name="[174]"></a>__1snprintf$6</STRONG> (Thumb, 0 bytes, Stack size 40 bytes, printf6.o(i.__0snprintf$6), UNUSED)

<P><STRONG><a name="[e5]"></a>__2snprintf</STRONG> (Thumb, 0 bytes, Stack size 40 bytes, printf6.o(i.__0snprintf$6))
<BR><BR>[Stack]<UL><LI>Max Depth = 40<LI>Call Chain = __2snprintf
</UL>
<BR>[Called By]<UL><LI><a href="#[d0]">&gt;&gt;</a>&nbsp;&nbsp;&nbsp;GPS_GetLocation
<LI><a href="#[d4]">&gt;&gt;</a>&nbsp;&nbsp;&nbsp;PN532_ReadCard
<LI><a href="#[e2]">&gt;&gt;</a>&nbsp;&nbsp;&nbsp;MQTT_PublishTelemetry
</UL>

<P><STRONG><a name="[e8]"></a>__hardfp_atof</STRONG> (Thumb, 46 bytes, Stack size 24 bytes, atof.o(i.__hardfp_atof))
<BR><BR>[Stack]<UL><LI>Max Depth = 232<LI>Call Chain = __hardfp_atof &rArr; __strtod_int &rArr; _local_sscanf &rArr; _scanf_real
</UL>
<BR>[Calls]<UL><LI><a href="#[b2]">&gt;&gt;</a>&nbsp;&nbsp;&nbsp;__strtod_int
<LI><a href="#[15e]">&gt;&gt;</a>&nbsp;&nbsp;&nbsp;__set_errno
<LI><a href="#[15d]">&gt;&gt;</a>&nbsp;&nbsp;&nbsp;__read_errno
</UL>
<BR>[Called By]<UL><LI><a href="#[d0]">&gt;&gt;</a>&nbsp;&nbsp;&nbsp;GPS_GetLocation
</UL>

<P><STRONG><a name="[15d]"></a>__read_errno</STRONG> (Thumb, 6 bytes, Stack size 0 bytes, errno.o(i.__read_errno))
<BR><BR>[Called By]<UL><LI><a href="#[e8]">&gt;&gt;</a>&nbsp;&nbsp;&nbsp;__hardfp_atof
</UL>

<P><STRONG><a name="[175]"></a>__scatterload_copy</STRONG> (Thumb, 14 bytes, Stack size unknown bytes, handlers.o(i.__scatterload_copy), UNUSED)

<P><STRONG><a name="[176]"></a>__scatterload_null</STRONG> (Thumb, 2 bytes, Stack size unknown bytes, handlers.o(i.__scatterload_null), UNUSED)

<P><STRONG><a name="[177]"></a>__scatterload_zeroinit</STRONG> (Thumb, 14 bytes, Stack size unknown bytes, handlers.o(i.__scatterload_zeroinit), UNUSED)

<P><STRONG><a name="[15e]"></a>__set_errno</STRONG> (Thumb, 6 bytes, Stack size 0 bytes, errno.o(i.__set_errno))
<BR><BR>[Called By]<UL><LI><a href="#[e8]">&gt;&gt;</a>&nbsp;&nbsp;&nbsp;__hardfp_atof
</UL>

<P><STRONG><a name="[bc]"></a>_is_digit</STRONG> (Thumb, 14 bytes, Stack size 0 bytes, scanf_fp.o(i._is_digit), UNUSED)
<BR><BR>[Called By]<UL><LI><a href="#[bb]">&gt;&gt;</a>&nbsp;&nbsp;&nbsp;_scanf_really_real
</UL>

<P><STRONG><a name="[bf]"></a>puts</STRONG> (Thumb, 30 bytes, Stack size 8 bytes, puts.o(i.puts))
<BR><BR>[Stack]<UL><LI>Max Depth = 56<LI>Call Chain = puts &rArr; fputc &rArr; HAL_UART_Transmit
</UL>
<BR>[Calls]<UL><LI><a href="#[a0]">&gt;&gt;</a>&nbsp;&nbsp;&nbsp;fputc
</UL>
<BR>[Called By]<UL><LI><a href="#[cd]">&gt;&gt;</a>&nbsp;&nbsp;&nbsp;W25Q128_Task
<LI><a href="#[cc]">&gt;&gt;</a>&nbsp;&nbsp;&nbsp;W25Q128_Init
<LI><a href="#[c7]">&gt;&gt;</a>&nbsp;&nbsp;&nbsp;MQTT_Init
<LI><a href="#[be]">&gt;&gt;</a>&nbsp;&nbsp;&nbsp;Air780E_Init
<LI><a href="#[cf]">&gt;&gt;</a>&nbsp;&nbsp;&nbsp;GPS_Init
<LI><a href="#[d4]">&gt;&gt;</a>&nbsp;&nbsp;&nbsp;PN532_ReadCard
<LI><a href="#[d3]">&gt;&gt;</a>&nbsp;&nbsp;&nbsp;PN532_Init
<LI><a href="#[d2]">&gt;&gt;</a>&nbsp;&nbsp;&nbsp;SHT31_Init
<LI><a href="#[db]">&gt;&gt;</a>&nbsp;&nbsp;&nbsp;Power_EnterStopStub
<LI><a href="#[d9]">&gt;&gt;</a>&nbsp;&nbsp;&nbsp;Power_Init
<LI><a href="#[c1]">&gt;&gt;</a>&nbsp;&nbsp;&nbsp;Alarm_Init
<LI><a href="#[d7]">&gt;&gt;</a>&nbsp;&nbsp;&nbsp;App_TaskStateMachine
</UL>
<P>
<H3>
Local Symbols
</H3>
<P><STRONG><a name="[fa]"></a>RCCEx_PLL2_Config</STRONG> (Thumb, 290 bytes, Stack size 24 bytes, stm32h7xx_hal_rcc_ex.o(.text.RCCEx_PLL2_Config))
<BR><BR>[Stack]<UL><LI>Max Depth = 24<LI>Call Chain = RCCEx_PLL2_Config
</UL>
<BR>[Calls]<UL><LI><a href="#[ea]">&gt;&gt;</a>&nbsp;&nbsp;&nbsp;HAL_GetTick
</UL>
<BR>[Called By]<UL><LI><a href="#[f9]">&gt;&gt;</a>&nbsp;&nbsp;&nbsp;HAL_RCCEx_PeriphCLKConfig
</UL>

<P><STRONG><a name="[fb]"></a>RCCEx_PLL3_Config</STRONG> (Thumb, 290 bytes, Stack size 24 bytes, stm32h7xx_hal_rcc_ex.o(.text.RCCEx_PLL3_Config))
<BR><BR>[Stack]<UL><LI>Max Depth = 24<LI>Call Chain = RCCEx_PLL3_Config
</UL>
<BR>[Calls]<UL><LI><a href="#[ea]">&gt;&gt;</a>&nbsp;&nbsp;&nbsp;HAL_GetTick
</UL>
<BR>[Called By]<UL><LI><a href="#[f9]">&gt;&gt;</a>&nbsp;&nbsp;&nbsp;HAL_RCCEx_PeriphCLKConfig
</UL>

<P><STRONG><a name="[146]"></a>prvUnlockQueue</STRONG> (Thumb, 122 bytes, Stack size 24 bytes, queue.o(.text.prvUnlockQueue))
<BR><BR>[Stack]<UL><LI>Max Depth = 40<LI>Call Chain = prvUnlockQueue &rArr; xTaskRemoveFromEventList
</UL>
<BR>[Calls]<UL><LI><a href="#[148]">&gt;&gt;</a>&nbsp;&nbsp;&nbsp;vTaskMissedYield
<LI><a href="#[147]">&gt;&gt;</a>&nbsp;&nbsp;&nbsp;xTaskRemoveFromEventList
<LI><a href="#[13d]">&gt;&gt;</a>&nbsp;&nbsp;&nbsp;vPortExitCritical
<LI><a href="#[13b]">&gt;&gt;</a>&nbsp;&nbsp;&nbsp;vPortEnterCritical
</UL>
<BR>[Called By]<UL><LI><a href="#[12d]">&gt;&gt;</a>&nbsp;&nbsp;&nbsp;xQueueReceive
<LI><a href="#[132]">&gt;&gt;</a>&nbsp;&nbsp;&nbsp;xQueueGenericSend
<LI><a href="#[145]">&gt;&gt;</a>&nbsp;&nbsp;&nbsp;vQueueWaitForMessageRestricted
</UL>

<P><STRONG><a name="[13f]"></a>prvInitialiseNewTask</STRONG> (Thumb, 296 bytes, Stack size 32 bytes, tasks.o(.text.prvInitialiseNewTask))
<BR><BR>[Stack]<UL><LI>Max Depth = 32<LI>Call Chain = prvInitialiseNewTask
</UL>
<BR>[Calls]<UL><LI><a href="#[141]">&gt;&gt;</a>&nbsp;&nbsp;&nbsp;vListInitialiseItem
<LI><a href="#[140]">&gt;&gt;</a>&nbsp;&nbsp;&nbsp;__aeabi_memset4
<LI><a href="#[142]">&gt;&gt;</a>&nbsp;&nbsp;&nbsp;pxPortInitialiseStack
</UL>
<BR>[Called By]<UL><LI><a href="#[12c]">&gt;&gt;</a>&nbsp;&nbsp;&nbsp;vTaskStartScheduler
<LI><a href="#[136]">&gt;&gt;</a>&nbsp;&nbsp;&nbsp;xTaskCreate
<LI><a href="#[135]">&gt;&gt;</a>&nbsp;&nbsp;&nbsp;xTaskCreateStatic
</UL>

<P><STRONG><a name="[13a]"></a>prvAddNewTaskToReadyList</STRONG> (Thumb, 690 bytes, Stack size 32 bytes, tasks.o(.text.prvAddNewTaskToReadyList))
<BR><BR>[Stack]<UL><LI>Max Depth = 32<LI>Call Chain = prvAddNewTaskToReadyList
</UL>
<BR>[Calls]<UL><LI><a href="#[13d]">&gt;&gt;</a>&nbsp;&nbsp;&nbsp;vPortExitCritical
<LI><a href="#[13b]">&gt;&gt;</a>&nbsp;&nbsp;&nbsp;vPortEnterCritical
<LI><a href="#[13c]">&gt;&gt;</a>&nbsp;&nbsp;&nbsp;vListInitialise
</UL>
<BR>[Called By]<UL><LI><a href="#[12c]">&gt;&gt;</a>&nbsp;&nbsp;&nbsp;vTaskStartScheduler
<LI><a href="#[136]">&gt;&gt;</a>&nbsp;&nbsp;&nbsp;xTaskCreate
<LI><a href="#[135]">&gt;&gt;</a>&nbsp;&nbsp;&nbsp;xTaskCreateStatic
</UL>

<P><STRONG><a name="[137]"></a>prvAddCurrentTaskToDelayedList</STRONG> (Thumb, 134 bytes, Stack size 24 bytes, tasks.o(.text.prvAddCurrentTaskToDelayedList))
<BR><BR>[Stack]<UL><LI>Max Depth = 32<LI>Call Chain = prvAddCurrentTaskToDelayedList &rArr; vListInsert
</UL>
<BR>[Calls]<UL><LI><a href="#[138]">&gt;&gt;</a>&nbsp;&nbsp;&nbsp;uxListRemove
<LI><a href="#[139]">&gt;&gt;</a>&nbsp;&nbsp;&nbsp;vListInsert
</UL>
<BR>[Called By]<UL><LI><a href="#[14b]">&gt;&gt;</a>&nbsp;&nbsp;&nbsp;vTaskPlaceOnEventList
<LI><a href="#[14a]">&gt;&gt;</a>&nbsp;&nbsp;&nbsp;vTaskPlaceOnEventListRestricted
</UL>

<P><STRONG><a name="[9e]"></a>prvIdleTask</STRONG> (Thumb, 138 bytes, Stack size 0 bytes, tasks.o(.text.prvIdleTask))
<BR><BR>[Stack]<UL><LI>Max Depth = 80<LI>Call Chain = prvIdleTask &rArr; vPortFree &rArr; xTaskResumeAll &rArr; xTaskIncrementTick
</UL>
<BR>[Calls]<UL><LI><a href="#[138]">&gt;&gt;</a>&nbsp;&nbsp;&nbsp;uxListRemove
<LI><a href="#[13e]">&gt;&gt;</a>&nbsp;&nbsp;&nbsp;vPortFree
<LI><a href="#[13d]">&gt;&gt;</a>&nbsp;&nbsp;&nbsp;vPortExitCritical
<LI><a href="#[13b]">&gt;&gt;</a>&nbsp;&nbsp;&nbsp;vPortEnterCritical
</UL>
<BR>[Address Reference Count : 1]<UL><LI> tasks.o(.text.vTaskStartScheduler)
</UL>
<P><STRONG><a name="[9f]"></a>prvTimerTask</STRONG> (Thumb, 818 bytes, Stack size 16 bytes, timers.o(.text.prvTimerTask))
<BR><BR>[Stack]<UL><LI>Max Depth = 128<LI>Call Chain = prvTimerTask &rArr; xQueueReceive &rArr; xTaskResumeAll &rArr; xTaskIncrementTick
</UL>
<BR>[Calls]<UL><LI><a href="#[12d]">&gt;&gt;</a>&nbsp;&nbsp;&nbsp;xQueueReceive
<LI><a href="#[138]">&gt;&gt;</a>&nbsp;&nbsp;&nbsp;uxListRemove
<LI><a href="#[139]">&gt;&gt;</a>&nbsp;&nbsp;&nbsp;vListInsert
<LI><a href="#[13e]">&gt;&gt;</a>&nbsp;&nbsp;&nbsp;vPortFree
<LI><a href="#[144]">&gt;&gt;</a>&nbsp;&nbsp;&nbsp;xTaskResumeAll
<LI><a href="#[143]">&gt;&gt;</a>&nbsp;&nbsp;&nbsp;vTaskSuspendAll
<LI><a href="#[12b]">&gt;&gt;</a>&nbsp;&nbsp;&nbsp;xTaskGetTickCount
<LI><a href="#[145]">&gt;&gt;</a>&nbsp;&nbsp;&nbsp;vQueueWaitForMessageRestricted
</UL>
<BR>[Address Reference Count : 1]<UL><LI> timers.o(.text.xTimerCreateTimerTask)
</UL>
<P><STRONG><a name="[9d]"></a>prvTaskExitError</STRONG> (Thumb, 68 bytes, Stack size 4 bytes, port.o(.text.prvTaskExitError))
<BR><BR>[Stack]<UL><LI>Max Depth = 4<LI>Call Chain = prvTaskExitError
</UL>
<BR>[Address Reference Count : 1]<UL><LI> port.o(.text.pxPortInitialiseStack)
</UL>
<P><STRONG><a name="[150]"></a>vPortEnableVFP</STRONG> (Thumb, 20 bytes, Stack size 0 bytes, port.o(.text.vPortEnableVFP))
<BR><BR>[Called By]<UL><LI><a href="#[14e]">&gt;&gt;</a>&nbsp;&nbsp;&nbsp;xPortStartScheduler
</UL>

<P><STRONG><a name="[151]"></a>prvPortStartFirstTask</STRONG> (Thumb, 40 bytes, Stack size 0 bytes, port.o(.text.prvPortStartFirstTask))
<BR><BR>[Called By]<UL><LI><a href="#[14e]">&gt;&gt;</a>&nbsp;&nbsp;&nbsp;xPortStartScheduler
</UL>

<P><STRONG><a name="[15b]"></a>_printf_core</STRONG> (Thumb, 748 bytes, Stack size 96 bytes, printf6.o(i._printf_core), UNUSED)
<BR><BR>[Calls]<UL><LI><a href="#[15f]">&gt;&gt;</a>&nbsp;&nbsp;&nbsp;_printf_pre_padding
<LI><a href="#[161]">&gt;&gt;</a>&nbsp;&nbsp;&nbsp;_printf_post_padding
<LI><a href="#[160]">&gt;&gt;</a>&nbsp;&nbsp;&nbsp;__aeabi_uidivmod
</UL>
<BR>[Called By]<UL><LI><a href="#[15c]">&gt;&gt;</a>&nbsp;&nbsp;&nbsp;__0snprintf$6
<LI><a href="#[15a]">&gt;&gt;</a>&nbsp;&nbsp;&nbsp;__0printf$6
</UL>

<P><STRONG><a name="[161]"></a>_printf_post_padding</STRONG> (Thumb, 36 bytes, Stack size 24 bytes, printf6.o(i._printf_post_padding), UNUSED)
<BR><BR>[Called By]<UL><LI><a href="#[15b]">&gt;&gt;</a>&nbsp;&nbsp;&nbsp;_printf_core
</UL>

<P><STRONG><a name="[15f]"></a>_printf_pre_padding</STRONG> (Thumb, 46 bytes, Stack size 24 bytes, printf6.o(i._printf_pre_padding), UNUSED)
<BR><BR>[Called By]<UL><LI><a href="#[15b]">&gt;&gt;</a>&nbsp;&nbsp;&nbsp;_printf_core
</UL>

<P><STRONG><a name="[a1]"></a>_snputc</STRONG> (Thumb, 22 bytes, Stack size 0 bytes, printf6.o(i._snputc))
<BR>[Address Reference Count : 1]<UL><LI> printf6.o(i.__0snprintf$6)
</UL>
<P><STRONG><a name="[95]"></a>_scanf_char_input</STRONG> (Thumb, 12 bytes, Stack size 0 bytes, scanf_char.o(.text))
<BR>[Address Reference Count : 1]<UL><LI> scanf_char.o(.text)
</UL>
<P><STRONG><a name="[b0]"></a>_local_sscanf</STRONG> (Thumb, 62 bytes, Stack size 64 bytes, strtod.o(.text))
<BR><BR>[Stack]<UL><LI>Max Depth = 168<LI>Call Chain = _local_sscanf &rArr; _scanf_real
</UL>
<BR>[Calls]<UL><LI><a href="#[b1]">&gt;&gt;</a>&nbsp;&nbsp;&nbsp;_scanf_real
</UL>
<BR>[Called By]<UL><LI><a href="#[b2]">&gt;&gt;</a>&nbsp;&nbsp;&nbsp;__strtod_int
</UL>

<P><STRONG><a name="[b9]"></a>_fp_value</STRONG> (Thumb, 296 bytes, Stack size 64 bytes, scanf_fp.o(.text), UNUSED)
<BR><BR>[Calls]<UL><LI><a href="#[ba]">&gt;&gt;</a>&nbsp;&nbsp;&nbsp;__aeabi_ul2d
<LI><a href="#[b3]">&gt;&gt;</a>&nbsp;&nbsp;&nbsp;__aeabi_dmul
<LI><a href="#[b5]">&gt;&gt;</a>&nbsp;&nbsp;&nbsp;__aeabi_ddiv
</UL>
<BR>[Called By]<UL><LI><a href="#[bb]">&gt;&gt;</a>&nbsp;&nbsp;&nbsp;_scanf_really_real
</UL>
<P>
<H3>
Undefined Global Symbols
</H3><HR></body></html>
